Component: ARM Compiler 5.06 update 6 (build 750) Tool: armlink [4d35ed]

==============================================================================

Section Cross References

    startup_stm32f103xb.o(RESET) refers to startup_stm32f103xb.o(STACK) for __initial_sp
    startup_stm32f103xb.o(RESET) refers to startup_stm32f103xb.o(.text) for Reset_Handler
    startup_stm32f103xb.o(RESET) refers to stm32f1xx_it.o(i.NMI_Handler) for NMI_Handler
    startup_stm32f103xb.o(RESET) refers to context_rvds.o(.text) for HardFault_Handler
    startup_stm32f103xb.o(RESET) refers to stm32f1xx_it.o(i.MemManage_Handler) for MemManage_Handler
    startup_stm32f103xb.o(RESET) refers to stm32f1xx_it.o(i.BusFault_Handler) for BusFault_Handler
    startup_stm32f103xb.o(RESET) refers to stm32f1xx_it.o(i.UsageFault_Handler) for UsageFault_Handler
    startup_stm32f103xb.o(RESET) refers to stm32f1xx_it.o(i.SVC_Handler) for SVC_Handler
    startup_stm32f103xb.o(RESET) refers to stm32f1xx_it.o(i.DebugMon_Handler) for DebugMon_Handler
    startup_stm32f103xb.o(RESET) refers to board.o(i.SysTick_Handler) for SysTick_Handler
    startup_stm32f103xb.o(RESET) refers to drv_usart.o(i.USART1_IRQHandler) for USART1_IRQHandler
    startup_stm32f103xb.o(.text) refers to system_stm32f1xx.o(i.SystemInit) for SystemInit
    startup_stm32f103xb.o(.text) refers to entry.o(.ARM.Collect$$$$00000000) for __main
    main.o(i.SystemClock_Config) refers to memseta.o(.text) for __aeabi_memclr4
    main.o(i.SystemClock_Config) refers to stm32f1xx_hal_rcc.o(i.HAL_RCC_OscConfig) for HAL_RCC_OscConfig
    main.o(i.SystemClock_Config) refers to stm32f1xx_hal_rcc.o(i.HAL_RCC_ClockConfig) for HAL_RCC_ClockConfig
    main.o(i.SystemClock_Config) refers to stm32f1xx_hal_rcc_ex.o(i.HAL_RCCEx_PeriphCLKConfig) for HAL_RCCEx_PeriphCLKConfig
    main.o(i.main) refers to stm32f1xx_hal.o(i.HAL_Init) for HAL_Init
    main.o(i.main) refers to main.o(i.SystemClock_Config) for SystemClock_Config
    main.o(i.main) refers to gpio.o(i.MX_GPIO_Init) for MX_GPIO_Init
    main.o(i.main) refers to adc.o(i.MX_ADC1_Init) for MX_ADC1_Init
    main.o(i.main) refers to usart.o(i.MX_USART1_UART_Init) for MX_USART1_UART_Init
    main.o(i.main) refers to app_rtthread.o(i.MX_RT_Thread_Init) for MX_RT_Thread_Init
    main.o(i.main) refers to app_rtthread.o(i.MX_RT_Thread_Process) for MX_RT_Thread_Process
    adc.o(i.HAL_ADC_MspDeInit) refers to stm32f1xx_hal_gpio.o(i.HAL_GPIO_DeInit) for HAL_GPIO_DeInit
    adc.o(i.HAL_ADC_MspInit) refers to stm32f1xx_hal_gpio.o(i.HAL_GPIO_Init) for HAL_GPIO_Init
    adc.o(i.MX_ADC1_Init) refers to stm32f1xx_hal_adc.o(i.HAL_ADC_Init) for HAL_ADC_Init
    adc.o(i.MX_ADC1_Init) refers to main.o(i.Error_Handler) for Error_Handler
    adc.o(i.MX_ADC1_Init) refers to stm32f1xx_hal_adc.o(i.HAL_ADC_ConfigChannel) for HAL_ADC_ConfigChannel
    adc.o(i.MX_ADC1_Init) refers to adc.o(.bss) for .bss
    app_rtthread.o(i.adc_m) refers to memseta.o(.text) for __aeabi_memclr4
    app_rtthread.o(i.adc_m) refers to stm32f1xx_hal_adc.o(i.HAL_ADC_Start) for HAL_ADC_Start
    app_rtthread.o(i.adc_m) refers to stm32f1xx_hal_adc.o(i.HAL_ADC_PollForConversion) for HAL_ADC_PollForConversion
    app_rtthread.o(i.adc_m) refers to stm32f1xx_hal_adc.o(i.HAL_ADC_GetValue) for HAL_ADC_GetValue
    app_rtthread.o(i.adc_m) refers to printf3.o(i.__0sprintf$3) for __2sprintf
    app_rtthread.o(i.adc_m) refers to stm32f1xx_hal_adc.o(i.HAL_ADC_Stop) for HAL_ADC_Stop
    app_rtthread.o(i.adc_m) refers to printf3.o(i.__0printf$3) for __2printf
    app_rtthread.o(i.adc_m) refers to adc.o(.bss) for hadc1
    app_rtthread.o(FSymTab) refers to app_rtthread.o(.constdata) for __fsym_adc_m_name
    app_rtthread.o(FSymTab) refers to app_rtthread.o(i.adc_m) for adc_m
    app_rtthread.o(FSymTab) refers to app_rtthread.o(.constdata) for __fsym___cmd_adc_m_name
    usart.o(i.HAL_UART_MspDeInit) refers to stm32f1xx_hal_gpio.o(i.HAL_GPIO_DeInit) for HAL_GPIO_DeInit
    usart.o(i.HAL_UART_MspDeInit) refers to stm32f1xx_hal_cortex.o(i.HAL_NVIC_DisableIRQ) for HAL_NVIC_DisableIRQ
    usart.o(i.HAL_UART_MspInit) refers to stm32f1xx_hal_gpio.o(i.HAL_GPIO_Init) for HAL_GPIO_Init
    usart.o(i.HAL_UART_MspInit) refers to stm32f1xx_hal_cortex.o(i.HAL_NVIC_SetPriority) for HAL_NVIC_SetPriority
    usart.o(i.HAL_UART_MspInit) refers to stm32f1xx_hal_cortex.o(i.HAL_NVIC_EnableIRQ) for HAL_NVIC_EnableIRQ
    usart.o(i.MX_USART1_UART_Init) refers to stm32f1xx_hal_uart.o(i.HAL_UART_Init) for HAL_UART_Init
    usart.o(i.MX_USART1_UART_Init) refers to main.o(i.Error_Handler) for Error_Handler
    usart.o(i.MX_USART1_UART_Init) refers to usart.o(.bss) for .bss
    usart.o(i.fputc) refers to stm32f1xx_hal_uart.o(i.HAL_UART_Transmit) for HAL_UART_Transmit
    usart.o(i.fputc) refers to usart.o(.bss) for .bss
    drv_usart.o(i.USART1_IRQHandler) refers to irq.o(i.rt_interrupt_enter) for rt_interrupt_enter
    drv_usart.o(i.USART1_IRQHandler) refers to drv_usart.o(i.uart_isr) for uart_isr
[...]
    rt_list_insert_before                    0x0800365f   Thumb Code    14  ipc.o(i.rt_list_insert_before)
    i.rt_list_len                            0x0800366c   Section        0  cmd.o(i.rt_list_len)
    rt_list_len                              0x0800366d   Thumb Code    18  cmd.o(i.rt_list_len)
    i.rt_list_remove                         0x0800367e   Section        0  object.o(i.rt_list_remove)
    rt_list_remove                           0x0800367f   Thumb Code    18  object.o(i.rt_list_remove)
    i.rt_list_remove                         0x08003690   Section        0  thread.o(i.rt_list_remove)
    rt_list_remove                           0x08003691   Thumb Code    18  thread.o(i.rt_list_remove)
    i.rt_malloc                              0x080036a4   Section        0  mem.o(i.rt_malloc)
    i.rt_memmove                             0x08003794   Section        0  kservice.o(i.rt_memmove)
    i.rt_memset                              0x080037c8   Section        0  kservice.o(i.rt_memset)
    i.rt_object_allocate                     0x0800380e   Section        0  object.o(i.rt_object_allocate)
    i.rt_object_delete                       0x08003862   Section        0  object.o(i.rt_object_delete)
    i.rt_object_detach                       0x0800388a   Section        0  object.o(i.rt_object_detach)
    i.rt_object_get_information              0x080038ac   Section        0  object.o(i.rt_object_get_information)
    i.rt_object_init                         0x080038d0   Section        0  object.o(i.rt_object_init)
    i.rt_object_is_systemobject              0x0800390e   Section        0  object.o(i.rt_object_is_systemobject)
    i.rt_schedule                            0x08003920   Section        0  scheduler.o(i.rt_schedule)
    i.rt_schedule_insert_thread              0x08003978   Section        0  scheduler.o(i.rt_schedule_insert_thread)
    i.rt_schedule_remove_thread              0x080039c8   Section        0  scheduler.o(i.rt_schedule_remove_thread)
    i.rt_sem_init                            0x08003a10   Section        0  ipc.o(i.rt_sem_init)
    i.rt_sem_release                         0x08003a36   Section        0  ipc.o(i.rt_sem_release)
    i.rt_sem_take                            0x08003a6c   Section        0  ipc.o(i.rt_sem_take)
    i.rt_serial_close                        0x08003b1e   Section        0  serial.o(i.rt_serial_close)
    rt_serial_close                          0x08003b1f   Thumb Code    92  serial.o(i.rt_serial_close)
    i.rt_serial_control                      0x08003b7a   Section        0  serial.o(i.rt_serial_control)
    rt_serial_control                        0x08003b7b   Thumb Code   100  serial.o(i.rt_serial_control)
    i.rt_serial_init                         0x08003bde   Section        0  serial.o(i.rt_serial_init)
    rt_serial_init                           0x08003bdf   Thumb Code    26  serial.o(i.rt_serial_init)
    i.rt_serial_open                         0x08003bf8   Section        0  serial.o(i.rt_serial_open)
    rt_serial_open                           0x08003bf9   Thumb Code   214  serial.o(i.rt_serial_open)
    i.rt_serial_read                         0x08003cd0   Section        0  serial.o(i.rt_serial_read)
    rt_serial_read                           0x08003cd1   Thumb Code   114  serial.o(i.rt_serial_read)
    i.rt_serial_write                        0x08003d42   Section        0  serial.o(i.rt_serial_write)
    rt_serial_write                          0x08003d43   Thumb Code    68  serial.o(i.rt_serial_write)
    i.rt_set_errno                           0x08003d88   Section        0  kservice.o(i.rt_set_errno)
    i.rt_show_version                        0x08003da8   Section        0  kservice.o(i.rt_show_version)
    i.rt_strlen                              0x08003e58   Section        0  kservice.o(i.rt_strlen)
    i.rt_strncmp                             0x08003e68   Section        0  kservice.o(i.rt_strncmp)
    i.rt_strncpy                             0x08003e88   Section        0  kservice.o(i.rt_strncpy)
    i.rt_system_heap_init                    0x08003eb0   Section        0  mem.o(i.rt_system_heap_init)
    i.rt_system_scheduler_init               0x08003f5c   Section        0  scheduler.o(i.rt_system_scheduler_init)
    i.rt_system_scheduler_start              0x08003f90   Section        0  scheduler.o(i.rt_system_scheduler_start)
    i.rt_system_timer_init                   0x08003fb8   Section        0  timer.o(i.rt_system_timer_init)
    i.rt_system_timer_thread_init            0x08003fc4   Section        0  timer.o(i.rt_system_timer_thread_init)
    i.rt_thread_create                       0x08003fc6   Section        0  thread.o(i.rt_thread_create)
    i.rt_thread_exit                         0x08004010   Section        0  thread.o(i.rt_thread_exit)
    i.rt_thread_idle_entry                   0x08004068   Section        0  idle.o(i.rt_thread_idle_entry)
    rt_thread_idle_entry                     0x08004069   Thumb Code     6  idle.o(i.rt_thread_idle_entry)
    i.rt_thread_idle_excute                  0x08004070   Section        0  idle.o(i.rt_thread_idle_excute)
    i.rt_thread_idle_init                    0x080040e4   Section        0  idle.o(i.rt_thread_idle_init)
    i.rt_thread_init                         0x0800411c   Section        0  thread.o(i.rt_thread_init)
    i.rt_thread_resume                       0x0800414c   Section        0  thread.o(i.rt_thread_resume)
    i.rt_thread_self                         0x08004188   Section        0  thread.o(i.rt_thread_self)
    i.rt_thread_startup                      0x08004194   Section        0  thread.o(i.rt_thread_startup)
    i.rt_thread_suspend                      0x080041c0   Section        0  thread.o(i.rt_thread_suspend)
    i.rt_thread_timeout                      0x08004202   Section        0  thread.o(i.rt_thread_timeout)
    i.rt_thread_yield                        0x08004224   Section        0  thread.o(i.rt_thread_yield)
    i.rt_tick_get                            0x08004284   Section        0  clock.o(i.rt_tick_get)
    i.rt_tick_increase                       0x08004290   Section        0  clock.o(i.rt_tick_increase)
    i.rt_timer_check                         0x080042bc   Section        0  timer.o(i.rt_timer_check)
    i.rt_timer_control                       0x08004328   Section        0  timer.o(i.rt_timer_control)
    i.rt_timer_detach                        0x0800435c   Section        0  timer.o(i.rt_timer_detach)
    i.rt_timer_init                          0x0800437c   Section        0  timer.o(i.rt_timer_init)
    i.rt_timer_start                         0x080043a4   Section        0  timer.o(i.rt_timer_start)
    i.rt_timer_stop                          0x08004438   Section        0  timer.o(i.rt_timer_stop)
    i.rt_vsnprintf                           0x0800446c   Section        0  kservice.o(i.rt_vsnprintf)
    i.rti_board_end                          0x080046e0   Section        0  components.o(i.rti_board_end)
    rti_board_end                            0x080046e1   Thumb Code     4  components.o(i.rti_board_end)
    i.rti_board_start                        0x080046e4   Section        0  components.o(i.rti_board_start)
    rti_board_start                          0x080046e5   Thumb Code     4  components.o(i.rti_board_start)
    i.rti_end                                0x080046e8   Section        0  components.o(i.rti_end)
    rti_end                                  0x080046e9   Thumb Code     4  components.o(i.rti_end)
    i.rti_start                              0x080046ec   Section        0  components.o(i.rti_start)
    rti_start                                0x080046ed   Thumb Code     4  components.o(i.rti_start)
    i.rtthread_startup                       0x080046f0   Section        0  components.o(i.rtthread_startup)
    i.skip_atoi                              0x0800471a   Section        0  kservice.o(i.skip_atoi)
    skip_atoi                                0x0800471b   Thumb Code    40  kservice.o(i.skip_atoi)
    i.stm32_configure                        0x08004742   Section        0  drv_usart.o(i.stm32_configure)
    stm32_configure                          0x08004743   Thumb Code   116  drv_usart.o(i.stm32_configure)
    i.stm32_control                          0x080047b6   Section        0  drv_usart.o(i.stm32_control)
    stm32_control                            0x080047b7   Thumb Code    84  drv_usart.o(i.stm32_control)
    i.stm32_getc                             0x0800480a   Section        0  drv_usart.o(i.stm32_getc)
    stm32_getc                               0x0800480b   Thumb Code    22  drv_usart.o(i.stm32_getc)
    i.stm32_putc                             0x08004820   Section        0  drv_usart.o(i.stm32_putc)
    stm32_putc                               0x08004821   Thumb Code    28  drv_usart.o(i.stm32_putc)
    i.uart_isr                               0x0800483c   Section        0  drv_usart.o(i.uart_isr)
    uart_isr                                 0x0800483d   Thumb Code   166  drv_usart.o(i.uart_isr)
    i.usage_fault_track                      0x080048e4   Section        0  cpuport.o(i.usage_fault_track)
    usage_fault_track                        0x080048e5   Thumb Code   100  cpuport.o(i.usage_fault_track)
    i.version                                0x080049b4   Section        0  cmd.o(i.version)
    .constdata                               0x080049be   Section        6  app_rtthread.o(.constdata)
    .constdata                               0x080049c4   Section       12  app_rtthread.o(.constdata)
    .constdata                               0x080049d0   Section       24  drv_usart.o(.constdata)
    stm32_uart_ops                           0x080049d8   Data          16  drv_usart.o(.constdata)
    .constdata                               0x080049e8   Section       16  system_stm32f1xx.o(.constdata)
    .constdata                               0x080049f8   Section        8  system_stm32f1xx.o(.constdata)
    .constdata                               0x08004a00   Section        6  cmd.o(.constdata)
    .constdata                               0x08004a06   Section        8  cmd.o(.constdata)
    .constdata                               0x08004a0e   Section       14  cmd.o(.constdata)
    .constdata                               0x08004a1c   Section       12  cmd.o(.constdata)
    .constdata                               0x08004a28   Section       18  cmd.o(.constdata)
    .constdata                               0x08004a3a   Section        9  cmd.o(.constdata)
    .constdata                               0x08004a43   Section       15  cmd.o(.constdata)
    .constdata                               0x08004a52   Section       11  cmd.o(.constdata)
    .constdata                               0x08004a5d   Section       17  cmd.o(.constdata)
    .constdata                               0x08004a6e   Section       12  cmd.o(.constdata)
    .constdata                               0x08004a7a   Section       18  cmd.o(.constdata)
    .constdata                               0x08004a8c   Section        5  cmd.o(.constdata)
    .constdata                               0x08004a94   Section       80  cmd.o(.constdata)
    .constdata                               0x08004ae4   Section       11  msh.o(.constdata)
    .constdata                               0x08004aef   Section        9  msh_cmd.o(.constdata)
    .constdata                               0x08004af8   Section       11  msh_cmd.o(.constdata)
    .constdata                               0x08004b03   Section       11  msh_cmd.o(.constdata)
    .constdata                               0x08004b0e   Section      290  kservice.o(.constdata)
    small_digits                             0x08004c0e   Data          17  kservice.o(.constdata)
    large_digits                             0x08004c1f   Data          17  kservice.o(.constdata)
    .constdata                               0x08004c30   Section        9  mem.o(.constdata)
    .conststring                             0x08004c3c   Section        6  drv_usart.o(.conststring)
    .conststring                             0x08004c44   Section      349  cmd.o(.conststring)
    .rti_fn.0                                0x08004da4   Section        4  components.o(.rti_fn.0)
    __tagsym$$used                           0x08004da4   Number         0  components.o(.rti_fn.0)
    .rti_fn.0.end                            0x08004da8   Section        4  components.o(.rti_fn.0.end)
    __tagsym$$used                           0x08004da8   Number         0  components.o(.rti_fn.0.end)
    .rti_fn.1.end                            0x08004dac   Section        4  components.o(.rti_fn.1.end)
    __tagsym$$used                           0x08004dac   Number         0  components.o(.rti_fn.1.end)
    .rti_fn.6                                0x08004db0   Section        4  shell.o(.rti_fn.6)
    __tagsym$$used                           0x08004db0   Number         0  shell.o(.rti_fn.6)
    .rti_fn.6.end                            0x08004db4   Section        4  components.o(.rti_fn.6.end)
    __tagsym$$used                           0x08004db4   Number         0  components.o(.rti_fn.6.end)
    FSymTab                                  0x08004db8   Section       16  app_rtthread.o(FSymTab)
    __tagsym$$used                           0x08004db8   Number         0  app_rtthread.o(FSymTab)
    __tagsym$$used                           0x08004dc0   Number         0  app_rtthread.o(FSymTab)
    FSymTab                                  0x08004dc8   Section       96  cmd.o(FSymTab)
    __tagsym$$used                           0x08004dc8   Number         0  cmd.o(FSymTab)
    __tagsym$$used                           0x08004dd0   Number         0  cmd.o(FSymTab)
    __tagsym$$used                           0x08004dd8   Number         0  cmd.o(FSymTab)
    __tagsym$$used                           0x08004de0   Number         0  cmd.o(FSymTab)
    __tagsym$$used                           0x08004de8   Number         0  cmd.o(FSymTab)
    __tagsym$$used                           0x08004df0   Number         0  cmd.o(FSymTab)
    __tagsym$$used                           0x08004df8   Number         0  cmd.o(FSymTab)
    __tagsym$$used                           0x08004e00   Number         0  cmd.o(FSymTab)
    __tagsym$$used                           0x08004e08   Number         0  cmd.o(FSymTab)
    __tagsym$$used                           0x08004e10   Number         0  cmd.o(FSymTab)
    __tagsym$$used                           0x08004e18   Number         0  cmd.o(FSymTab)
    __tagsym$$used                           0x08004e20   Number         0  cmd.o(FSymTab)
    FSymTab                                  0x08004e28   Section        8  msh.o(FSymTab)
    __tagsym$$used                           0x08004e28   Number         0  msh.o(FSymTab)
    FSymTab                                  0x08004e30   Section       24  msh_cmd.o(FSymTab)
    __tagsym$$used                           0x08004e30   Number         0  msh_cmd.o(FSymTab)
    __tagsym$$used                           0x08004e38   Number         0  msh_cmd.o(FSymTab)
    __tagsym$$used                           0x08004e40   Number         0  msh_cmd.o(FSymTab)
    FSymTab                                  0x08004e48   Section        8  mem.o(FSymTab)
    __tagsym$$used                           0x08004e48   Number         0  mem.o(FSymTab)
    .data                                    0x20000000   Section       16  drv_usart.o(.data)
    uart_config                              0x20000000   Data          16  drv_usart.o(.data)
    .data                                    0x20000010   Section       12  stm32f1xx_hal.o(.data)
    .data                                    0x2000001c   Section        4  system_stm32f1xx.o(.data)
    .data                                    0x20000020   Section        8  shell.o(.data)
    finsh_prompt_custom                      0x20000020   Data           4  shell.o(.data)
    .data                                    0x20000028   Section        4  symbol.o(.data)
    .data                                    0x2000002c   Section        4  symbol.o(.data)
    .data                                    0x20000030   Section        4  clock.o(.data)
    rt_tick                                  0x20000030   Data           4  clock.o(.data)
    .data                                    0x20000034   Section        1  irq.o(.data)
    .data                                    0x20000038   Section        8  kservice.o(.data)
    _console_device                          0x20000038   Data           4  kservice.o(.data)
    __rt_errno                               0x2000003c   Data           4  kservice.o(.data)
    .data                                    0x20000040   Section       24  mem.o(.data)
    heap_ptr                                 0x20000040   Data           4  mem.o(.data)
    heap_end                                 0x20000044   Data           4  mem.o(.data)
    lfree                                    0x20000048   Data           4  mem.o(.data)
    mem_size_aligned                         0x2000004c   Data           4  mem.o(.data)
    used_mem                                 0x20000050   Data           4  mem.o(.data)
    max_mem                                  0x20000054   Data           4  mem.o(.data)
    .data                                    0x20000058   Section       64  object.o(.data)
    rt_object_container                      0x20000058   Data          64  object.o(.data)
    .data                                    0x20000098   Section       20  scheduler.o(.data)
    rt_scheduler_lock_nest                   0x2000009a   Data           2  scheduler.o(.data)
    .data                                    0x200000ac   Section       12  timer.o(.data)
    random_nr                                0x200000ac   Data           4  timer.o(.data)
    rt_timer_list                            0x200000b0   Data           8  timer.o(.data)
    .data                                    0x200000b8   Section        4  cpuport.o(.data)
    rt_exception_hook                        0x200000b8   Data           4  cpuport.o(.data)
    .data                                    0x200000bc   Section        4  cpuport.o(.data)
    .data                                    0x200000c0   Section        4  cpuport.o(.data)
    .data                                    0x200000c4   Section        4  cpuport.o(.data)
    .data                                    0x200000c8   Section        4  stdout.o(.data)
    .bss                                     0x200000cc   Section       48  adc.o(.bss)
    .bss                                     0x200000fc   Section       64  usart.o(.bss)
    .bss                                     0x2000013c   Section      180  drv_usart.o(.bss)
    uart_obj                                 0x2000013c   Data         180  drv_usart.o(.bss)
    .bss                                     0x200001f0   Section      129  shell.o(.bss)
    finsh_prompt                             0x200001f0   Data         129  shell.o(.bss)
    .bss                                     0x20000274   Section     6144  board.o(.bss)
    rt_heap                                  0x20000274   Data        6144  board.o(.bss)
    .bss                                     0x20001a74   Section      424  idle.o(.bss)
    idle                                     0x20001a74   Data         168  idle.o(.bss)
    rt_thread_stack                          0x20001b1c   Data         256  idle.o(.bss)
    .bss                                     0x20001c1c   Section      128  kservice.o(.bss)
    rt_log_buf                               0x20001c1c   Data         128  kservice.o(.bss)
    .bss                                     0x20001c9c   Section       56  mem.o(.bss)
    heap_sem                                 0x20001c9c   Data          56  mem.o(.bss)
    .bss                                     0x20001cd4   Section      256  scheduler.o(.bss)
    STACK                                    0x20001dd8   Section     1024  startup_stm32f103xb.o(STACK)

    Global Symbols

    Symbol Name                              Value     Ov Type        Size  Object(Section)

    BuildAttributes$$THM_ISAv4$P$D$K$B$S$PE$A:L22UL41UL21$X:L11$S22US41US21$IEEE1$IW$USESV6$~STKCKD$USESV7$~SHL$OSPACE$ROPI$EBA8$MICROLIB$REQ8$PRES8$EABIv2 0x00000000   Number         0  anon$$obj.o ABSOLUTE
    __ARM_use_no_argv                        0x00000000   Number         0  main.o ABSOLUTE
    _printf_a                                0x00000000   Number         0  stubs.o ABSOLUTE
    _printf_c                                0x00000000   Number         0  stubs.o ABSOLUTE
    _printf_charcount                        0x00000000   Number         0  stubs.o ABSOLUTE
    _printf_d                                0x00000000   Number         0  stubs.o ABSOLUTE
    _printf_e                                0x00000000   Number         0  stubs.o ABSOLUTE
    _printf_f                                0x00000000   Number         0  stubs.o ABSOLUTE
    _printf_flags                            0x00000000   Number         0  stubs.o ABSOLUTE
    _printf_fp_dec                           0x00000000   Number         0  stubs.o ABSOLUTE
    _printf_fp_hex                           0x00000000   Number         0  stubs.o ABSOLUTE
    _printf_g                                0x00000000   Number         0  stubs.o ABSOLUTE
    _printf_i                                0x00000000   Number         0  stubs.o ABSOLUTE
    _printf_int_dec                          0x00000000   Number         0  stubs.o ABSOLUTE
    _printf_l                                0x00000000   Number         0  stubs.o ABSOLUTE
    _printf_lc                               0x00000000   Number         0  stubs.o ABSOLUTE
    _printf_ll                               0x00000000   Number         0  stubs.o ABSOLUTE
    _printf_lld                              0x00000000   Number         0  stubs.o ABSOLUTE
    _printf_lli                              0x00000000   Number         0  stubs.o ABSOLUTE
    _printf_llo                              0x00000000   Number         0  stubs.o ABSOLUTE
    _printf_llu                              0x00000000   Number         0  stubs.o ABSOLUTE
    _printf_llx                              0x00000000   Number         0  stubs.o ABSOLUTE
    _printf_longlong_dec                     0x00000000   Number         0  stubs.o ABSOLUTE
    _printf_longlong_hex                     0x00000000   Number         0  stubs.o ABSOLUTE
    _printf_longlong_oct                     0x00000000   Number         0  stubs.o ABSOLUTE
    _printf_ls                               0x00000000   Number         0  stubs.o ABSOLUTE
    _printf_mbtowc                           0x00000000   Number         0  stubs.o ABSOLUTE
    _printf_n                                0x00000000   Number         0  stubs.o ABSOLUTE
    _printf_o                                0x00000000   Number         0  stubs.o ABSOLUTE
    _printf_p                                0x00000000   Number         0  stubs.o ABSOLUTE
    _printf_percent                          0x00000000   Number         0  stubs.o ABSOLUTE
    _printf_pre_padding                      0x00000000   Number         0  stubs.o ABSOLUTE
    _printf_return_value                     0x00000000   Number         0  stubs.o ABSOLUTE
    _printf_s                                0x00000000   Number         0  stubs.o ABSOLUTE
    _printf_sizespec                         0x00000000   Number         0  stubs.o ABSOLUTE
    _printf_str                              0x00000000   Number         0  stubs.o ABSOLUTE
    _printf_truncate_signed                  0x00000000   Number         0  stubs.o ABSOLUTE
    _printf_truncate_unsigned                0x00000000   Number         0  stubs.o ABSOLUTE
    _printf_u                                0x00000000   Number         0  stubs.o ABSOLUTE
    _printf_wc                               0x00000000   Number         0  stubs.o ABSOLUTE
    _printf_wctomb                           0x00000000   Number         0  stubs.o ABSOLUTE
    _printf_widthprec                        0x00000000   Number         0  stubs.o ABSOLUTE
    _printf_x                                0x00000000   Number         0  stubs.o ABSOLUTE
    __cpp_initialize__aeabi_                  - Undefined Weak Reference
    __cxa_finalize                            - Undefined Weak Reference
    __decompress                              - Undefined Weak Reference
    _clock_init                               - Undefined Weak Reference
    _microlib_exit                            - Undefined Weak Reference
    __Vectors_Size                           0x000000ec   Number         0  startup_stm32f103xb.o ABSOLUTE
    __Vectors                                0x08000000   Data           4  startup_stm32f103xb.o(RESET)
    __Vectors_End                            0x080000ec   Data           0  startup_stm32f103xb.o(RESET)
    __main                                   0x080000ed   Thumb Code     0  entry.o(.ARM.Collect$$$$00000000)
    _main_stk                                0x080000ed   Thumb Code     0  entry2.o(.ARM.Collect$$$$00000001)
    _main_scatterload                        0x080000f1   Thumb Code     0  entry5.o(.ARM.Collect$$$$00000004)
    __main_after_scatterload                 0x080000f5   Thumb Code     0  entry5.o(.ARM.Collect$$$$00000004)
    _main_clock                              0x080000f5   Thumb Code     0  entry7b.o(.ARM.Collect$$$$00000008)
    _main_cpp_init                           0x080000f5   Thumb Code     0  entry8b.o(.ARM.Collect$$$$0000000A)
    _main_init                               0x080000f5   Thumb Code     0  entry9a.o(.ARM.Collect$$$$0000000B)
    __rt_final_cpp                           0x080000fd   Thumb Code     0  entry10a.o(.ARM.Collect$$$$0000000D)
    __rt_final_exit                          0x080000fd   Thumb Code     0  entry11a.o(.ARM.Collect$$$$0000000F)
    Reset_Handler                            0x08000101   Thumb Code     8  startup_stm32f103xb.o(.text)
    ADC1_2_IRQHandler                        0x0800011b   Thumb Code     0  startup_stm32f103xb.o(.text)
    CAN1_RX1_IRQHandler                      0x0800011b   Thumb Code     0  startup_stm32f103xb.o(.text)
    CAN1_SCE_IRQHandler                      0x0800011b   Thumb Code     0  startup_stm32f103xb.o(.text)
    DMA1_Channel1_IRQHandler                 0x0800011b   Thumb Code     0  startup_stm32f103xb.o(.text)
    DMA1_Channel2_IRQHandler                 0x0800011b   Thumb Code     0  startup_stm32f103xb.o(.text)
    DMA1_Channel3_IRQHandler                 0x0800011b   Thumb Code     0  startup_stm32f103xb.o(.text)
    DMA1_Channel4_IRQHandler                 0x0800011b   Thumb Code     0  startup_stm32f103xb.o(.text)
    DMA1_Channel5_IRQHandler                 0x0800011b   Thumb Code     0  startup_stm32f103xb.o(.text)
    DMA1_Channel6_IRQHandler                 0x0800011b   Thumb Code     0  startup_stm32f103xb.o(.text)
    DMA1_Channel7_IRQHandler                 0x0800011b   Thumb Code     0  startup_stm32f103xb.o(.text)
    EXTI0_IRQHandler                         0x0800011b   Thumb Code     0  startup_stm32f103xb.o(.text)
    EXTI15_10_IRQHandler                     0x0800011b   Thumb Code     0  startup_stm32f103xb.o(.text)
    EXTI1_IRQHandler                         0x0800011b   Thumb Code     0  startup_stm32f103xb.o(.text)
    EXTI2_IRQHandler                         0x0800011b   Thumb Code     0  startup_stm32f103xb.o(.text)
    EXTI3_IRQHandler                         0x0800011b   Thumb Code     0  startup_stm32f103xb.o(.text)
    EXTI4_IRQHandler                         0x0800011b   Thumb Code     0  startup_stm32f103xb.o(.text)
    EXTI9_5_IRQHandler                       0x0800011b   Thumb Code     0  startup_stm32f103xb.o(.text)
    FLASH_IRQHandler                         0x0800011b   Thumb Code     0  startup_stm32f103xb.o(.text)
    I2C1_ER_IRQHandler                       0x0800011b   Thumb Code     0  startup_stm32f103xb.o(.text)
    I2C1_EV_IRQHandler                       0x0800011b   Thumb Code     0  startup_stm32f103xb.o(.text)
    I2C2_ER_IRQHandler                       0x0800011b   Thumb Code     0  startup_stm32f103xb.o(.text)
    I2C2_EV_IRQHandler                       0x0800011b   Thumb Code     0  startup_stm32f103xb.o(.text)
    PVD_IRQHandler                           0x0800011b   Thumb Code     0  startup_stm32f103xb.o(.text)
    RCC_IRQHandler                           0x0800011b   Thumb Code     0  startup_stm32f103xb.o(.text)
    RTC_Alarm_IRQHandler                     0x0800011b   Thumb Code     0  startup_stm32f103xb.o(.text)
    RTC_IRQHandler                           0x0800011b   Thumb Code     0  startup_stm32f103xb.o(.text)
    SPI1_IRQHandler                          0x0800011b   Thumb Code     0  startup_stm32f103xb.o(.text)
    SPI2_IRQHandler                          0x0800011b   Thumb Code     0  startup_stm32f103xb.o(.text)
    TAMPER_IRQHandler                        0x0800011b   Thumb Code     0  startup_stm32f103xb.o(.text)
    TIM1_BRK_IRQHandler                      0x0800011b   Thumb Code     0  startup_stm32f103xb.o(.text)
    TIM1_CC_IRQHandler                       0x0800011b   Thumb Code     0  startup_stm32f103xb.o(.text)
    TIM1_TRG_COM_IRQHandler                  0x0800011b   Thumb Code     0  startup_stm32f103xb.o(.text)
    TIM1_UP_IRQHandler                       0x0800011b   Thumb Code     0  startup_stm32f103xb.o(.text)
    TIM2_IRQHandler                          0x0800011b   Thumb Code     0  startup_stm32f103xb.o(.text)
    TIM3_IRQHandler                          0x0800011b   Thumb Code     0  startup_stm32f103xb.o(.text)
    TIM4_IRQHandler                          0x0800011b   Thumb Code     0  startup_stm32f103xb.o(.text)
    USART2_IRQHandler                        0x0800011b   Thumb Code     0  startup_stm32f103xb.o(.text)
    USART3_IRQHandler                        0x0800011b   Thumb Code     0  startup_stm32f103xb.o(.text)
    USBWakeUp_IRQHandler                     0x0800011b   Thumb Code     0  startup_stm32f103xb.o(.text)
    USB_HP_CAN1_TX_IRQHandler                0x0800011b   Thumb Code     0  startup_stm32f103xb.o(.text)
    USB_LP_CAN1_RX0_IRQHandler               0x0800011b   Thumb Code     0  startup_stm32f103xb.o(.text)
    WWDG_IRQHandler                          0x0800011b   Thumb Code     0  startup_stm32f103xb.o(.text)
    rt_hw_interrupt_disable                  0x08000125   Thumb Code     8  context_rvds.o(.text)
    rt_hw_interrupt_enable                   0x0800012d   Thumb Code     6  context_rvds.o(.text)
    rt_hw_context_switch                     0x08000133   Thumb Code    32  context_rvds.o(.text)
    rt_hw_context_switch_interrupt           0x08000133   Thumb Code     0  context_rvds.o(.text)
    PendSV_Handler                           0x08000153   Thumb Code    60  context_rvds.o(.text)
    rt_hw_context_switch_to                  0x0800018f   Thumb Code    58  context_rvds.o(.text)
    rt_hw_interrupt_thread_switch            0x080001c9   Thumb Code     2  context_rvds.o(.text)
    HardFault_Handler                        0x080001cb   Thumb Code    52  context_rvds.o(.text)
    __aeabi_memcpy                           0x08000219   Thumb Code    36  memcpya.o(.text)
    __aeabi_memcpy4                          0x08000219   Thumb Code     0  memcpya.o(.text)
    __aeabi_memcpy8                          0x08000219   Thumb Code     0  memcpya.o(.text)
    __aeabi_memset                           0x0800023d   Thumb Code    14  memseta.o(.text)
    __aeabi_memset4                          0x0800023d   Thumb Code     0  memseta.o(.text)
    __aeabi_memset8                          0x0800023d   Thumb Code     0  memseta.o(.text)
    __aeabi_memclr                           0x0800024b   Thumb Code     4  memseta.o(.text)
    __aeabi_memclr4                          0x0800024b   Thumb Code     0  memseta.o(.text)
    __aeabi_memclr8                          0x0800024b   Thumb Code     0  memseta.o(.text)
    _memset$wrapper                          0x0800024f   Thumb Code    18  memseta.o(.text)
    strcat                                   0x08000261   Thumb Code    24  strcat.o(.text)
    strncpy                                  0x08000279   Thumb Code    24  strncpy.o(.text)
    strlen                                   0x08000291   Thumb Code    14  strlen.o(.text)
    strcpy                                   0x0800029f   Thumb Code    18  strcpy.o(.text)
    strncmp                                  0x080002b1   Thumb Code    30  strncmp.o(.text)
    __aeabi_uidiv                            0x080002cf   Thumb Code     0  uidiv.o(.text)
    __aeabi_uidivmod                         0x080002cf   Thumb Code    44  uidiv.o(.text)
    __scatterload                            0x080002fd   Thumb Code    28  init.o(.text)
    __scatterload_rt2                        0x080002fd   Thumb Code     0  init.o(.text)
    main                                     0x08000321   Thumb Code    14  components.o(i.$Sub$$main)
    ADC_ConversionStop_Disable               0x08000331   Thumb Code    76  stm32f1xx_hal_adc.o(i.ADC_ConversionStop_Disable)
    ADC_Enable                               0x0800037d   Thumb Code   104  stm32f1xx_hal_adc.o(i.ADC_Enable)
    BusFault_Handler                         0x080003ed   Thumb Code     2  stm32f1xx_it.o(i.BusFault_Handler)
    DebugMon_Handler                         0x080003ef   Thumb Code     2  stm32f1xx_it.o(i.DebugMon_Handler)
    Error_Handler                            0x080003f1   Thumb Code     2  main.o(i.Error_Handler)
    HAL_ADC_ConfigChannel                    0x080003f5   Thumb Code   240  stm32f1xx_hal_adc.o(i.HAL_ADC_ConfigChannel)
    HAL_ADC_GetValue                         0x080004f1   Thumb Code     6  stm32f1xx_hal_adc.o(i.HAL_ADC_GetValue)
    HAL_ADC_Init                             0x080004f9   Thumb Code   272  stm32f1xx_hal_adc.o(i.HAL_ADC_Init)
    HAL_ADC_MspInit                          0x08000615   Thumb Code   104  adc.o(i.HAL_ADC_MspInit)
    HAL_ADC_PollForConversion                0x0800068d   Thumb Code   290  stm32f1xx_hal_adc.o(i.HAL_ADC_PollForConversion)
    HAL_ADC_Start                            0x080007bd   Thumb Code   184  stm32f1xx_hal_adc.o(i.HAL_ADC_Start)
    HAL_ADC_Stop                             0x0800087d   Thumb Code    52  stm32f1xx_hal_adc.o(i.HAL_ADC_Stop)
    HAL_GPIO_Init                            0x080008b1   Thumb Code   408  stm32f1xx_hal_gpio.o(i.HAL_GPIO_Init)
    HAL_GetTick                              0x08000a6d   Thumb Code     6  stm32f1xx_hal.o(i.HAL_GetTick)
    HAL_Init                                 0x08000a79   Thumb Code    32  stm32f1xx_hal.o(i.HAL_Init)
    HAL_InitTick                             0x08000a9d   Thumb Code    54  stm32f1xx_hal.o(i.HAL_InitTick)
    HAL_MspInit                              0x08000add   Thumb Code    52  stm32f1xx_hal_msp.o(i.HAL_MspInit)
    HAL_NVIC_EnableIRQ                       0x08000b19   Thumb Code    22  stm32f1xx_hal_cortex.o(i.HAL_NVIC_EnableIRQ)
    HAL_NVIC_SetPriority                     0x08000b31   Thumb Code    60  stm32f1xx_hal_cortex.o(i.HAL_NVIC_SetPriority)
    HAL_NVIC_SetPriorityGrouping             0x08000b71   Thumb Code    26  stm32f1xx_hal_cortex.o(i.HAL_NVIC_SetPriorityGrouping)
    HAL_RCCEx_GetPeriphCLKFreq               0x08000b95   Thumb Code   166  stm32f1xx_hal_rcc_ex.o(i.HAL_RCCEx_GetPeriphCLKFreq)
    HAL_RCCEx_PeriphCLKConfig                0x08000c5d   Thumb Code   224  stm32f1xx_hal_rcc_ex.o(i.HAL_RCCEx_PeriphCLKConfig)
    HAL_RCC_ClockConfig                      0x08000d49   Thumb Code   346  stm32f1xx_hal_rcc.o(i.HAL_RCC_ClockConfig)
    HAL_RCC_GetPCLK1Freq                     0x08000eb5   Thumb Code    20  stm32f1xx_hal_rcc.o(i.HAL_RCC_GetPCLK1Freq)
    HAL_RCC_GetPCLK2Freq                     0x08000ed5   Thumb Code    20  stm32f1xx_hal_rcc.o(i.HAL_RCC_GetPCLK2Freq)
    HAL_RCC_GetSysClockFreq                  0x08000ef5   Thumb Code    74  stm32f1xx_hal_rcc.o(i.HAL_RCC_GetSysClockFreq)
    HAL_RCC_OscConfig                        0x08000f61   Thumb Code   750  stm32f1xx_hal_rcc.o(i.HAL_RCC_OscConfig)
    HAL_SYSTICK_Config                       0x08001265   Thumb Code    40  stm32f1xx_hal_cortex.o(i.HAL_SYSTICK_Config)
    HAL_UART_Init                            0x0800128d   Thumb Code    98  stm32f1xx_hal_uart.o(i.HAL_UART_Init)
    HAL_UART_MspInit                         0x080012f1   Thumb Code   116  usart.o(i.HAL_UART_MspInit)
    HAL_UART_Transmit                        0x08001371   Thumb Code   186  stm32f1xx_hal_uart.o(i.HAL_UART_Transmit)
    MX_ADC1_Init                             0x0800142d   Thumb Code   252  adc.o(i.MX_ADC1_Init)
    MX_GPIO_Init                             0x08001531   Thumb Code    54  gpio.o(i.MX_GPIO_Init)
    MX_RT_Thread_Init                        0x0800156d   Thumb Code     2  app_rtthread.o(i.MX_RT_Thread_Init)
    MX_RT_Thread_Process                     0x0800156f   Thumb Code     2  app_rtthread.o(i.MX_RT_Thread_Process)
    MX_USART1_UART_Init                      0x08001571   Thumb Code    48  usart.o(i.MX_USART1_UART_Init)
    MemManage_Handler                        0x080015a9   Thumb Code     2  stm32f1xx_it.o(i.MemManage_Handler)
    NMI_Handler                              0x080015ab   Thumb Code     2  stm32f1xx_it.o(i.NMI_Handler)
    SVC_Handler                              0x080015cd   Thumb Code     2  stm32f1xx_it.o(i.SVC_Handler)
    SysTick_Handler                          0x080015cf   Thumb Code    18  board.o(i.SysTick_Handler)
    SystemClock_Config                       0x080015e1   Thumb Code    96  main.o(i.SystemClock_Config)
    SystemCoreClockUpdate                    0x08001641   Thumb Code    82  system_stm32f1xx.o(i.SystemCoreClockUpdate)
    SystemInit                               0x080016a9   Thumb Code    56  system_stm32f1xx.o(i.SystemInit)
    USART1_IRQHandler                        0x080018c5   Thumb Code    20  drv_usart.o(i.USART1_IRQHandler)
    UsageFault_Handler                       0x080018dd   Thumb Code     2  stm32f1xx_it.o(i.UsageFault_Handler)
    __0printf$3                              0x080018e1   Thumb Code    22  printf3.o(i.__0printf$3)
    __1printf$3                              0x080018e1   Thumb Code     0  printf3.o(i.__0printf$3)
    __2printf                                0x080018e1   Thumb Code     0  printf3.o(i.__0printf$3)
    __0sprintf$3                             0x08001901   Thumb Code    34  printf3.o(i.__0sprintf$3)
    __1sprintf$3                             0x08001901   Thumb Code     0  printf3.o(i.__0sprintf$3)
    __2sprintf                               0x08001901   Thumb Code     0  printf3.o(i.__0sprintf$3)
    __rt_ffs                                 0x08001929   Thumb Code    62  kservice.o(i.__rt_ffs)
    __scatterload_copy                       0x0800196d   Thumb Code    14  handlers.o(i.__scatterload_copy)
    __scatterload_null                       0x0800197b   Thumb Code     2  handlers.o(i.__scatterload_null)
    __scatterload_zeroinit                   0x0800197d   Thumb Code    14  handlers.o(i.__scatterload_zeroinit)
    adc_m                                    0x080020f9   Thumb Code    80  app_rtthread.o(i.adc_m)
    cmd_free                                 0x0800224d   Thumb Code    10  msh_cmd.o(i.cmd_free)
    cmd_ps                                   0x08002257   Thumb Code    10  msh_cmd.o(i.cmd_ps)
    cmd_time                                 0x08002261   Thumb Code     4  msh_cmd.o(i.cmd_time)
    finsh_get_prompt                         0x08002265   Thumb Code    66  shell.o(i.finsh_get_prompt)
    finsh_set_device                         0x080022d9   Thumb Code   112  shell.o(i.finsh_set_device)
    finsh_set_prompt_mode                    0x08002371   Thumb Code    16  shell.o(i.finsh_set_prompt_mode)
    finsh_system_function_init               0x08002385   Thumb Code    10  shell.o(i.finsh_system_function_init)
    finsh_system_init                        0x08002399   Thumb Code    90  shell.o(i.finsh_system_init)
    finsh_thread_entry                       0x0800242d   Thumb Code   666  shell.o(i.finsh_thread_entry)
    fputc                                    0x080026f1   Thumb Code    20  usart.o(i.fputc)
    hello                                    0x08002781   Thumb Code    12  cmd.o(i.hello)
    list                                     0x080027a1   Thumb Code    48  cmd.o(i.list)
    list_device                              0x080027f5   Thumb Code    18  cmd.o(i.list_device)
    list_mem                                 0x08002809   Thumb Code    32  mem.o(i.list_mem)
    list_sem                                 0x08002875   Thumb Code    18  cmd.o(i.list_sem)
    list_thread                              0x08002887   Thumb Code    18  cmd.o(i.list_thread)
    list_timer                               0x08002899   Thumb Code    18  cmd.o(i.list_timer)
    $Super$$main                             0x080028ab   Thumb Code    34  main.o(i.main)
    main_thread_entry                        0x080028cd   Thumb Code    14  components.o(i.main_thread_entry)
    msh_auto_complete                        0x080029b5   Thumb Code   150  msh.o(i.msh_auto_complete)
    msh_exec                                 0x08002a61   Thumb Code    74  msh.o(i.msh_exec)
    msh_help                                 0x08002ac5   Thumb Code    56  msh.o(i.msh_help)
    msh_is_used                              0x08002b31   Thumb Code     4  msh.o(i.msh_is_used)
    rt_application_init                      0x08002dd9   Thumb Code    32  components.o(i.rt_application_init)
    rt_calloc                                0x08002e05   Thumb Code    26  mem.o(i.rt_calloc)
    rt_completion_done                       0x08002e1f   Thumb Code    58  completion.o(i.rt_completion_done)
    rt_completion_init                       0x08002e59   Thumb Code    24  completion.o(i.rt_completion_init)
    rt_components_board_init                 0x08002e71   Thumb Code    20  components.o(i.rt_components_board_init)
    rt_components_init                       0x08002e8d   Thumb Code    20  components.o(i.rt_components_init)
    rt_console_get_device                    0x08002ea9   Thumb Code     6  kservice.o(i.rt_console_get_device)
    rt_console_set_device                    0x08002eb5   Thumb Code    36  kservice.o(i.rt_console_set_device)
    rt_device_close                          0x08002edd   Thumb Code    52  device.o(i.rt_device_close)
    rt_device_find                           0x08002f11   Thumb Code    84  device.o(i.rt_device_find)
    rt_device_open                           0x08002f65   Thumb Code   118  device.o(i.rt_device_open)
    rt_device_read                           0x08003015   Thumb Code    38  device.o(i.rt_device_read)
    rt_device_register                       0x0800303b   Thumb Code    52  device.o(i.rt_device_register)
    rt_device_set_rx_indicate                0x0800306f   Thumb Code     6  device.o(i.rt_device_set_rx_indicate)
    rt_device_write                          0x08003075   Thumb Code    38  device.o(i.rt_device_write)
    rt_enter_critical                        0x0800309d   Thumb Code    22  scheduler.o(i.rt_enter_critical)
    rt_exit_critical                         0x080030b9   Thumb Code    44  scheduler.o(i.rt_exit_critical)
    rt_free                                  0x080030e9   Thumb Code   112  mem.o(i.rt_free)
    rt_heap_begin_get                        0x080031ad   Thumb Code     4  board.o(i.rt_heap_begin_get)
    rt_heap_end_get                          0x080031b5   Thumb Code     4  board.o(i.rt_heap_end_get)
    rt_hw_board_init                         0x080031bd   Thumb Code    80  board.o(i.rt_hw_board_init)
    rt_hw_console_output                     0x0800321d   Thumb Code     2  kservice.o(i.rt_hw_console_output)
    rt_hw_hard_fault_exception               0x08003221   Thumb Code   186  cpuport.o(i.rt_hw_hard_fault_exception)
    rt_hw_serial_isr                         0x0800341d   Thumb Code   174  serial.o(i.rt_hw_serial_isr)
    rt_hw_serial_register                    0x080034cd   Thumb Code    46  serial.o(i.rt_hw_serial_register)
    rt_hw_stack_init                         0x08003515   Thumb Code    52  cpuport.o(i.rt_hw_stack_init)
    rt_hw_usart_init                         0x0800354d   Thumb Code    80  drv_usart.o(i.rt_hw_usart_init)
    rt_interrupt_enter                       0x080035a9   Thumb Code    22  irq.o(i.rt_interrupt_enter)
    rt_interrupt_get_nest                    0x080035c5   Thumb Code     6  irq.o(i.rt_interrupt_get_nest)
    rt_interrupt_leave                       0x080035d1   Thumb Code    22  irq.o(i.rt_interrupt_leave)
    rt_kprintf                               0x080035ed   Thumb Code    64  kservice.o(i.rt_kprintf)
    rt_malloc                                0x080036a5   Thumb Code   232  mem.o(i.rt_malloc)
    rt_memmove                               0x08003795   Thumb Code    50  kservice.o(i.rt_memmove)
    rt_memset                                0x080037c9   Thumb Code    70  kservice.o(i.rt_memset)
    rt_object_allocate                       0x0800380f   Thumb Code    84  object.o(i.rt_object_allocate)
    rt_object_delete                         0x08003863   Thumb Code    40  object.o(i.rt_object_delete)
    rt_object_detach                         0x0800388b   Thumb Code    34  object.o(i.rt_object_detach)
    rt_object_get_information                0x080038ad   Thumb Code    30  object.o(i.rt_object_get_information)
    rt_object_init                           0x080038d1   Thumb Code    62  object.o(i.rt_object_init)
    rt_object_is_systemobject                0x0800390f   Thumb Code    16  object.o(i.rt_object_is_systemobject)
    rt_schedule                              0x08003921   Thumb Code    76  scheduler.o(i.rt_schedule)
    rt_schedule_insert_thread                0x08003979   Thumb Code    70  scheduler.o(i.rt_schedule_insert_thread)
    rt_schedule_remove_thread                0x080039c9   Thumb Code    64  scheduler.o(i.rt_schedule_remove_thread)
    rt_sem_init                              0x08003a11   Thumb Code    38  ipc.o(i.rt_sem_init)
    rt_sem_release                           0x08003a37   Thumb Code    54  ipc.o(i.rt_sem_release)
    rt_sem_take                              0x08003a6d   Thumb Code   178  ipc.o(i.rt_sem_take)
    rt_set_errno                             0x08003d89   Thumb Code    26  kservice.o(i.rt_set_errno)
    rt_show_version                          0x08003da9   Thumb Code    40  kservice.o(i.rt_show_version)
    rt_strlen                                0x08003e59   Thumb Code    16  kservice.o(i.rt_strlen)
    rt_strncmp                               0x08003e69   Thumb Code    32  kservice.o(i.rt_strncmp)
    rt_strncpy                               0x08003e89   Thumb Code    38  kservice.o(i.rt_strncpy)
    rt_system_heap_init                      0x08003eb1   Thumb Code    96  mem.o(i.rt_system_heap_init)
    rt_system_scheduler_init                 0x08003f5d   Thumb Code    44  scheduler.o(i.rt_system_scheduler_init)
    rt_system_scheduler_start                0x08003f91   Thumb Code    32  scheduler.o(i.rt_system_scheduler_start)
    rt_system_timer_init                     0x08003fb9   Thumb Code     8  timer.o(i.rt_system_timer_init)
    rt_system_timer_thread_init              0x08003fc5   Thumb Code     2  timer.o(i.rt_system_timer_thread_init)
    rt_thread_create                         0x08003fc7   Thumb Code    72  thread.o(i.rt_thread_create)
    rt_thread_exit                           0x08004011   Thumb Code    80  thread.o(i.rt_thread_exit)
    rt_thread_idle_excute                    0x08004071   Thumb Code   110  idle.o(i.rt_thread_idle_excute)
    rt_thread_idle_init                      0x080040e5   Thumb Code    40  idle.o(i.rt_thread_idle_init)
    rt_thread_init                           0x0800411d   Thumb Code    48  thread.o(i.rt_thread_init)
    rt_thread_resume                         0x0800414d   Thumb Code    60  thread.o(i.rt_thread_resume)
    rt_thread_self                           0x08004189   Thumb Code     6  thread.o(i.rt_thread_self)
    rt_thread_startup                        0x08004195   Thumb Code    40  thread.o(i.rt_thread_startup)
    rt_thread_suspend                        0x080041c1   Thumb Code    66  thread.o(i.rt_thread_suspend)
    rt_thread_timeout                        0x08004203   Thumb Code    32  thread.o(i.rt_thread_timeout)
    rt_thread_yield                          0x08004225   Thumb Code    86  thread.o(i.rt_thread_yield)
    rt_tick_get                              0x08004285   Thumb Code     6  clock.o(i.rt_tick_get)
    rt_tick_increase                         0x08004291   Thumb Code    38  clock.o(i.rt_tick_increase)
    rt_timer_check                           0x080042bd   Thumb Code   104  timer.o(i.rt_timer_check)
    rt_timer_control                         0x08004329   Thumb Code    52  timer.o(i.rt_timer_control)
    rt_timer_detach                          0x0800435d   Thumb Code    32  timer.o(i.rt_timer_detach)
    rt_timer_init                            0x0800437d   Thumb Code    40  timer.o(i.rt_timer_init)
    rt_timer_start                           0x080043a5   Thumb Code   142  timer.o(i.rt_timer_start)
    rt_timer_stop                            0x08004439   Thumb Code    50  timer.o(i.rt_timer_stop)
    rt_vsnprintf                             0x0800446d   Thumb Code   618  kservice.o(i.rt_vsnprintf)
    rtthread_startup                         0x080046f1   Thumb Code    42  components.o(i.rtthread_startup)
    version                                  0x080049b5   Thumb Code    10  cmd.o(i.version)
    __fsym_adc_m_name                        0x080049be   Data           6  app_rtthread.o(.constdata)
    __fsym___cmd_adc_m_name                  0x080049c4   Data          12  app_rtthread.o(.constdata)
    AHBPrescTable                            0x080049e8   Data          16  system_stm32f1xx.o(.constdata)
    APBPrescTable                            0x080049f8   Data           8  system_stm32f1xx.o(.constdata)
    __fsym_hello_name                        0x08004a00   Data           6  cmd.o(.constdata)
    __fsym_version_name                      0x08004a06   Data           8  cmd.o(.constdata)
    __fsym___cmd_version_name                0x08004a0e   Data          14  cmd.o(.constdata)
    __fsym_list_thread_name                  0x08004a1c   Data          12  cmd.o(.constdata)
    __fsym___cmd_list_thread_name            0x08004a28   Data          18  cmd.o(.constdata)
    __fsym_list_sem_name                     0x08004a3a   Data           9  cmd.o(.constdata)
    __fsym___cmd_list_sem_name               0x08004a43   Data          15  cmd.o(.constdata)
    __fsym_list_timer_name                   0x08004a52   Data          11  cmd.o(.constdata)
    __fsym___cmd_list_timer_name             0x08004a5d   Data          17  cmd.o(.constdata)
    __fsym_list_device_name                  0x08004a6e   Data          12  cmd.o(.constdata)
    __fsym___cmd_list_device_name            0x08004a7a   Data          18  cmd.o(.constdata)
    __fsym_list_name                         0x08004a8c   Data           5  cmd.o(.constdata)
    __fsym___cmd_help_name                   0x08004ae4   Data          11  msh.o(.constdata)
    __fsym___cmd_ps_name                     0x08004aef   Data           9  msh_cmd.o(.constdata)
    __fsym___cmd_time_name                   0x08004af8   Data          11  msh_cmd.o(.constdata)
    __fsym___cmd_free_name                   0x08004b03   Data          11  msh_cmd.o(.constdata)
    __lowest_bit_bitmap                      0x08004b0e   Data         256  kservice.o(.constdata)
    __fsym_list_mem_name                     0x08004c30   Data           9  mem.o(.constdata)
    __rt_init_rti_start                      0x08004da4   Data           4  components.o(.rti_fn.0)
    __rt_init_rti_board_start                0x08004da8   Data           4  components.o(.rti_fn.0.end)
    __rt_init_rti_board_end                  0x08004dac   Data           4  components.o(.rti_fn.1.end)
    __rt_init_finsh_system_init              0x08004db0   Data           4  shell.o(.rti_fn.6)
    __rt_init_rti_end                        0x08004db4   Data           4  components.o(.rti_fn.6.end)
    FSymTab$$Base                            0x08004db8   Number         0  app_rtthread.o(FSymTab)
    __fsym_adc_m                             0x08004db8   Data           8  app_rtthread.o(FSymTab)
    __fsym___cmd_adc_m                       0x08004dc0   Data           8  app_rtthread.o(FSymTab)
    __fsym_hello                             0x08004dc8   Data           8  cmd.o(FSymTab)
    __fsym_version                           0x08004dd0   Data           8  cmd.o(FSymTab)
    __fsym___cmd_version                     0x08004dd8   Data           8  cmd.o(FSymTab)
    __fsym_list_thread                       0x08004de0   Data           8  cmd.o(FSymTab)
    __fsym___cmd_list_thread                 0x08004de8   Data           8  cmd.o(FSymTab)
    __fsym_list_sem                          0x08004df0   Data           8  cmd.o(FSymTab)
    __fsym___cmd_list_sem                    0x08004df8   Data           8  cmd.o(FSymTab)
    __fsym_list_timer                        0x08004e00   Data           8  cmd.o(FSymTab)
    __fsym___cmd_list_timer                  0x08004e08   Data           8  cmd.o(FSymTab)
    __fsym_list_device                       0x08004e10   Data           8  cmd.o(FSymTab)
    __fsym___cmd_list_device                 0x08004e18   Data           8  cmd.o(FSymTab)
    __fsym_list                              0x08004e20   Data           8  cmd.o(FSymTab)
    __fsym___cmd_help                        0x08004e28   Data           8  msh.o(FSymTab)
    __fsym___cmd_ps                          0x08004e30   Data           8  msh_cmd.o(FSymTab)
    __fsym___cmd_time                        0x08004e38   Data           8  msh_cmd.o(FSymTab)
    __fsym___cmd_free                        0x08004e40   Data           8  msh_cmd.o(FSymTab)
    __fsym_list_mem                          0x08004e48   Data           8  mem.o(FSymTab)
    FSymTab$$Limit                           0x08004e50   Number         0  mem.o(FSymTab)
    Region$$Table$$Base                      0x08004e50   Number         0  anon$$obj.o(Region$$Table)
    Region$$Table$$Limit                     0x08004e70   Number         0  anon$$obj.o(Region$$Table)
    uwTickFreq                               0x20000010   Data           1  stm32f1xx_hal.o(.data)
    uwTickPrio                               0x20000014   Data           4  stm32f1xx_hal.o(.data)
    uwTick                                   0x20000018   Data           4  stm32f1xx_hal.o(.data)
    SystemCoreClock                          0x2000001c   Data           4  system_stm32f1xx.o(.data)
    shell                                    0x20000024   Data           4  shell.o(.data)
    _syscall_table_begin                     0x20000028   Data           4  symbol.o(.data)
    _syscall_table_end                       0x2000002c   Data           4  symbol.o(.data)
    rt_interrupt_nest                        0x20000034   Data           1  irq.o(.data)
    rt_current_priority                      0x20000098   Data           1  scheduler.o(.data)
    rt_current_thread                        0x2000009c   Data           4  scheduler.o(.data)
    rt_thread_ready_priority_group           0x200000a0   Data           4  scheduler.o(.data)
    rt_thread_defunct                        0x200000a4   Data           8  scheduler.o(.data)
    rt_interrupt_from_thread                 0x200000bc   Data           4  cpuport.o(.data)
    rt_interrupt_to_thread                   0x200000c0   Data           4  cpuport.o(.data)
    rt_thread_switch_interrupt_flag          0x200000c4   Data           4  cpuport.o(.data)
    __stdout                                 0x200000c8   Data           4  stdout.o(.data)
    hadc1                                    0x200000cc   Data          48  adc.o(.bss)
    huart1                                   0x200000fc   Data          64  usart.o(.bss)
    rt_thread_priority_table                 0x20001cd4   Data         256  scheduler.o(.bss)
    __initial_sp                             0x200021d8   Data           0  startup_stm32f103xb.o(STACK)



==============================================================================

Memory Map of the image

  Image Entry point : 0x080000ed

  Load Region LR_IROM1 (Base: 0x08000000, Size: 0x00004f3c, Max: 0x00010000, ABSOLUTE)

    Execution Region ER_IROM1 (Exec base: 0x08000000, Load base: 0x08000000, Size: 0x00004e70, Max: 0x00010000, ABSOLUTE)

    Exec Addr    Load Addr    Size         Type   Attr      Idx    E Section Name        Object

    0x08000000   0x08000000   0x000000ec   Data   RO            3    RESET               startup_stm32f103xb.o
    0x080000ec   0x080000ec   0x00000000   Code   RO         3553  * .ARM.Collect$$$$00000000  mc_w.l(entry.o)
    0x080000ec   0x080000ec   0x00000004   Code   RO         3835    .ARM.Collect$$$$00000001  mc_w.l(entry2.o)
    0x080000f0   0x080000f0   0x00000004   Code   RO         3838    .ARM.Collect$$$$00000004  mc_w.l(entry5.o)
    0x080000f4   0x080000f4   0x00000000   Code   RO         3840    .ARM.Collect$$$$00000008  mc_w.l(entry7b.o)
    0x080000f4   0x080000f4   0x00000000   Code   RO         3842    .ARM.Collect$$$$0000000A  mc_w.l(entry8b.o)
    0x080000f4   0x080000f4   0x00000008   Code   RO         3843    .ARM.Collect$$$$0000000B  mc_w.l(entry9a.o)
    0x080000fc   0x080000fc   0x00000000   Code   RO         3845    .ARM.Collect$$$$0000000D  mc_w.l(entry10a.o)
    0x080000fc   0x080000fc   0x00000000   Code   RO         3847    .ARM.Collect$$$$0000000F  mc_w.l(entry11a.o)
    0x080000fc   0x080000fc   0x00000004   Code   RO         3836    .ARM.Collect$$$$00002712  mc_w.l(entry2.o)
    0x08000100   0x08000100   0x00000024   Code   RO            4    .text               startup_stm32f103xb.o
    0x08000124   0x08000124   0x000000f4   Code   RO         2533    .text               context_rvds.o
    0x08000218   0x08000218   0x00000024   Code   RO         3558    .text               mc_w.l(memcpya.o)
    0x0800023c   0x0800023c   0x00000024   Code   RO         3560    .text               mc_w.l(memseta.o)
    0x08000260   0x08000260   0x00000018   Code   RO         3562    .text               mc_w.l(strcat.o)
    0x08000278   0x08000278   0x00000018   Code   RO         3564    .text               mc_w.l(strncpy.o)
    0x08000290   0x08000290   0x0000000e   Code   RO         3566    .text               mc_w.l(strlen.o)
    0x0800029e   0x0800029e   0x00000012   Code   RO         3568    .text               mc_w.l(strcpy.o)
    0x080002b0   0x080002b0   0x0000001e   Code   RO         3570    .text               mc_w.l(strncmp.o)
    0x080002ce   0x080002ce   0x0000002c   Code   RO         3850    .text               mc_w.l(uidiv.o)
    0x080002fa   0x080002fa   0x00000002   PAD
    0x080002fc   0x080002fc   0x00000024   Code   RO         3865    .text               mc_w.l(init.o)
    0x08000320   0x08000320   0x0000000e   Code   RO         2608    i.$Sub$$main        components.o
    0x0800032e   0x0800032e   0x00000002   PAD
    0x08000330   0x08000330   0x0000004c   Code   RO          576    i.ADC_ConversionStop_Disable  stm32f1xx_hal_adc.o
    0x0800037c   0x0800037c   0x00000070   Code   RO          580    i.ADC_Enable        stm32f1xx_hal_adc.o
    0x080003ec   0x080003ec   0x00000002   Code   RO          376    i.BusFault_Handler  stm32f1xx_it.o
    0x080003ee   0x080003ee   0x00000002   Code   RO          377    i.DebugMon_Handler  stm32f1xx_it.o
    0x080003f0   0x080003f0   0x00000002   Code   RO           13    i.Error_Handler     main.o
    0x080003f2   0x080003f2   0x00000002   PAD
    0x080003f4   0x080003f4   0x000000fc   Code   RO          582    i.HAL_ADC_ConfigChannel  stm32f1xx_hal_adc.o
    0x080004f0   0x080004f0   0x00000006   Code   RO          589    i.HAL_ADC_GetValue  stm32f1xx_hal_adc.o
    0x080004f6   0x080004f6   0x00000002   PAD
    0x080004f8   0x080004f8   0x0000011c   Code   RO          591    i.HAL_ADC_Init      stm32f1xx_hal_adc.o
    0x08000614   0x08000614   0x00000078   Code   RO          236    i.HAL_ADC_MspInit   adc.o
    0x0800068c   0x0800068c   0x00000130   Code   RO          595    i.HAL_ADC_PollForConversion  stm32f1xx_hal_adc.o
    0x080007bc   0x080007bc   0x000000c0   Code   RO          597    i.HAL_ADC_Start     stm32f1xx_hal_adc.o
    0x0800087c   0x0800087c   0x00000034   Code   RO          600    i.HAL_ADC_Stop      stm32f1xx_hal_adc.o
    0x080008b0   0x080008b0   0x000001bc   Code   RO         1517    i.HAL_GPIO_Init     stm32f1xx_hal_gpio.o
    0x08000a6c   0x08000a6c   0x0000000c   Code   RO         1225    i.HAL_GetTick       stm32f1xx_hal.o
    0x08000a78   0x08000a78   0x00000024   Code   RO         1230    i.HAL_Init          stm32f1xx_hal.o
    0x08000a9c   0x08000a9c   0x00000040   Code   RO         1231    i.HAL_InitTick      stm32f1xx_hal.o
    0x08000adc   0x08000adc   0x0000003c   Code   RO          434    i.HAL_MspInit       stm32f1xx_hal_msp.o
    0x08000b18   0x08000b18   0x00000016   Code   RO         1677    i.HAL_NVIC_EnableIRQ  stm32f1xx_hal_cortex.o
    0x08000b2e   0x08000b2e   0x00000002   PAD
    0x08000b30   0x08000b30   0x00000040   Code   RO         1683    i.HAL_NVIC_SetPriority  stm32f1xx_hal_cortex.o
    0x08000b70   0x08000b70   0x00000024   Code   RO         1684    i.HAL_NVIC_SetPriorityGrouping  stm32f1xx_hal_cortex.o
    0x08000b94   0x08000b94   0x000000c8   Code   RO         1479    i.HAL_RCCEx_GetPeriphCLKFreq  stm32f1xx_hal_rcc_ex.o
    0x08000c5c   0x08000c5c   0x000000ec   Code   RO         1480    i.HAL_RCCEx_PeriphCLKConfig  stm32f1xx_hal_rcc_ex.o
    0x08000d48   0x08000d48   0x0000016c   Code   RO         1377    i.HAL_RCC_ClockConfig  stm32f1xx_hal_rcc.o
    0x08000eb4   0x08000eb4   0x00000020   Code   RO         1384    i.HAL_RCC_GetPCLK1Freq  stm32f1xx_hal_rcc.o
    0x08000ed4   0x08000ed4   0x00000020   Code   RO         1385    i.HAL_RCC_GetPCLK2Freq  stm32f1xx_hal_rcc.o
    0x08000ef4   0x08000ef4   0x0000006c   Code   RO         1386    i.HAL_RCC_GetSysClockFreq  stm32f1xx_hal_rcc.o
    0x08000f60   0x08000f60   0x00000304   Code   RO         1389    i.HAL_RCC_OscConfig  stm32f1xx_hal_rcc.o
    0x08001264   0x08001264   0x00000028   Code   RO         1688    i.HAL_SYSTICK_Config  stm32f1xx_hal_cortex.o
    0x0800128c   0x0800128c   0x00000062   Code   RO          913    i.HAL_UART_Init     stm32f1xx_hal_uart.o
    0x080012ee   0x080012ee   0x00000002   PAD
    0x080012f0   0x080012f0   0x00000080   Code   RO          329    i.HAL_UART_MspInit  usart.o
    0x08001370   0x08001370   0x000000ba   Code   RO          921    i.HAL_UART_Transmit  stm32f1xx_hal_uart.o
    0x0800142a   0x0800142a   0x00000002   PAD
    0x0800142c   0x0800142c   0x00000104   Code   RO          237    i.MX_ADC1_Init      adc.o
    0x08001530   0x08001530   0x0000003c   Code   RO          207    i.MX_GPIO_Init      gpio.o
    0x0800156c   0x0800156c   0x00000002   Code   RO          277    i.MX_RT_Thread_Init  app_rtthread.o
    0x0800156e   0x0800156e   0x00000002   Code   RO          278    i.MX_RT_Thread_Process  app_rtthread.o
    0x08001570   0x08001570   0x00000038   Code   RO          330    i.MX_USART1_UART_Init  usart.o
    0x080015a8   0x080015a8   0x00000002   Code   RO          378    i.MemManage_Handler  stm32f1xx_it.o
    0x080015aa   0x080015aa   0x00000002   Code   RO          379    i.NMI_Handler       stm32f1xx_it.o
    0x080015ac   0x080015ac   0x00000020   Code   RO         1690    i.NVIC_SetPriority  stm32f1xx_hal_cortex.o
    0x080015cc   0x080015cc   0x00000002   Code   RO          380    i.SVC_Handler       stm32f1xx_it.o
    0x080015ce   0x080015ce   0x00000012   Code   RO         2537    i.SysTick_Handler   board.o
    0x080015e0   0x080015e0   0x00000060   Code   RO           14    i.SystemClock_Config  main.o
    0x08001640   0x08001640   0x00000068   Code   RO         2105    i.SystemCoreClockUpdate  system_stm32f1xx.o
    0x080016a8   0x080016a8   0x00000048   Code   RO         2106    i.SystemInit        system_stm32f1xx.o
    0x080016f0   0x080016f0   0x00000170   Code   RO          939    i.UART_SetConfig    stm32f1xx_hal_uart.o
    0x08001860   0x08001860   0x00000064   Code   RO          941    i.UART_WaitOnFlagUntilTimeout  stm32f1xx_hal_uart.o
    0x080018c4   0x080018c4   0x00000018   Code   RO          458    i.USART1_IRQHandler  drv_usart.o
    0x080018dc   0x080018dc   0x00000002   Code   RO          381    i.UsageFault_Handler  stm32f1xx_it.o
    0x080018de   0x080018de   0x00000002   PAD
    0x080018e0   0x080018e0   0x00000020   Code   RO         3663    i.__0printf$3       mc_w.l(printf3.o)
    0x08001900   0x08001900   0x00000028   Code   RO         3665    i.__0sprintf$3      mc_w.l(printf3.o)
    0x08001928   0x08001928   0x00000044   Code   RO         2896    i.__rt_ffs          kservice.o
    0x0800196c   0x0800196c   0x0000000e   Code   RO         3875    i.__scatterload_copy  mc_w.l(handlers.o)
    0x0800197a   0x0800197a   0x00000002   Code   RO         3876    i.__scatterload_null  mc_w.l(handlers.o)
    0x0800197c   0x0800197c   0x0000000e   Code   RO         3877    i.__scatterload_zeroinit  mc_w.l(handlers.o)
    0x0800198a   0x0800198a   0x00000002   PAD
    0x0800198c   0x0800198c   0x00000014   Code   RO         2765    i._has_defunct_thread  idle.o
    0x080019a0   0x080019a0   0x000000d4   Code   RO         2265    i._list_device      cmd.o
    0x08001a74   0x08001a74   0x0000010c   Code   RO         2266    i._list_sem         cmd.o
    0x08001b80   0x08001b80   0x00000158   Code   RO         2267    i._list_thread      cmd.o
    0x08001cd8   0x08001cd8   0x00000110   Code   RO         2268    i._list_timer       cmd.o
    0x08001de8   0x08001de8   0x0000009c   Code   RO         2368    i._msh_exec_cmd     msh.o
    0x08001e84   0x08001e84   0x000001b8   Code   RO         3670    i._printf_core      mc_w.l(printf3.o)
    0x0800203c   0x0800203c   0x00000080   Code   RO         3279    i._rt_thread_init   thread.o
    0x080020bc   0x080020bc   0x0000001e   Code   RO         3399    i._rt_timer_init    timer.o
    0x080020da   0x080020da   0x00000012   Code   RO         3400    i._rt_timer_remove  timer.o
    0x080020ec   0x080020ec   0x0000000a   Code   RO         3672    i._sputc            mc_w.l(printf3.o)
    0x080020f6   0x080020f6   0x00000002   PAD
    0x080020f8   0x080020f8   0x0000006c   Code   RO          279    i.adc_m             app_rtthread.o
    0x08002164   0x08002164   0x000000e8   Code   RO         3491    i.bus_fault_track   cpuport.o
    0x0800224c   0x0800224c   0x0000000a   Code   RO         2419    i.cmd_free          msh_cmd.o
    0x08002256   0x08002256   0x0000000a   Code   RO         2420    i.cmd_ps            msh_cmd.o
    0x08002260   0x08002260   0x00000004   Code   RO         2421    i.cmd_time          msh_cmd.o
    0x08002264   0x08002264   0x00000060   Code   RO         2142    i.finsh_get_prompt  shell.o
    0x080022c4   0x080022c4   0x00000014   Code   RO         2144    i.finsh_rx_ind      shell.o
    0x080022d8   0x080022d8   0x00000098   Code   RO         2145    i.finsh_set_device  shell.o
    0x08002370   0x08002370   0x00000014   Code   RO         2148    i.finsh_set_prompt_mode  shell.o
    0x08002384   0x08002384   0x00000014   Code   RO         2149    i.finsh_system_function_init  shell.o
    0x08002398   0x08002398   0x00000094   Code   RO         2150    i.finsh_system_init  shell.o
    0x0800242c   0x0800242c   0x000002c4   Code   RO         2152    i.finsh_thread_entry  shell.o
    0x080026f0   0x080026f0   0x00000018   Code   RO          331    i.fputc             usart.o
    0x08002708   0x08002708   0x00000078   Code   RO         3492    i.hard_fault_track  cpuport.o
    0x08002780   0x08002780   0x00000020   Code   RO         2269    i.hello             cmd.o
    0x080027a0   0x080027a0   0x00000054   Code   RO         2270    i.list              cmd.o
    0x080027f4   0x080027f4   0x00000012   Code   RO         2271    i.list_device       cmd.o
    0x08002806   0x08002806   0x00000002   PAD
    0x08002808   0x08002808   0x0000006c   Code   RO         3083    i.list_mem          mem.o
    0x08002874   0x08002874   0x00000012   Code   RO         2272    i.list_sem          cmd.o
    0x08002886   0x08002886   0x00000012   Code   RO         2273    i.list_thread       cmd.o
    0x08002898   0x08002898   0x00000012   Code   RO         2274    i.list_timer        cmd.o
    0x080028aa   0x080028aa   0x00000022   Code   RO           15    i.main              main.o
    0x080028cc   0x080028cc   0x0000000e   Code   RO         2609    i.main_thread_entry  components.o
    0x080028da   0x080028da   0x00000002   PAD
    0x080028dc   0x080028dc   0x000000d8   Code   RO         3493    i.mem_manage_fault_track  cpuport.o
    0x080029b4   0x080029b4   0x000000ac   Code   RO         2369    i.msh_auto_complete  msh.o
    0x08002a60   0x08002a60   0x00000064   Code   RO         2370    i.msh_exec          msh.o
    0x08002ac4   0x08002ac4   0x0000006c   Code   RO         2371    i.msh_help          msh.o
    0x08002b30   0x08002b30   0x00000004   Code   RO         2372    i.msh_is_used       msh.o
    0x08002b34   0x08002b34   0x000000d0   Code   RO         2373    i.msh_split         msh.o
    0x08002c04   0x08002c04   0x00000038   Code   RO         2275    i.object_name_maxlen  cmd.o
    0x08002c3c   0x08002c3c   0x00000018   Code   RO         2276    i.object_split      cmd.o
    0x08002c54   0x08002c54   0x00000054   Code   RO         3084    i.plug_holes        mem.o
    0x08002ca8   0x08002ca8   0x00000130   Code   RO         2898    i.print_number      kservice.o
    0x08002dd8   0x08002dd8   0x0000002c   Code   RO         2610    i.rt_application_init  components.o
    0x08002e04   0x08002e04   0x0000001a   Code   RO         3085    i.rt_calloc         mem.o
    0x08002e1e   0x08002e1e   0x0000003a   Code   RO         2506    i.rt_completion_done  completion.o
    0x08002e58   0x08002e58   0x00000018   Code   RO         2507    i.rt_completion_init  completion.o
    0x08002e70   0x08002e70   0x0000001c   Code   RO         2611    i.rt_components_board_init  components.o
    0x08002e8c   0x08002e8c   0x0000001c   Code   RO         2612    i.rt_components_init  components.o
    0x08002ea8   0x08002ea8   0x0000000c   Code   RO         2899    i.rt_console_get_device  kservice.o
    0x08002eb4   0x08002eb4   0x00000028   Code   RO         2900    i.rt_console_set_device  kservice.o
    0x08002edc   0x08002edc   0x00000034   Code   RO         2675    i.rt_device_close   device.o
    0x08002f10   0x08002f10   0x00000054   Code   RO         2679    i.rt_device_find    device.o
    0x08002f64   0x08002f64   0x000000b0   Code   RO         2682    i.rt_device_open    device.o
    0x08003014   0x08003014   0x00000026   Code   RO         2683    i.rt_device_read    device.o
    0x0800303a   0x0800303a   0x00000034   Code   RO         2684    i.rt_device_register  device.o
    0x0800306e   0x0800306e   0x00000006   Code   RO         2685    i.rt_device_set_rx_indicate  device.o
    0x08003074   0x08003074   0x00000026   Code   RO         2688    i.rt_device_write   device.o
    0x0800309a   0x0800309a   0x00000002   PAD
    0x0800309c   0x0800309c   0x0000001c   Code   RO         3218    i.rt_enter_critical  scheduler.o
    0x080030b8   0x080030b8   0x00000030   Code   RO         3219    i.rt_exit_critical  scheduler.o
    0x080030e8   0x080030e8   0x000000c4   Code   RO         3086    i.rt_free           mem.o
    0x080031ac   0x080031ac   0x00000008   Code   RO         2538    i.rt_heap_begin_get  board.o
    0x080031b4   0x080031b4   0x00000008   Code   RO         2539    i.rt_heap_end_get   board.o
    0x080031bc   0x080031bc   0x00000060   Code   RO         2540    i.rt_hw_board_init  board.o
    0x0800321c   0x0800321c   0x00000002   Code   RO         2903    i.rt_hw_console_output  kservice.o
    0x0800321e   0x0800321e   0x00000002   PAD
    0x08003220   0x08003220   0x000001fc   Code   RO         3497    i.rt_hw_hard_fault_exception  cpuport.o
    0x0800341c   0x0800341c   0x000000ae   Code   RO         2455    i.rt_hw_serial_isr  serial.o
    0x080034ca   0x080034ca   0x00000002   PAD
    0x080034cc   0x080034cc   0x00000048   Code   RO         2456    i.rt_hw_serial_register  serial.o
    0x08003514   0x08003514   0x00000038   Code   RO         3498    i.rt_hw_stack_init  cpuport.o
    0x0800354c   0x0800354c   0x0000005c   Code   RO          459    i.rt_hw_usart_init  drv_usart.o
    0x080035a8   0x080035a8   0x0000001c   Code   RO         2869    i.rt_interrupt_enter  irq.o
    0x080035c4   0x080035c4   0x0000000c   Code   RO         2870    i.rt_interrupt_get_nest  irq.o
    0x080035d0   0x080035d0   0x0000001c   Code   RO         2871    i.rt_interrupt_leave  irq.o
    0x080035ec   0x080035ec   0x00000048   Code   RO         2904    i.rt_kprintf        kservice.o
    0x08003634   0x08003634   0x0000000e   Code   RO         3142    i.rt_list_insert_after  object.o
    0x08003642   0x08003642   0x0000000e   Code   RO         3280    i.rt_list_insert_after  thread.o
    0x08003650   0x08003650   0x0000000e   Code   RO         3401    i.rt_list_insert_after  timer.o
    0x0800365e   0x0800365e   0x0000000e   Code   RO         2806    i.rt_list_insert_before  ipc.o
    0x0800366c   0x0800366c   0x00000012   Code   RO         2277    i.rt_list_len       cmd.o
    0x0800367e   0x0800367e   0x00000012   Code   RO         3143    i.rt_list_remove    object.o
    0x08003690   0x08003690   0x00000012   Code   RO         3281    i.rt_list_remove    thread.o
    0x080036a2   0x080036a2   0x00000002   PAD
    0x080036a4   0x080036a4   0x000000f0   Code   RO         3087    i.rt_malloc         mem.o
    0x08003794   0x08003794   0x00000032   Code   RO         2909    i.rt_memmove        kservice.o
    0x080037c6   0x080037c6   0x00000002   PAD
    0x080037c8   0x080037c8   0x00000046   Code   RO         2910    i.rt_memset         kservice.o
    0x0800380e   0x0800380e   0x00000054   Code   RO         3144    i.rt_object_allocate  object.o
    0x08003862   0x08003862   0x00000028   Code   RO         3145    i.rt_object_delete  object.o
    0x0800388a   0x0800388a   0x00000022   Code   RO         3146    i.rt_object_detach  object.o
    0x080038ac   0x080038ac   0x00000024   Code   RO         3148    i.rt_object_get_information  object.o
    0x080038d0   0x080038d0   0x0000003e   Code   RO         3150    i.rt_object_init    object.o
    0x0800390e   0x0800390e   0x00000010   Code   RO         3151    i.rt_object_is_systemobject  object.o
    0x0800391e   0x0800391e   0x00000002   PAD
    0x08003920   0x08003920   0x00000058   Code   RO         3220    i.rt_schedule       scheduler.o
    0x08003978   0x08003978   0x00000050   Code   RO         3221    i.rt_schedule_insert_thread  scheduler.o
    0x080039c8   0x080039c8   0x00000048   Code   RO         3222    i.rt_schedule_remove_thread  scheduler.o
    0x08003a10   0x08003a10   0x00000026   Code   RO         2811    i.rt_sem_init       ipc.o
    0x08003a36   0x08003a36   0x00000036   Code   RO         2812    i.rt_sem_release    ipc.o
    0x08003a6c   0x08003a6c   0x000000b2   Code   RO         2813    i.rt_sem_take       ipc.o
    0x08003b1e   0x08003b1e   0x0000005c   Code   RO         2457    i.rt_serial_close   serial.o
    0x08003b7a   0x08003b7a   0x00000064   Code   RO         2458    i.rt_serial_control  serial.o
    0x08003bde   0x08003bde   0x0000001a   Code   RO         2459    i.rt_serial_init    serial.o
    0x08003bf8   0x08003bf8   0x000000d6   Code   RO         2460    i.rt_serial_open    serial.o
    0x08003cce   0x08003cce   0x00000002   PAD
    0x08003cd0   0x08003cd0   0x00000072   Code   RO         2461    i.rt_serial_read    serial.o
    0x08003d42   0x08003d42   0x00000044   Code   RO         2462    i.rt_serial_write   serial.o
    0x08003d86   0x08003d86   0x00000002   PAD
    0x08003d88   0x08003d88   0x00000020   Code   RO         2911    i.rt_set_errno      kservice.o
    0x08003da8   0x08003da8   0x000000b0   Code   RO         2912    i.rt_show_version   kservice.o
    0x08003e58   0x08003e58   0x00000010   Code   RO         2918    i.rt_strlen         kservice.o
    0x08003e68   0x08003e68   0x00000020   Code   RO         2919    i.rt_strncmp        kservice.o
    0x08003e88   0x08003e88   0x00000026   Code   RO         2920    i.rt_strncpy        kservice.o
    0x08003eae   0x08003eae   0x00000002   PAD
    0x08003eb0   0x08003eb0   0x000000ac   Code   RO         3090    i.rt_system_heap_init  mem.o
    0x08003f5c   0x08003f5c   0x00000034   Code   RO         3223    i.rt_system_scheduler_init  scheduler.o
    0x08003f90   0x08003f90   0x00000028   Code   RO         3224    i.rt_system_scheduler_start  scheduler.o
    0x08003fb8   0x08003fb8   0x0000000c   Code   RO         3402    i.rt_system_timer_init  timer.o
    0x08003fc4   0x08003fc4   0x00000002   Code   RO         3403    i.rt_system_timer_thread_init  timer.o
    0x08003fc6   0x08003fc6   0x00000048   Code   RO         3283    i.rt_thread_create  thread.o
    0x0800400e   0x0800400e   0x00000002   PAD
    0x08004010   0x08004010   0x00000058   Code   RO         3287    i.rt_thread_exit    thread.o
    0x08004068   0x08004068   0x00000006   Code   RO         2766    i.rt_thread_idle_entry  idle.o
    0x0800406e   0x0800406e   0x00000002   PAD
    0x08004070   0x08004070   0x00000074   Code   RO         2767    i.rt_thread_idle_excute  idle.o
    0x080040e4   0x080040e4   0x00000038   Code   RO         2769    i.rt_thread_idle_init  idle.o
    0x0800411c   0x0800411c   0x00000030   Code   RO         3289    i.rt_thread_init    thread.o
    0x0800414c   0x0800414c   0x0000003c   Code   RO         3291    i.rt_thread_resume  thread.o
    0x08004188   0x08004188   0x0000000c   Code   RO         3292    i.rt_thread_self    thread.o
    0x08004194   0x08004194   0x0000002c   Code   RO         3294    i.rt_thread_startup  thread.o
    0x080041c0   0x080041c0   0x00000042   Code   RO         3295    i.rt_thread_suspend  thread.o
    0x08004202   0x08004202   0x00000020   Code   RO         3296    i.rt_thread_timeout  thread.o
    0x08004222   0x08004222   0x00000002   PAD
    0x08004224   0x08004224   0x00000060   Code   RO         3297    i.rt_thread_yield   thread.o
    0x08004284   0x08004284   0x0000000c   Code   RO         2572    i.rt_tick_get       clock.o
    0x08004290   0x08004290   0x0000002c   Code   RO         2573    i.rt_tick_increase  clock.o
    0x080042bc   0x080042bc   0x0000006c   Code   RO         3404    i.rt_timer_check    timer.o
    0x08004328   0x08004328   0x00000034   Code   RO         3405    i.rt_timer_control  timer.o
    0x0800435c   0x0800435c   0x00000020   Code   RO         3408    i.rt_timer_detach   timer.o
    0x0800437c   0x0800437c   0x00000028   Code   RO         3409    i.rt_timer_init     timer.o
    0x080043a4   0x080043a4   0x00000094   Code   RO         3411    i.rt_timer_start    timer.o
    0x08004438   0x08004438   0x00000032   Code   RO         3412    i.rt_timer_stop     timer.o
    0x0800446a   0x0800446a   0x00000002   PAD
    0x0800446c   0x0800446c   0x00000274   Code   RO         2923    i.rt_vsnprintf      kservice.o
    0x080046e0   0x080046e0   0x00000004   Code   RO         2613    i.rti_board_end     components.o
    0x080046e4   0x080046e4   0x00000004   Code   RO         2614    i.rti_board_start   components.o
    0x080046e8   0x080046e8   0x00000004   Code   RO         2615    i.rti_end           components.o
    0x080046ec   0x080046ec   0x00000004   Code   RO         2616    i.rti_start         components.o
    0x080046f0   0x080046f0   0x0000002a   Code   RO         2617    i.rtthread_startup  components.o
    0x0800471a   0x0800471a   0x00000028   Code   RO         2925    i.skip_atoi         kservice.o
    0x08004742   0x08004742   0x00000074   Code   RO          460    i.stm32_configure   drv_usart.o
    0x080047b6   0x080047b6   0x00000054   Code   RO          461    i.stm32_control     drv_usart.o
    0x0800480a   0x0800480a   0x00000016   Code   RO          462    i.stm32_getc        drv_usart.o
    0x08004820   0x08004820   0x0000001c   Code   RO          463    i.stm32_putc        drv_usart.o
    0x0800483c   0x0800483c   0x000000a6   Code   RO          464    i.uart_isr          drv_usart.o
    0x080048e2   0x080048e2   0x00000002   PAD
    0x080048e4   0x080048e4   0x000000d0   Code   RO         3499    i.usage_fault_track  cpuport.o
    0x080049b4   0x080049b4   0x0000000a   Code   RO         2278    i.version           cmd.o
    0x080049be   0x080049be   0x00000006   Data   RO          280    .constdata          app_rtthread.o
    0x080049c4   0x080049c4   0x0000000c   Data   RO          281    .constdata          app_rtthread.o
    0x080049d0   0x080049d0   0x00000018   Data   RO          466    .constdata          drv_usart.o
    0x080049e8   0x080049e8   0x00000010   Data   RO         2107    .constdata          system_stm32f1xx.o
    0x080049f8   0x080049f8   0x00000008   Data   RO         2108    .constdata          system_stm32f1xx.o
    0x08004a00   0x08004a00   0x00000006   Data   RO         2279    .constdata          cmd.o
    0x08004a06   0x08004a06   0x00000008   Data   RO         2280    .constdata          cmd.o
    0x08004a0e   0x08004a0e   0x0000000e   Data   RO         2281    .constdata          cmd.o
    0x08004a1c   0x08004a1c   0x0000000c   Data   RO         2282    .constdata          cmd.o
    0x08004a28   0x08004a28   0x00000012   Data   RO         2283    .constdata          cmd.o
    0x08004a3a   0x08004a3a   0x00000009   Data   RO         2284    .constdata          cmd.o
    0x08004a43   0x08004a43   0x0000000f   Data   RO         2285    .constdata          cmd.o
    0x08004a52   0x08004a52   0x0000000b   Data   RO         2286    .constdata          cmd.o
    0x08004a5d   0x08004a5d   0x00000011   Data   RO         2287    .constdata          cmd.o
    0x08004a6e   0x08004a6e   0x0000000c   Data   RO         2288    .constdata          cmd.o
    0x08004a7a   0x08004a7a   0x00000012   Data   RO         2289    .constdata          cmd.o
    0x08004a8c   0x08004a8c   0x00000005   Data   RO         2290    .constdata          cmd.o
    0x08004a91   0x08004a91   0x00000003   PAD
    0x08004a94   0x08004a94   0x00000050   Data   RO         2291    .constdata          cmd.o
    0x08004ae4   0x08004ae4   0x0000000b   Data   RO         2374    .constdata          msh.o
    0x08004aef   0x08004aef   0x00000009   Data   RO         2422    .constdata          msh_cmd.o
    0x08004af8   0x08004af8   0x0000000b   Data   RO         2423    .constdata          msh_cmd.o
    0x08004b03   0x08004b03   0x0000000b   Data   RO         2424    .constdata          msh_cmd.o
    0x08004b0e   0x08004b0e   0x00000122   Data   RO         2927    .constdata          kservice.o
    0x08004c30   0x08004c30   0x00000009   Data   RO         3092    .constdata          mem.o
    0x08004c39   0x08004c39   0x00000003   PAD
    0x08004c3c   0x08004c3c   0x00000006   Data   RO          467    .conststring        drv_usart.o
    0x08004c42   0x08004c42   0x00000002   PAD
    0x08004c44   0x08004c44   0x0000015d   Data   RO         2292    .conststring        cmd.o
    0x08004da1   0x08004da1   0x00000003   PAD
    0x08004da4   0x08004da4   0x00000004   Data   RO         2618    .rti_fn.0           components.o
    0x08004da8   0x08004da8   0x00000004   Data   RO         2619    .rti_fn.0.end       components.o
    0x08004dac   0x08004dac   0x00000004   Data   RO         2620    .rti_fn.1.end       components.o
    0x08004db0   0x08004db0   0x00000004   Data   RO         2155    .rti_fn.6           shell.o
    0x08004db4   0x08004db4   0x00000004   Data   RO         2621    .rti_fn.6.end       components.o
    0x08004db8   0x08004db8   0x00000010   Data   RO          282    FSymTab             app_rtthread.o
    0x08004dc8   0x08004dc8   0x00000060   Data   RO         2293    FSymTab             cmd.o
    0x08004e28   0x08004e28   0x00000008   Data   RO         2375    FSymTab             msh.o
    0x08004e30   0x08004e30   0x00000018   Data   RO         2425    FSymTab             msh_cmd.o
    0x08004e48   0x08004e48   0x00000008   Data   RO         3094    FSymTab             mem.o
    0x08004e50   0x08004e50   0x00000020   Data   RO         3873    Region$$Table       anon$$obj.o


    Execution Region RW_IRAM1 (Exec base: 0x20000000, Load base: 0x08004e70, Size: 0x000021d8, Max: 0x00005000, ABSOLUTE)

    Exec Addr    Load Addr    Size         Type   Attr      Idx    E Section Name        Object

    0x20000000   0x08004e70   0x00000010   Data   RW          468    .data               drv_usart.o
    0x20000010   0x08004e80   0x0000000c   Data   RW         1237    .data               stm32f1xx_hal.o
    0x2000001c   0x08004e8c   0x00000004   Data   RW         2109    .data               system_stm32f1xx.o
    0x20000020   0x08004e90   0x00000008   Data   RW         2154    .data               shell.o
    0x20000028   0x08004e98   0x00000004   Data   RW         2246    .data               symbol.o
    0x2000002c   0x08004e9c   0x00000004   Data   RW         2247    .data               symbol.o
    0x20000030   0x08004ea0   0x00000004   Data   RW         2575    .data               clock.o
    0x20000034   0x08004ea4   0x00000001   Data   RW         2872    .data               irq.o
    0x20000035   0x08004ea5   0x00000003   PAD
    0x20000038   0x08004ea8   0x00000008   Data   RW         2928    .data               kservice.o
    0x20000040   0x08004eb0   0x00000018   Data   RW         3093    .data               mem.o
    0x20000058   0x08004ec8   0x00000040   Data   RW         3153    .data               object.o
    0x20000098   0x08004f08   0x00000014   Data   RW         3226    .data               scheduler.o
    0x200000ac   0x08004f1c   0x0000000c   Data   RW         3413    .data               timer.o
    0x200000b8   0x08004f28   0x00000004   Data   RW         3500    .data               cpuport.o
    0x200000bc   0x08004f2c   0x00000004   Data   RW         3501    .data               cpuport.o
    0x200000c0   0x08004f30   0x00000004   Data   RW         3502    .data               cpuport.o
    0x200000c4   0x08004f34   0x00000004   Data   RW         3503    .data               cpuport.o
    0x200000c8   0x08004f38   0x00000004   Data   RW         3849    .data               mc_w.l(stdout.o)
    0x200000cc        -       0x00000030   Zero   RW          238    .bss                adc.o
    0x200000fc        -       0x00000040   Zero   RW          332    .bss                usart.o
    0x2000013c        -       0x000000b4   Zero   RW          465    .bss                drv_usart.o
    0x200001f0        -       0x00000081   Zero   RW         2153    .bss                shell.o
    0x20000271   0x08004f3c   0x00000003   PAD
    0x20000274        -       0x00001800   Zero   RW         2541    .bss                board.o
    0x20001a74        -       0x000001a8   Zero   RW         2770    .bss                idle.o
    0x20001c1c        -       0x00000080   Zero   RW         2926    .bss                kservice.o
    0x20001c9c        -       0x00000038   Zero   RW         3091    .bss                mem.o
    0x20001cd4        -       0x00000100   Zero   RW         3225    .bss                scheduler.o
    0x20001dd4   0x08004f3c   0x00000004   PAD
    0x20001dd8        -       0x00000400   Zero   RW            1    STACK               startup_stm32f103xb.o


==============================================================================

Image component sizes


      Code (inc. data)   RO Data    RW Data    ZI Data      Debug   Object Name

       380         24          0          0         48       1781   adc.o
       112         28         34          0          0       2179   app_rtthread.o
       130         24          0          0       6144       3137   board.o
        56         12          0          4          0       1281   clock.o
      1392        616        670          0          0      14305   cmd.o
        82          0          0          0          0       4658   completion.o
       186         28         16          0          0       6114   components.o
       244         26          0          0          0        788   context_rvds.o
      1340        718          0         16          0       5822   cpuport.o
       446         58          0          0          0       5812   device.o
       532         16         30         16        180      30298   drv_usart.o
        60          6          0          0          0       2011   gpio.o
       198         26          0          0        424       5734   idle.o
       284          0          0          0          0       3865   ipc.o
        68         18          0          1          0       2210   irq.o
      1580        180        290          8        128      14314   kservice.o
       132          0          0          0          0     430470   main.o
       826        248         17         24         56       5414   mem.o
       748        152         19          0          0       6443   msh.o
        24          0         55          0          0       2860   msh_cmd.o
       304          6          0         64          0       8560   object.o
       408         56          0         20        256       8366   scheduler.o
       860         26          0          0          0       8187   serial.o
      1164        190          4          8        129       7224   shell.o
        36          8        236          0       1024        796   startup_stm32f103xb.o
       112         20          0         12          0       4783   stm32f1xx_hal.o
      1278         54          0          0          0       7163   stm32f1xx_hal_adc.o
       194         14          0          0          0      25723   stm32f1xx_hal_cortex.o
       444         36          0          0          0       2244   stm32f1xx_hal_gpio.o
        60          8          0          0          0        834   stm32f1xx_hal_msp.o
      1308         98          0          0          0       5196   stm32f1xx_hal_rcc.o
       436         46          0          0          0       2517   stm32f1xx_hal_rcc_ex.o
       752          4          0          0          0       3888   stm32f1xx_hal_uart.o
        12          0          0          0          0       2495   stm32f1xx_it.o
         0          0          0          8          0       5125   symbol.o
       176         38         24          4          0       1755   system_stm32f1xx.o
       678         38          0          0          0      11116   thread.o
       506         14          0         12          0      10600   timer.o
       208         24          0          0         64       2134   usart.o

    ----------------------------------------------------------------------
     17802       2860       1438        200       8460     668202   Object Totals
         0          0         32          0          0          0   (incl. Generated)
        46          0         11          3          7          0   (incl. Padding)

    ----------------------------------------------------------------------

      Code (inc. data)   RO Data    RW Data    ZI Data      Debug   Library Member Name

         0          0          0          0          0          0   entry.o
         0          0          0          0          0          0   entry10a.o
         0          0          0          0          0          0   entry11a.o
         8          4          0          0          0          0   entry2.o
         4          0          0          0          0          0   entry5.o
         0          0          0          0          0          0   entry7b.o
         0          0          0          0          0          0   entry8b.o
         8          4          0          0          0          0   entry9a.o
        30          0          0          0          0          0   handlers.o
        36          8          0          0          0         68   init.o
        36          0          0          0          0         68   memcpya.o
        36          0          0          0          0        108   memseta.o
       522         20          0          0          0        336   printf3.o
         0          0          0          4          0          0   stdout.o
        24          0          0          0          0         68   strcat.o
        18          0          0          0          0         68   strcpy.o
        14          0          0          0          0         68   strlen.o
        30          0          0          0          0         80   strncmp.o
        24          0          0          0          0         76   strncpy.o
        44          0          0          0          0         80   uidiv.o

    ----------------------------------------------------------------------
       840         36          0          4          0       1020   Library Totals
         6          0          0          0          0          0   (incl. Padding)

    ----------------------------------------------------------------------

      Code (inc. data)   RO Data    RW Data    ZI Data      Debug   Library Name

       834         36          0          4          0       1020   mc_w.l

    ----------------------------------------------------------------------
       840         36          0          4          0       1020   Library Totals

    ----------------------------------------------------------------------

==============================================================================


      Code (inc. data)   RO Data    RW Data    ZI Data      Debug   

     18642       2896       1438        204       8460     658922   Grand Totals
     18642       2896       1438        204       8460     658922   ELF Image Totals
     18642       2896       1438        204          0          0   ROM Totals

==============================================================================

    Total RO  Size (Code + RO Data)                20080 (  19.61kB)
    Total RW  Size (RW Data + ZI Data)              8664 (   8.46kB)
    Total ROM Size (Code + RO Data + RW Data)      20284 (  19.81kB)

==============================================================================

