Component: ARM Compiler 5.06 update 6 (build 750) Tool: armlink [4d35ed]

==============================================================================

Section Cross References

    startup_stm32f103xb.o(RESET) refers to startup_stm32f103xb.o(STACK) for __initial_sp
    startup_stm32f103xb.o(RESET) refers to startup_stm32f103xb.o(.text) for Reset_Handler
    startup_stm32f103xb.o(RESET) refers to stm32f1xx_it.o(i.NMI_Handler) for NMI_Handler
    startup_stm32f103xb.o(RESET) refers to context_rvds.o(.text) for HardFault_Handler
    startup_stm32f103xb.o(RESET) refers to stm32f1xx_it.o(i.MemManage_Handler) for MemManage_Handler
    startup_stm32f103xb.o(RESET) refers to stm32f1xx_it.o(i.BusFault_Handler) for BusFault_Handler
    startup_stm32f103xb.o(RESET) refers to stm32f1xx_it.o(i.UsageFault_Handler) for UsageFault_Handler
    startup_stm32f103xb.o(RESET) refers to stm32f1xx_it.o(i.SVC_Handler) for SVC_Handler
    startup_stm32f103xb.o(RESET) refers to stm32f1xx_it.o(i.DebugMon_Handler) for DebugMon_Handler
    startup_stm32f103xb.o(RESET) refers to board.o(i.SysTick_Handler) for SysTick_Handler
    startup_stm32f103xb.o(RESET) refers to drv_usart.o(i.USART1_IRQHandler) for USART1_IRQHandler
    startup_stm32f103xb.o(.text) refers to system_stm32f1xx.o(i.SystemInit) for SystemInit
    startup_stm32f103xb.o(.text) refers to entry.o(.ARM.Collect$$$$00000000) for __main
    main.o(i.SystemClock_Config) refers to memseta.o(.text) for __aeabi_memclr4
    main.o(i.SystemClock_Config) refers to stm32f1xx_hal_rcc.o(i.HAL_RCC_OscConfig) for HAL_RCC_OscConfig
    main.o(i.SystemClock_Config) refers to stm32f1xx_hal_rcc.o(i.HAL_RCC_ClockConfig) for HAL_RCC_ClockConfig
    main.o(i.SystemClock_Config) refers to stm32f1xx_hal_rcc_ex.o(i.HAL_RCCEx_PeriphCLKConfig) for HAL_RCCEx_PeriphCLKConfig
    main.o(i.main) refers to stm32f1xx_hal.o(i.HAL_Init) for HAL_Init
    main.o(i.main) refers to adc2.o(i.Adc_Init) for Adc_Init
    main.o(i.main) refers to main.o(i.SystemClock_Config) for SystemClock_Config
    main.o(i.main) refers to gpio.o(i.MX_GPIO_Init) for MX_GPIO_Init
    main.o(i.main) refers to usart.o(i.MX_USART1_UART_Init) for MX_USART1_UART_Init
    main.o(i.main) refers to app_rtthread.o(i.MX_RT_Thread_Init) for MX_RT_Thread_Init
    main.o(i.main) refers to app_rtthread.o(i.MX_RT_Thread_Process) for MX_RT_Thread_Process
    adc.o(i.HAL_ADC_MspDeInit) refers to stm32f1xx_hal_gpio.o(i.HAL_GPIO_DeInit) for HAL_GPIO_DeInit
    adc.o(i.HAL_ADC_MspInit) refers to stm32f1xx_hal_gpio.o(i.HAL_GPIO_Init) for HAL_GPIO_Init
    adc.o(i.MX_ADC1_Init) refers to stm32f1xx_hal_adc.o(i.HAL_ADC_Init) for HAL_ADC_Init
    adc.o(i.MX_ADC1_Init) refers to main.o(i.Error_Handler) for Error_Handler
    adc.o(i.MX_ADC1_Init) refers to stm32f1xx_hal_adc.o(i.HAL_ADC_ConfigChannel) for HAL_ADC_ConfigChannel
    adc.o(i.MX_ADC1_Init) refers to adc.o(.bss) for .bss
    app_rtthread.o(i.MX_RT_Thread_Process) refers to irq.o(i.rt_interrupt_enter) for rt_interrupt_enter
    app_rtthread.o(i.MX_RT_Thread_Process) refers to adc2.o(i.Get_Adc_Average) for Get_Adc_Average
    app_rtthread.o(i.MX_RT_Thread_Process) refers to dflti.o(.text) for __aeabi_i2d
    app_rtthread.o(i.MX_RT_Thread_Process) refers to dmul.o(.text) for __aeabi_dmul
    app_rtthread.o(i.MX_RT_Thread_Process) refers to dscalb.o(.text) for __ARM_scalbn
    app_rtthread.o(i.MX_RT_Thread_Process) refers to dadd.o(.text) for __aeabi_dadd
    app_rtthread.o(i.MX_RT_Thread_Process) refers to d2f.o(.text) for __aeabi_d2f
    app_rtthread.o(i.MX_RT_Thread_Process) refers to irq.o(i.rt_interrupt_leave) for rt_interrupt_leave
    app_rtthread.o(i.MX_RT_Thread_Process) refers to ano.o(i.ANO_send) for ANO_send
    app_rtthread.o(i.MX_RT_Thread_Process) refers to thread.o(i.rt_thread_delay) for rt_thread_delay
    app_rtthread.o(i.MX_RT_Thread_Process) refers to app_rtthread.o(.bss) for .bss
    app_rtthread.o(i.MX_RT_Thread_Process) refers to app_rtthread.o(.data) for .data
    app_rtthread.o(i.adc_m) refers to memseta.o(.text) for __aeabi_memclr4
    app_rtthread.o(i.adc_m) refers to stm32f1xx_hal_adc.o(i.HAL_ADC_Start) for HAL_ADC_Start
    app_rtthread.o(i.adc_m) refers to stm32f1xx_hal_adc.o(i.HAL_ADC_PollForConversion) for HAL_ADC_PollForConversion
    app_rtthread.o(i.adc_m) refers to stm32f1xx_hal_adc.o(i.HAL_ADC_GetValue) for HAL_ADC_GetValue
    app_rtthread.o(i.adc_m) refers to printf3.o(i.__0sprintf$3) for __2sprintf
    app_rtthread.o(i.adc_m) refers to stm32f1xx_hal_adc.o(i.HAL_ADC_Stop) for HAL_ADC_Stop
    app_rtthread.o(i.adc_m) refers to printf3.o(i.__0printf$3) for __2printf
    app_rtthread.o(i.adc_m) refers to adc.o(.bss) for hadc1
    app_rtthread.o(i.send) refers to ano.o(i.ANO_send) for ANO_send
    app_rtthread.o(FSymTab) refers to app_rtthread.o(.constdata) for __fsym_adc_m_name
    app_rtthread.o(FSymTab) refers to app_rtthread.o(i.adc_m) for adc_m
    app_rtthread.o(FSymTab) refers to app_rtthread.o(.constdata) for __fsym___cmd_adc_m_name
[...]
    i.rt_vsnprintf                           0x08004870   Section        0  kservice.o(i.rt_vsnprintf)
    i.rti_board_end                          0x08004ae4   Section        0  components.o(i.rti_board_end)
    rti_board_end                            0x08004ae5   Thumb Code     4  components.o(i.rti_board_end)
    i.rti_board_start                        0x08004ae8   Section        0  components.o(i.rti_board_start)
    rti_board_start                          0x08004ae9   Thumb Code     4  components.o(i.rti_board_start)
    i.rti_end                                0x08004aec   Section        0  components.o(i.rti_end)
    rti_end                                  0x08004aed   Thumb Code     4  components.o(i.rti_end)
    i.rti_start                              0x08004af0   Section        0  components.o(i.rti_start)
    rti_start                                0x08004af1   Thumb Code     4  components.o(i.rti_start)
    i.rtthread_startup                       0x08004af4   Section        0  components.o(i.rtthread_startup)
    i.send                                   0x08004b1e   Section        0  app_rtthread.o(i.send)
    i.skip_atoi                              0x08004b40   Section        0  kservice.o(i.skip_atoi)
    skip_atoi                                0x08004b41   Thumb Code    40  kservice.o(i.skip_atoi)
    i.stm32_configure                        0x08004b68   Section        0  drv_usart.o(i.stm32_configure)
    stm32_configure                          0x08004b69   Thumb Code   116  drv_usart.o(i.stm32_configure)
    i.stm32_control                          0x08004bdc   Section        0  drv_usart.o(i.stm32_control)
    stm32_control                            0x08004bdd   Thumb Code    84  drv_usart.o(i.stm32_control)
    i.stm32_getc                             0x08004c30   Section        0  drv_usart.o(i.stm32_getc)
    stm32_getc                               0x08004c31   Thumb Code    22  drv_usart.o(i.stm32_getc)
    i.stm32_putc                             0x08004c46   Section        0  drv_usart.o(i.stm32_putc)
    stm32_putc                               0x08004c47   Thumb Code    28  drv_usart.o(i.stm32_putc)
    i.uart_isr                               0x08004c62   Section        0  drv_usart.o(i.uart_isr)
    uart_isr                                 0x08004c63   Thumb Code   166  drv_usart.o(i.uart_isr)
    i.usage_fault_track                      0x08004d08   Section        0  cpuport.o(i.usage_fault_track)
    usage_fault_track                        0x08004d09   Thumb Code   100  cpuport.o(i.usage_fault_track)
    i.version                                0x08004dd8   Section        0  cmd.o(i.version)
    .constdata                               0x08004de2   Section        6  app_rtthread.o(.constdata)
    .constdata                               0x08004de8   Section       12  app_rtthread.o(.constdata)
    .constdata                               0x08004df4   Section        5  app_rtthread.o(.constdata)
    .constdata                               0x08004df9   Section       11  app_rtthread.o(.constdata)
    .constdata                               0x08004e04   Section       24  drv_usart.o(.constdata)
    stm32_uart_ops                           0x08004e0c   Data          16  drv_usart.o(.constdata)
    .constdata                               0x08004e1c   Section       16  system_stm32f1xx.o(.constdata)
    .constdata                               0x08004e2c   Section        8  system_stm32f1xx.o(.constdata)
    .constdata                               0x08004e34   Section        6  cmd.o(.constdata)
    .constdata                               0x08004e3a   Section        8  cmd.o(.constdata)
    .constdata                               0x08004e42   Section       14  cmd.o(.constdata)
    .constdata                               0x08004e50   Section       12  cmd.o(.constdata)
    .constdata                               0x08004e5c   Section       18  cmd.o(.constdata)
    .constdata                               0x08004e6e   Section        9  cmd.o(.constdata)
    .constdata                               0x08004e77   Section       15  cmd.o(.constdata)
    .constdata                               0x08004e86   Section       11  cmd.o(.constdata)
    .constdata                               0x08004e91   Section       17  cmd.o(.constdata)
    .constdata                               0x08004ea2   Section       12  cmd.o(.constdata)
    .constdata                               0x08004eae   Section       18  cmd.o(.constdata)
    .constdata                               0x08004ec0   Section        5  cmd.o(.constdata)
    .constdata                               0x08004ec8   Section       80  cmd.o(.constdata)
    .constdata                               0x08004f18   Section       11  msh.o(.constdata)
    .constdata                               0x08004f23   Section        9  msh_cmd.o(.constdata)
    .constdata                               0x08004f2c   Section       11  msh_cmd.o(.constdata)
    .constdata                               0x08004f37   Section       11  msh_cmd.o(.constdata)
    .constdata                               0x08004f42   Section      290  kservice.o(.constdata)
    small_digits                             0x08005042   Data          17  kservice.o(.constdata)
    large_digits                             0x08005053   Data          17  kservice.o(.constdata)
    .constdata                               0x08005064   Section        9  mem.o(.constdata)
    .conststring                             0x08005070   Section        6  drv_usart.o(.conststring)
    .conststring                             0x08005078   Section      349  cmd.o(.conststring)
    .rti_fn.0                                0x080051d8   Section        4  components.o(.rti_fn.0)
    __tagsym$$used                           0x080051d8   Number         0  components.o(.rti_fn.0)
    .rti_fn.0.end                            0x080051dc   Section        4  components.o(.rti_fn.0.end)
    __tagsym$$used                           0x080051dc   Number         0  components.o(.rti_fn.0.end)
    .rti_fn.1.end                            0x080051e0   Section        4  components.o(.rti_fn.1.end)
    __tagsym$$used                           0x080051e0   Number         0  components.o(.rti_fn.1.end)
    .rti_fn.6                                0x080051e4   Section        4  shell.o(.rti_fn.6)
    __tagsym$$used                           0x080051e4   Number         0  shell.o(.rti_fn.6)
    .rti_fn.6.end                            0x080051e8   Section        4  components.o(.rti_fn.6.end)
    __tagsym$$used                           0x080051e8   Number         0  components.o(.rti_fn.6.end)
    FSymTab                                  0x080051ec   Section       32  app_rtthread.o(FSymTab)
    __tagsym$$used                           0x080051ec   Number         0  app_rtthread.o(FSymTab)
    __tagsym$$used                           0x080051f4   Number         0  app_rtthread.o(FSymTab)
    __tagsym$$used                           0x080051fc   Number         0  app_rtthread.o(FSymTab)
    __tagsym$$used                           0x08005204   Number         0  app_rtthread.o(FSymTab)
    FSymTab                                  0x0800520c   Section       96  cmd.o(FSymTab)
    __tagsym$$used                           0x0800520c   Number         0  cmd.o(FSymTab)
    __tagsym$$used                           0x08005214   Number         0  cmd.o(FSymTab)
    __tagsym$$used                           0x0800521c   Number         0  cmd.o(FSymTab)
    __tagsym$$used                           0x08005224   Number         0  cmd.o(FSymTab)
    __tagsym$$used                           0x0800522c   Number         0  cmd.o(FSymTab)
    __tagsym$$used                           0x08005234   Number         0  cmd.o(FSymTab)
    __tagsym$$used                           0x0800523c   Number         0  cmd.o(FSymTab)
    __tagsym$$used                           0x08005244   Number         0  cmd.o(FSymTab)
    __tagsym$$used                           0x0800524c   Number         0  cmd.o(FSymTab)
    __tagsym$$used                           0x08005254   Number         0  cmd.o(FSymTab)
    __tagsym$$used                           0x0800525c   Number         0  cmd.o(FSymTab)
    __tagsym$$used                           0x08005264   Number         0  cmd.o(FSymTab)
    FSymTab                                  0x0800526c   Section        8  msh.o(FSymTab)
    __tagsym$$used                           0x0800526c   Number         0  msh.o(FSymTab)
    FSymTab                                  0x08005274   Section       24  msh_cmd.o(FSymTab)
    __tagsym$$used                           0x08005274   Number         0  msh_cmd.o(FSymTab)
    __tagsym$$used                           0x0800527c   Number         0  msh_cmd.o(FSymTab)
    __tagsym$$used                           0x08005284   Number         0  msh_cmd.o(FSymTab)
    FSymTab                                  0x0800528c   Section        8  mem.o(FSymTab)
    __tagsym$$used                           0x0800528c   Number         0  mem.o(FSymTab)
    .data                                    0x20000000   Section        8  app_rtthread.o(.data)
    adc_v                                    0x20000000   Data           8  app_rtthread.o(.data)
    .data                                    0x20000008   Section       16  drv_usart.o(.data)
    uart_config                              0x20000008   Data          16  drv_usart.o(.data)
    .data                                    0x20000018   Section       12  stm32f1xx_hal.o(.data)
    .data                                    0x20000024   Section        4  system_stm32f1xx.o(.data)
    .data                                    0x20000028   Section        8  shell.o(.data)
    finsh_prompt_custom                      0x20000028   Data           4  shell.o(.data)
    .data                                    0x20000030   Section        4  symbol.o(.data)
    .data                                    0x20000034   Section        4  symbol.o(.data)
    .data                                    0x20000038   Section        4  clock.o(.data)
    rt_tick                                  0x20000038   Data           4  clock.o(.data)
    .data                                    0x2000003c   Section        1  irq.o(.data)
    .data                                    0x20000040   Section        8  kservice.o(.data)
    _console_device                          0x20000040   Data           4  kservice.o(.data)
    __rt_errno                               0x20000044   Data           4  kservice.o(.data)
    .data                                    0x20000048   Section       24  mem.o(.data)
    heap_ptr                                 0x20000048   Data           4  mem.o(.data)
    heap_end                                 0x2000004c   Data           4  mem.o(.data)
    lfree                                    0x20000050   Data           4  mem.o(.data)
    mem_size_aligned                         0x20000054   Data           4  mem.o(.data)
    used_mem                                 0x20000058   Data           4  mem.o(.data)
    max_mem                                  0x2000005c   Data           4  mem.o(.data)
    .data                                    0x20000060   Section       64  object.o(.data)
    rt_object_container                      0x20000060   Data          64  object.o(.data)
    .data                                    0x200000a0   Section       20  scheduler.o(.data)
    rt_scheduler_lock_nest                   0x200000a2   Data           2  scheduler.o(.data)
    .data                                    0x200000b4   Section       12  timer.o(.data)
    random_nr                                0x200000b4   Data           4  timer.o(.data)
    rt_timer_list                            0x200000b8   Data           8  timer.o(.data)
    .data                                    0x200000c0   Section        4  cpuport.o(.data)
    rt_exception_hook                        0x200000c0   Data           4  cpuport.o(.data)
    .data                                    0x200000c4   Section        4  cpuport.o(.data)
    .data                                    0x200000c8   Section        4  cpuport.o(.data)
    .data                                    0x200000cc   Section        4  cpuport.o(.data)
    .data                                    0x200000d0   Section        4  stdout.o(.data)
    .bss                                     0x200000d4   Section       48  adc.o(.bss)
    .bss                                     0x20000104   Section       24  app_rtthread.o(.bss)
    last_adc                                 0x20000104   Data          12  app_rtthread.o(.bss)
    last_adc2                                0x20000110   Data          12  app_rtthread.o(.bss)
    .bss                                     0x2000011c   Section       64  usart.o(.bss)
    .bss                                     0x2000015c   Section      180  drv_usart.o(.bss)
    uart_obj                                 0x2000015c   Data         180  drv_usart.o(.bss)
    .bss                                     0x20000210   Section      129  shell.o(.bss)
    finsh_prompt                             0x20000210   Data         129  shell.o(.bss)
    .bss                                     0x20000294   Section     6144  board.o(.bss)
    rt_heap                                  0x20000294   Data        6144  board.o(.bss)
    .bss                                     0x20001a94   Section      424  idle.o(.bss)
    idle                                     0x20001a94   Data         168  idle.o(.bss)
    rt_thread_stack                          0x20001b3c   Data         256  idle.o(.bss)
    .bss                                     0x20001c3c   Section      128  kservice.o(.bss)
    rt_log_buf                               0x20001c3c   Data         128  kservice.o(.bss)
    .bss                                     0x20001cbc   Section       56  mem.o(.bss)
    heap_sem                                 0x20001cbc   Data          56  mem.o(.bss)
    .bss                                     0x20001cf4   Section      256  scheduler.o(.bss)
    STACK                                    0x20001df8   Section     1024  startup_stm32f103xb.o(STACK)

    Global Symbols

    Symbol Name                              Value     Ov Type        Size  Object(Section)

    BuildAttributes$$THM_ISAv4$P$D$K$B$S$PE$A:L22UL41UL21$X:L11$S22US41US21$IEEE1$IW$USESV6$~STKCKD$USESV7$~SHL$OTIME$ROPI$EBA8$MICROLIB$REQ8$PRES8$EABIv2 0x00000000   Number         0  anon$$obj.o ABSOLUTE
    __ARM_use_no_argv                        0x00000000   Number         0  main.o ABSOLUTE
    _printf_a                                0x00000000   Number         0  stubs.o ABSOLUTE
    _printf_c                                0x00000000   Number         0  stubs.o ABSOLUTE
    _printf_charcount                        0x00000000   Number         0  stubs.o ABSOLUTE
    _printf_d                                0x00000000   Number         0  stubs.o ABSOLUTE
    _printf_e                                0x00000000   Number         0  stubs.o ABSOLUTE
    _printf_f                                0x00000000   Number         0  stubs.o ABSOLUTE
    _printf_flags                            0x00000000   Number         0  stubs.o ABSOLUTE
    _printf_fp_dec                           0x00000000   Number         0  stubs.o ABSOLUTE
    _printf_fp_hex                           0x00000000   Number         0  stubs.o ABSOLUTE
    _printf_g                                0x00000000   Number         0  stubs.o ABSOLUTE
    _printf_i                                0x00000000   Number         0  stubs.o ABSOLUTE
    _printf_int_dec                          0x00000000   Number         0  stubs.o ABSOLUTE
    _printf_l                                0x00000000   Number         0  stubs.o ABSOLUTE
    _printf_lc                               0x00000000   Number         0  stubs.o ABSOLUTE
    _printf_ll                               0x00000000   Number         0  stubs.o ABSOLUTE
    _printf_lld                              0x00000000   Number         0  stubs.o ABSOLUTE
    _printf_lli                              0x00000000   Number         0  stubs.o ABSOLUTE
    _printf_llo                              0x00000000   Number         0  stubs.o ABSOLUTE
    _printf_llu                              0x00000000   Number         0  stubs.o ABSOLUTE
    _printf_llx                              0x00000000   Number         0  stubs.o ABSOLUTE
    _printf_longlong_dec                     0x00000000   Number         0  stubs.o ABSOLUTE
    _printf_longlong_hex                     0x00000000   Number         0  stubs.o ABSOLUTE
    _printf_longlong_oct                     0x00000000   Number         0  stubs.o ABSOLUTE
    _printf_ls                               0x00000000   Number         0  stubs.o ABSOLUTE
    _printf_mbtowc                           0x00000000   Number         0  stubs.o ABSOLUTE
    _printf_n                                0x00000000   Number         0  stubs.o ABSOLUTE
    _printf_o                                0x00000000   Number         0  stubs.o ABSOLUTE
    _printf_p                                0x00000000   Number         0  stubs.o ABSOLUTE
    _printf_percent                          0x00000000   Number         0  stubs.o ABSOLUTE
    _printf_pre_padding                      0x00000000   Number         0  stubs.o ABSOLUTE
    _printf_return_value                     0x00000000   Number         0  stubs.o ABSOLUTE
    _printf_s                                0x00000000   Number         0  stubs.o ABSOLUTE
    _printf_sizespec                         0x00000000   Number         0  stubs.o ABSOLUTE
    _printf_str                              0x00000000   Number         0  stubs.o ABSOLUTE
    _printf_truncate_signed                  0x00000000   Number         0  stubs.o ABSOLUTE
    _printf_truncate_unsigned                0x00000000   Number         0  stubs.o ABSOLUTE
    _printf_u                                0x00000000   Number         0  stubs.o ABSOLUTE
    _printf_wc                               0x00000000   Number         0  stubs.o ABSOLUTE
    _printf_wctomb                           0x00000000   Number         0  stubs.o ABSOLUTE
    _printf_widthprec                        0x00000000   Number         0  stubs.o ABSOLUTE
    _printf_x                                0x00000000   Number         0  stubs.o ABSOLUTE
    __cpp_initialize__aeabi_                  - Undefined Weak Reference
    __cxa_finalize                            - Undefined Weak Reference
    __decompress                              - Undefined Weak Reference
    _clock_init                               - Undefined Weak Reference
    _microlib_exit                            - Undefined Weak Reference
    __Vectors_Size                           0x000000ec   Number         0  startup_stm32f103xb.o ABSOLUTE
    __Vectors                                0x08000000   Data           4  startup_stm32f103xb.o(RESET)
    __Vectors_End                            0x080000ec   Data           0  startup_stm32f103xb.o(RESET)
    __main                                   0x080000ed   Thumb Code     0  entry.o(.ARM.Collect$$$$00000000)
    _main_stk                                0x080000ed   Thumb Code     0  entry2.o(.ARM.Collect$$$$00000001)
    _main_scatterload                        0x080000f1   Thumb Code     0  entry5.o(.ARM.Collect$$$$00000004)
    __main_after_scatterload                 0x080000f5   Thumb Code     0  entry5.o(.ARM.Collect$$$$00000004)
    _main_clock                              0x080000f5   Thumb Code     0  entry7b.o(.ARM.Collect$$$$00000008)
    _main_cpp_init                           0x080000f5   Thumb Code     0  entry8b.o(.ARM.Collect$$$$0000000A)
    _main_init                               0x080000f5   Thumb Code     0  entry9a.o(.ARM.Collect$$$$0000000B)
    __rt_final_cpp                           0x080000fd   Thumb Code     0  entry10a.o(.ARM.Collect$$$$0000000D)
    __rt_final_exit                          0x080000fd   Thumb Code     0  entry11a.o(.ARM.Collect$$$$0000000F)
    Reset_Handler                            0x08000101   Thumb Code     8  startup_stm32f103xb.o(.text)
    ADC1_2_IRQHandler                        0x0800011b   Thumb Code     0  startup_stm32f103xb.o(.text)
    CAN1_RX1_IRQHandler                      0x0800011b   Thumb Code     0  startup_stm32f103xb.o(.text)
    CAN1_SCE_IRQHandler                      0x0800011b   Thumb Code     0  startup_stm32f103xb.o(.text)
    DMA1_Channel1_IRQHandler                 0x0800011b   Thumb Code     0  startup_stm32f103xb.o(.text)
    DMA1_Channel2_IRQHandler                 0x0800011b   Thumb Code     0  startup_stm32f103xb.o(.text)
    DMA1_Channel3_IRQHandler                 0x0800011b   Thumb Code     0  startup_stm32f103xb.o(.text)
    DMA1_Channel4_IRQHandler                 0x0800011b   Thumb Code     0  startup_stm32f103xb.o(.text)
    DMA1_Channel5_IRQHandler                 0x0800011b   Thumb Code     0  startup_stm32f103xb.o(.text)
    DMA1_Channel6_IRQHandler                 0x0800011b   Thumb Code     0  startup_stm32f103xb.o(.text)
    DMA1_Channel7_IRQHandler                 0x0800011b   Thumb Code     0  startup_stm32f103xb.o(.text)
    EXTI0_IRQHandler                         0x0800011b   Thumb Code     0  startup_stm32f103xb.o(.text)
    EXTI15_10_IRQHandler                     0x0800011b   Thumb Code     0  startup_stm32f103xb.o(.text)
    EXTI1_IRQHandler                         0x0800011b   Thumb Code     0  startup_stm32f103xb.o(.text)
    EXTI2_IRQHandler                         0x0800011b   Thumb Code     0  startup_stm32f103xb.o(.text)
    EXTI3_IRQHandler                         0x0800011b   Thumb Code     0  startup_stm32f103xb.o(.text)
    EXTI4_IRQHandler                         0x0800011b   Thumb Code     0  startup_stm32f103xb.o(.text)
    EXTI9_5_IRQHandler                       0x0800011b   Thumb Code     0  startup_stm32f103xb.o(.text)
    FLASH_IRQHandler                         0x0800011b   Thumb Code     0  startup_stm32f103xb.o(.text)
    I2C1_ER_IRQHandler                       0x0800011b   Thumb Code     0  startup_stm32f103xb.o(.text)
    I2C1_EV_IRQHandler                       0x0800011b   Thumb Code     0  startup_stm32f103xb.o(.text)
    I2C2_ER_IRQHandler                       0x0800011b   Thumb Code     0  startup_stm32f103xb.o(.text)
    I2C2_EV_IRQHandler                       0x0800011b   Thumb Code     0  startup_stm32f103xb.o(.text)
    PVD_IRQHandler                           0x0800011b   Thumb Code     0  startup_stm32f103xb.o(.text)
    RCC_IRQHandler                           0x0800011b   Thumb Code     0  startup_stm32f103xb.o(.text)
    RTC_Alarm_IRQHandler                     0x0800011b   Thumb Code     0  startup_stm32f103xb.o(.text)
    RTC_IRQHandler                           0x0800011b   Thumb Code     0  startup_stm32f103xb.o(.text)
    SPI1_IRQHandler                          0x0800011b   Thumb Code     0  startup_stm32f103xb.o(.text)
    SPI2_IRQHandler                          0x0800011b   Thumb Code     0  startup_stm32f103xb.o(.text)
    TAMPER_IRQHandler                        0x0800011b   Thumb Code     0  startup_stm32f103xb.o(.text)
    TIM1_BRK_IRQHandler                      0x0800011b   Thumb Code     0  startup_stm32f103xb.o(.text)
    TIM1_CC_IRQHandler                       0x0800011b   Thumb Code     0  startup_stm32f103xb.o(.text)
    TIM1_TRG_COM_IRQHandler                  0x0800011b   Thumb Code     0  startup_stm32f103xb.o(.text)
    TIM1_UP_IRQHandler                       0x0800011b   Thumb Code     0  startup_stm32f103xb.o(.text)
    TIM2_IRQHandler                          0x0800011b   Thumb Code     0  startup_stm32f103xb.o(.text)
    TIM3_IRQHandler                          0x0800011b   Thumb Code     0  startup_stm32f103xb.o(.text)
    TIM4_IRQHandler                          0x0800011b   Thumb Code     0  startup_stm32f103xb.o(.text)
    USART2_IRQHandler                        0x0800011b   Thumb Code     0  startup_stm32f103xb.o(.text)
    USART3_IRQHandler                        0x0800011b   Thumb Code     0  startup_stm32f103xb.o(.text)
    USBWakeUp_IRQHandler                     0x0800011b   Thumb Code     0  startup_stm32f103xb.o(.text)
    USB_HP_CAN1_TX_IRQHandler                0x0800011b   Thumb Code     0  startup_stm32f103xb.o(.text)
    USB_LP_CAN1_RX0_IRQHandler               0x0800011b   Thumb Code     0  startup_stm32f103xb.o(.text)
    WWDG_IRQHandler                          0x0800011b   Thumb Code     0  startup_stm32f103xb.o(.text)
    rt_hw_interrupt_disable                  0x08000125   Thumb Code     8  context_rvds.o(.text)
    rt_hw_interrupt_enable                   0x0800012d   Thumb Code     6  context_rvds.o(.text)
    rt_hw_context_switch                     0x08000133   Thumb Code    32  context_rvds.o(.text)
    rt_hw_context_switch_interrupt           0x08000133   Thumb Code     0  context_rvds.o(.text)
    PendSV_Handler                           0x08000153   Thumb Code    60  context_rvds.o(.text)
    rt_hw_context_switch_to                  0x0800018f   Thumb Code    58  context_rvds.o(.text)
    rt_hw_interrupt_thread_switch            0x080001c9   Thumb Code     2  context_rvds.o(.text)
    HardFault_Handler                        0x080001cb   Thumb Code    52  context_rvds.o(.text)
    __aeabi_llsr                             0x08000219   Thumb Code    32  llushr.o(.text)
    _ll_ushift_r                             0x08000219   Thumb Code     0  llushr.o(.text)
    __aeabi_memcpy                           0x08000239   Thumb Code    36  memcpya.o(.text)
    __aeabi_memcpy4                          0x08000239   Thumb Code     0  memcpya.o(.text)
    __aeabi_memcpy8                          0x08000239   Thumb Code     0  memcpya.o(.text)
    __aeabi_memset                           0x0800025d   Thumb Code    14  memseta.o(.text)
    __aeabi_memset4                          0x0800025d   Thumb Code     0  memseta.o(.text)
    __aeabi_memset8                          0x0800025d   Thumb Code     0  memseta.o(.text)
    __aeabi_memclr                           0x0800026b   Thumb Code     4  memseta.o(.text)
    __aeabi_memclr4                          0x0800026b   Thumb Code     0  memseta.o(.text)
    __aeabi_memclr8                          0x0800026b   Thumb Code     0  memseta.o(.text)
    _memset$wrapper                          0x0800026f   Thumb Code    18  memseta.o(.text)
    strcat                                   0x08000281   Thumb Code    24  strcat.o(.text)
    strncpy                                  0x08000299   Thumb Code    24  strncpy.o(.text)
    strlen                                   0x080002b1   Thumb Code    14  strlen.o(.text)
    strcpy                                   0x080002bf   Thumb Code    18  strcpy.o(.text)
    strncmp                                  0x080002d1   Thumb Code    30  strncmp.o(.text)
    __aeabi_dadd                             0x080002ef   Thumb Code   322  dadd.o(.text)
    __aeabi_dsub                             0x08000431   Thumb Code     6  dadd.o(.text)
    __aeabi_drsub                            0x08000437   Thumb Code     6  dadd.o(.text)
    __aeabi_dmul                             0x0800043d   Thumb Code   228  dmul.o(.text)
    __ARM_scalbn                             0x08000521   Thumb Code    46  dscalb.o(.text)
    scalbn                                   0x08000521   Thumb Code     0  dscalb.o(.text)
    __aeabi_i2d                              0x0800054f   Thumb Code    34  dflti.o(.text)
    __aeabi_d2f                              0x08000571   Thumb Code    56  d2f.o(.text)
    __aeabi_uidiv                            0x080005a9   Thumb Code     0  uidiv.o(.text)
    __aeabi_uidivmod                         0x080005a9   Thumb Code    44  uidiv.o(.text)
    __aeabi_llsl                             0x080005d5   Thumb Code    30  llshl.o(.text)
    _ll_shift_l                              0x080005d5   Thumb Code     0  llshl.o(.text)
    __aeabi_lasr                             0x080005f3   Thumb Code    36  llsshr.o(.text)
    _ll_sshift_r                             0x080005f3   Thumb Code     0  llsshr.o(.text)
    __I$use$fp                               0x08000617   Thumb Code     0  iusefp.o(.text)
    _float_round                             0x08000617   Thumb Code    18  fepilogue.o(.text)
    _float_epilogue                          0x08000629   Thumb Code    92  fepilogue.o(.text)
    _double_round                            0x08000685   Thumb Code    30  depilogue.o(.text)
    _double_epilogue                         0x080006a3   Thumb Code   156  depilogue.o(.text)
    __scatterload                            0x08000741   Thumb Code    28  init.o(.text)
    __scatterload_rt2                        0x08000741   Thumb Code     0  init.o(.text)
    main                                     0x08000765   Thumb Code    14  components.o(i.$Sub$$main)
    ADC_ConversionStop_Disable               0x08000775   Thumb Code    76  stm32f1xx_hal_adc.o(i.ADC_ConversionStop_Disable)
    ADC_Enable                               0x080007c1   Thumb Code   104  stm32f1xx_hal_adc.o(i.ADC_Enable)
    ANO_report                               0x08000831   Thumb Code   114  ano.o(i.ANO_report)
    ANO_send                                 0x080008a3   Thumb Code    92  ano.o(i.ANO_send)
    Adc_Init                                 0x08000901   Thumb Code   198  adc2.o(i.Adc_Init)
    BusFault_Handler                         0x080009d9   Thumb Code     2  stm32f1xx_it.o(i.BusFault_Handler)
    DebugMon_Handler                         0x080009db   Thumb Code     2  stm32f1xx_it.o(i.DebugMon_Handler)
    Error_Handler                            0x080009dd   Thumb Code     2  main.o(i.Error_Handler)
    Get_Adc                                  0x080009e1   Thumb Code    48  adc2.o(i.Get_Adc)
    Get_Adc_Average                          0x08000a15   Thumb Code    36  adc2.o(i.Get_Adc_Average)
    HAL_ADC_GetValue                         0x08000a39   Thumb Code     6  stm32f1xx_hal_adc.o(i.HAL_ADC_GetValue)
    HAL_ADC_PollForConversion                0x08000a41   Thumb Code   290  stm32f1xx_hal_adc.o(i.HAL_ADC_PollForConversion)
    HAL_ADC_Start                            0x08000b71   Thumb Code   184  stm32f1xx_hal_adc.o(i.HAL_ADC_Start)
    HAL_ADC_Stop                             0x08000c31   Thumb Code    52  stm32f1xx_hal_adc.o(i.HAL_ADC_Stop)
    HAL_GPIO_Init                            0x08000c65   Thumb Code   408  stm32f1xx_hal_gpio.o(i.HAL_GPIO_Init)
    HAL_GetTick                              0x08000e21   Thumb Code     6  stm32f1xx_hal.o(i.HAL_GetTick)
    HAL_Init                                 0x08000e2d   Thumb Code    32  stm32f1xx_hal.o(i.HAL_Init)
    HAL_InitTick                             0x08000e51   Thumb Code    54  stm32f1xx_hal.o(i.HAL_InitTick)
    HAL_MspInit                              0x08000e91   Thumb Code    52  stm32f1xx_hal_msp.o(i.HAL_MspInit)
    HAL_NVIC_EnableIRQ                       0x08000ecd   Thumb Code    22  stm32f1xx_hal_cortex.o(i.HAL_NVIC_EnableIRQ)
    HAL_NVIC_SetPriority                     0x08000ee5   Thumb Code    60  stm32f1xx_hal_cortex.o(i.HAL_NVIC_SetPriority)
    HAL_NVIC_SetPriorityGrouping             0x08000f25   Thumb Code    26  stm32f1xx_hal_cortex.o(i.HAL_NVIC_SetPriorityGrouping)
    HAL_RCCEx_GetPeriphCLKFreq               0x08000f49   Thumb Code   166  stm32f1xx_hal_rcc_ex.o(i.HAL_RCCEx_GetPeriphCLKFreq)
    HAL_RCCEx_PeriphCLKConfig                0x08001011   Thumb Code   224  stm32f1xx_hal_rcc_ex.o(i.HAL_RCCEx_PeriphCLKConfig)
    HAL_RCC_ClockConfig                      0x080010fd   Thumb Code   346  stm32f1xx_hal_rcc.o(i.HAL_RCC_ClockConfig)
    HAL_RCC_GetPCLK1Freq                     0x08001269   Thumb Code    20  stm32f1xx_hal_rcc.o(i.HAL_RCC_GetPCLK1Freq)
    HAL_RCC_GetPCLK2Freq                     0x08001289   Thumb Code    20  stm32f1xx_hal_rcc.o(i.HAL_RCC_GetPCLK2Freq)
    HAL_RCC_GetSysClockFreq                  0x080012a9   Thumb Code    74  stm32f1xx_hal_rcc.o(i.HAL_RCC_GetSysClockFreq)
    HAL_RCC_OscConfig                        0x08001315   Thumb Code   750  stm32f1xx_hal_rcc.o(i.HAL_RCC_OscConfig)
    HAL_SYSTICK_Config                       0x08001619   Thumb Code    40  stm32f1xx_hal_cortex.o(i.HAL_SYSTICK_Config)
    HAL_UART_Init                            0x08001641   Thumb Code    98  stm32f1xx_hal_uart.o(i.HAL_UART_Init)
    HAL_UART_MspInit                         0x080016a5   Thumb Code   116  usart.o(i.HAL_UART_MspInit)
    HAL_UART_Transmit                        0x08001725   Thumb Code   186  stm32f1xx_hal_uart.o(i.HAL_UART_Transmit)
    MX_GPIO_Init                             0x080017e1   Thumb Code    54  gpio.o(i.MX_GPIO_Init)
    MX_RT_Thread_Init                        0x0800181d   Thumb Code     2  app_rtthread.o(i.MX_RT_Thread_Init)
    MX_RT_Thread_Process                     0x08001821   Thumb Code   226  app_rtthread.o(i.MX_RT_Thread_Process)
    MX_USART1_UART_Init                      0x08001919   Thumb Code    48  usart.o(i.MX_USART1_UART_Init)
    MemManage_Handler                        0x08001951   Thumb Code     2  stm32f1xx_it.o(i.MemManage_Handler)
    NMI_Handler                              0x08001953   Thumb Code     2  stm32f1xx_it.o(i.NMI_Handler)
    PcTx_Byte                                0x08001975   Thumb Code    18  ano.o(i.PcTx_Byte)
    SVC_Handler                              0x0800198d   Thumb Code     2  stm32f1xx_it.o(i.SVC_Handler)
    SysTick_Handler                          0x0800198f   Thumb Code    18  board.o(i.SysTick_Handler)
    SystemClock_Config                       0x080019a1   Thumb Code    96  main.o(i.SystemClock_Config)
    SystemCoreClockUpdate                    0x08001a01   Thumb Code    82  system_stm32f1xx.o(i.SystemCoreClockUpdate)
    SystemInit                               0x08001a69   Thumb Code    56  system_stm32f1xx.o(i.SystemInit)
    USART1_IRQHandler                        0x08001c85   Thumb Code    20  drv_usart.o(i.USART1_IRQHandler)
    UsageFault_Handler                       0x08001c9d   Thumb Code     2  stm32f1xx_it.o(i.UsageFault_Handler)
    __0printf$3                              0x08001ca1   Thumb Code    22  printf3.o(i.__0printf$3)
    __1printf$3                              0x08001ca1   Thumb Code     0  printf3.o(i.__0printf$3)
    __2printf                                0x08001ca1   Thumb Code     0  printf3.o(i.__0printf$3)
    __0sprintf$3                             0x08001cc1   Thumb Code    34  printf3.o(i.__0sprintf$3)
    __1sprintf$3                             0x08001cc1   Thumb Code     0  printf3.o(i.__0sprintf$3)
    __2sprintf                               0x08001cc1   Thumb Code     0  printf3.o(i.__0sprintf$3)
    __rt_ffs                                 0x08001ce9   Thumb Code    62  kservice.o(i.__rt_ffs)
    __scatterload_copy                       0x08001d2d   Thumb Code    14  handlers.o(i.__scatterload_copy)
    __scatterload_null                       0x08001d3b   Thumb Code     2  handlers.o(i.__scatterload_null)
    __scatterload_zeroinit                   0x08001d3d   Thumb Code    14  handlers.o(i.__scatterload_zeroinit)
    adc_m                                    0x080024b9   Thumb Code    80  app_rtthread.o(i.adc_m)
    cmd_free                                 0x0800260d   Thumb Code    10  msh_cmd.o(i.cmd_free)
    cmd_ps                                   0x08002617   Thumb Code    10  msh_cmd.o(i.cmd_ps)
    cmd_time                                 0x08002621   Thumb Code     4  msh_cmd.o(i.cmd_time)
    finsh_get_prompt                         0x08002625   Thumb Code    66  shell.o(i.finsh_get_prompt)
    finsh_set_device                         0x08002699   Thumb Code   112  shell.o(i.finsh_set_device)
    finsh_set_prompt_mode                    0x08002731   Thumb Code    16  shell.o(i.finsh_set_prompt_mode)
    finsh_system_function_init               0x08002745   Thumb Code    10  shell.o(i.finsh_system_function_init)
    finsh_system_init                        0x08002759   Thumb Code    90  shell.o(i.finsh_system_init)
    finsh_thread_entry                       0x080027ed   Thumb Code   666  shell.o(i.finsh_thread_entry)
    fputc                                    0x08002ab1   Thumb Code    20  usart.o(i.fputc)
    hello                                    0x08002b41   Thumb Code    12  cmd.o(i.hello)
    list                                     0x08002b61   Thumb Code    48  cmd.o(i.list)
    list_device                              0x08002bb5   Thumb Code    18  cmd.o(i.list_device)
    list_mem                                 0x08002bc9   Thumb Code    32  mem.o(i.list_mem)
    list_sem                                 0x08002c35   Thumb Code    18  cmd.o(i.list_sem)
    list_thread                              0x08002c47   Thumb Code    18  cmd.o(i.list_thread)
    list_timer                               0x08002c59   Thumb Code    18  cmd.o(i.list_timer)
    $Super$$main                             0x08002c6b   Thumb Code    34  main.o(i.main)
    main_thread_entry                        0x08002c8d   Thumb Code    14  components.o(i.main_thread_entry)
    msh_auto_complete                        0x08002d75   Thumb Code   150  msh.o(i.msh_auto_complete)
    msh_exec                                 0x08002e21   Thumb Code    74  msh.o(i.msh_exec)
    msh_help                                 0x08002e85   Thumb Code    56  msh.o(i.msh_help)
    msh_is_used                              0x08002ef1   Thumb Code     4  msh.o(i.msh_is_used)
    rt_application_init                      0x08003199   Thumb Code    32  components.o(i.rt_application_init)
    rt_calloc                                0x080031c5   Thumb Code    26  mem.o(i.rt_calloc)
    rt_completion_done                       0x080031df   Thumb Code    58  completion.o(i.rt_completion_done)
    rt_completion_init                       0x08003219   Thumb Code    24  completion.o(i.rt_completion_init)
    rt_components_board_init                 0x08003231   Thumb Code    20  components.o(i.rt_components_board_init)
    rt_components_init                       0x0800324d   Thumb Code    20  components.o(i.rt_components_init)
    rt_console_get_device                    0x08003269   Thumb Code     6  kservice.o(i.rt_console_get_device)
    rt_console_set_device                    0x08003275   Thumb Code    36  kservice.o(i.rt_console_set_device)
    rt_device_close                          0x0800329d   Thumb Code    52  device.o(i.rt_device_close)
    rt_device_find                           0x080032d1   Thumb Code    84  device.o(i.rt_device_find)
    rt_device_open                           0x08003325   Thumb Code   118  device.o(i.rt_device_open)
    rt_device_read                           0x080033d5   Thumb Code    38  device.o(i.rt_device_read)
    rt_device_register                       0x080033fb   Thumb Code    52  device.o(i.rt_device_register)
    rt_device_set_rx_indicate                0x0800342f   Thumb Code     6  device.o(i.rt_device_set_rx_indicate)
    rt_device_write                          0x08003435   Thumb Code    38  device.o(i.rt_device_write)
    rt_enter_critical                        0x0800345d   Thumb Code    22  scheduler.o(i.rt_enter_critical)
    rt_exit_critical                         0x08003479   Thumb Code    44  scheduler.o(i.rt_exit_critical)
    rt_free                                  0x080034a9   Thumb Code   112  mem.o(i.rt_free)
    rt_heap_begin_get                        0x0800356d   Thumb Code     4  board.o(i.rt_heap_begin_get)
    rt_heap_end_get                          0x08003575   Thumb Code     4  board.o(i.rt_heap_end_get)
    rt_hw_board_init                         0x0800357d   Thumb Code    80  board.o(i.rt_hw_board_init)
    rt_hw_console_output                     0x080035dd   Thumb Code     2  kservice.o(i.rt_hw_console_output)
    rt_hw_hard_fault_exception               0x080035e1   Thumb Code   186  cpuport.o(i.rt_hw_hard_fault_exception)
    rt_hw_serial_isr                         0x080037dd   Thumb Code   174  serial.o(i.rt_hw_serial_isr)
    rt_hw_serial_register                    0x0800388d   Thumb Code    46  serial.o(i.rt_hw_serial_register)
    rt_hw_stack_init                         0x080038d5   Thumb Code    52  cpuport.o(i.rt_hw_stack_init)
    rt_hw_usart_init                         0x0800390d   Thumb Code    80  drv_usart.o(i.rt_hw_usart_init)
    rt_interrupt_enter                       0x08003969   Thumb Code    22  irq.o(i.rt_interrupt_enter)
    rt_interrupt_get_nest                    0x08003985   Thumb Code     6  irq.o(i.rt_interrupt_get_nest)
    rt_interrupt_leave                       0x08003991   Thumb Code    22  irq.o(i.rt_interrupt_leave)
    rt_kprintf                               0x080039ad   Thumb Code    64  kservice.o(i.rt_kprintf)
    rt_malloc                                0x08003a65   Thumb Code   232  mem.o(i.rt_malloc)
    rt_memmove                               0x08003b55   Thumb Code    50  kservice.o(i.rt_memmove)
    rt_memset                                0x08003b89   Thumb Code    70  kservice.o(i.rt_memset)
    rt_object_allocate                       0x08003bcf   Thumb Code    84  object.o(i.rt_object_allocate)
    rt_object_delete                         0x08003c23   Thumb Code    40  object.o(i.rt_object_delete)
    rt_object_detach                         0x08003c4b   Thumb Code    34  object.o(i.rt_object_detach)
    rt_object_get_information                0x08003c6d   Thumb Code    30  object.o(i.rt_object_get_information)
    rt_object_init                           0x08003c91   Thumb Code    62  object.o(i.rt_object_init)
    rt_object_is_systemobject                0x08003ccf   Thumb Code    16  object.o(i.rt_object_is_systemobject)
    rt_schedule                              0x08003ce1   Thumb Code    76  scheduler.o(i.rt_schedule)
    rt_schedule_insert_thread                0x08003d39   Thumb Code    70  scheduler.o(i.rt_schedule_insert_thread)
    rt_schedule_remove_thread                0x08003d89   Thumb Code    64  scheduler.o(i.rt_schedule_remove_thread)
    rt_sem_init                              0x08003dd1   Thumb Code    38  ipc.o(i.rt_sem_init)
    rt_sem_release                           0x08003df7   Thumb Code    54  ipc.o(i.rt_sem_release)
    rt_sem_take                              0x08003e2d   Thumb Code   178  ipc.o(i.rt_sem_take)
    rt_set_errno                             0x08004149   Thumb Code    26  kservice.o(i.rt_set_errno)
    rt_show_version                          0x08004169   Thumb Code    40  kservice.o(i.rt_show_version)
    rt_strlen                                0x08004219   Thumb Code    16  kservice.o(i.rt_strlen)
    rt_strncmp                               0x08004229   Thumb Code    32  kservice.o(i.rt_strncmp)
    rt_strncpy                               0x08004249   Thumb Code    38  kservice.o(i.rt_strncpy)
    rt_system_heap_init                      0x08004271   Thumb Code    96  mem.o(i.rt_system_heap_init)
    rt_system_scheduler_init                 0x0800431d   Thumb Code    44  scheduler.o(i.rt_system_scheduler_init)
    rt_system_scheduler_start                0x08004351   Thumb Code    32  scheduler.o(i.rt_system_scheduler_start)
    rt_system_timer_init                     0x08004379   Thumb Code     8  timer.o(i.rt_system_timer_init)
    rt_system_timer_thread_init              0x08004385   Thumb Code     2  timer.o(i.rt_system_timer_thread_init)
    rt_thread_create                         0x08004387   Thumb Code    72  thread.o(i.rt_thread_create)
    rt_thread_delay                          0x080043cf   Thumb Code     4  thread.o(i.rt_thread_delay)
    rt_thread_exit                           0x080043d5   Thumb Code    80  thread.o(i.rt_thread_exit)
    rt_thread_idle_excute                    0x08004435   Thumb Code   110  idle.o(i.rt_thread_idle_excute)
    rt_thread_idle_init                      0x080044a9   Thumb Code    40  idle.o(i.rt_thread_idle_init)
    rt_thread_init                           0x080044e1   Thumb Code    48  thread.o(i.rt_thread_init)
    rt_thread_resume                         0x08004511   Thumb Code    60  thread.o(i.rt_thread_resume)
    rt_thread_self                           0x0800454d   Thumb Code     6  thread.o(i.rt_thread_self)
    rt_thread_sleep                          0x08004559   Thumb Code    60  thread.o(i.rt_thread_sleep)
    rt_thread_startup                        0x08004599   Thumb Code    40  thread.o(i.rt_thread_startup)
    rt_thread_suspend                        0x080045c5   Thumb Code    66  thread.o(i.rt_thread_suspend)
    rt_thread_timeout                        0x08004607   Thumb Code    32  thread.o(i.rt_thread_timeout)
    rt_thread_yield                          0x08004629   Thumb Code    86  thread.o(i.rt_thread_yield)
    rt_tick_get                              0x08004689   Thumb Code     6  clock.o(i.rt_tick_get)
    rt_tick_increase                         0x08004695   Thumb Code    38  clock.o(i.rt_tick_increase)
    rt_timer_check                           0x080046c1   Thumb Code   104  timer.o(i.rt_timer_check)
    rt_timer_control                         0x0800472d   Thumb Code    52  timer.o(i.rt_timer_control)
    rt_timer_detach                          0x08004761   Thumb Code    32  timer.o(i.rt_timer_detach)
    rt_timer_init                            0x08004781   Thumb Code    40  timer.o(i.rt_timer_init)
    rt_timer_start                           0x080047a9   Thumb Code   142  timer.o(i.rt_timer_start)
    rt_timer_stop                            0x0800483d   Thumb Code    50  timer.o(i.rt_timer_stop)
    rt_vsnprintf                             0x08004871   Thumb Code   618  kservice.o(i.rt_vsnprintf)
    rtthread_startup                         0x08004af5   Thumb Code    42  components.o(i.rtthread_startup)
    send                                     0x08004b1f   Thumb Code    34  app_rtthread.o(i.send)
    version                                  0x08004dd9   Thumb Code    10  cmd.o(i.version)
    __fsym_adc_m_name                        0x08004de2   Data           6  app_rtthread.o(.constdata)
    __fsym___cmd_adc_m_name                  0x08004de8   Data          12  app_rtthread.o(.constdata)
    __fsym_send_name                         0x08004df4   Data           5  app_rtthread.o(.constdata)
    __fsym___cmd_send_name                   0x08004df9   Data          11  app_rtthread.o(.constdata)
    AHBPrescTable                            0x08004e1c   Data          16  system_stm32f1xx.o(.constdata)
    APBPrescTable                            0x08004e2c   Data           8  system_stm32f1xx.o(.constdata)
    __fsym_hello_name                        0x08004e34   Data           6  cmd.o(.constdata)
    __fsym_version_name                      0x08004e3a   Data           8  cmd.o(.constdata)
    __fsym___cmd_version_name                0x08004e42   Data          14  cmd.o(.constdata)
    __fsym_list_thread_name                  0x08004e50   Data          12  cmd.o(.constdata)
    __fsym___cmd_list_thread_name            0x08004e5c   Data          18  cmd.o(.constdata)
    __fsym_list_sem_name                     0x08004e6e   Data           9  cmd.o(.constdata)
    __fsym___cmd_list_sem_name               0x08004e77   Data          15  cmd.o(.constdata)
    __fsym_list_timer_name                   0x08004e86   Data          11  cmd.o(.constdata)
    __fsym___cmd_list_timer_name             0x08004e91   Data          17  cmd.o(.constdata)
    __fsym_list_device_name                  0x08004ea2   Data          12  cmd.o(.constdata)
    __fsym___cmd_list_device_name            0x08004eae   Data          18  cmd.o(.constdata)
    __fsym_list_name                         0x08004ec0   Data           5  cmd.o(.constdata)
    __fsym___cmd_help_name                   0x08004f18   Data          11  msh.o(.constdata)
    __fsym___cmd_ps_name                     0x08004f23   Data           9  msh_cmd.o(.constdata)
    __fsym___cmd_time_name                   0x08004f2c   Data          11  msh_cmd.o(.constdata)
    __fsym___cmd_free_name                   0x08004f37   Data          11  msh_cmd.o(.constdata)
    __lowest_bit_bitmap                      0x08004f42   Data         256  kservice.o(.constdata)
    __fsym_list_mem_name                     0x08005064   Data           9  mem.o(.constdata)
    __rt_init_rti_start                      0x080051d8   Data           4  components.o(.rti_fn.0)
    __rt_init_rti_board_start                0x080051dc   Data           4  components.o(.rti_fn.0.end)
    __rt_init_rti_board_end                  0x080051e0   Data           4  components.o(.rti_fn.1.end)
    __rt_init_finsh_system_init              0x080051e4   Data           4  shell.o(.rti_fn.6)
    __rt_init_rti_end                        0x080051e8   Data           4  components.o(.rti_fn.6.end)
    FSymTab$$Base                            0x080051ec   Number         0  app_rtthread.o(FSymTab)
    __fsym_adc_m                             0x080051ec   Data           8  app_rtthread.o(FSymTab)
    __fsym___cmd_adc_m                       0x080051f4   Data           8  app_rtthread.o(FSymTab)
    __fsym_send                              0x080051fc   Data           8  app_rtthread.o(FSymTab)
    __fsym___cmd_send                        0x08005204   Data           8  app_rtthread.o(FSymTab)
    __fsym_hello                             0x0800520c   Data           8  cmd.o(FSymTab)
    __fsym_version                           0x08005214   Data           8  cmd.o(FSymTab)
    __fsym___cmd_version                     0x0800521c   Data           8  cmd.o(FSymTab)
    __fsym_list_thread                       0x08005224   Data           8  cmd.o(FSymTab)
    __fsym___cmd_list_thread                 0x0800522c   Data           8  cmd.o(FSymTab)
    __fsym_list_sem                          0x08005234   Data           8  cmd.o(FSymTab)
    __fsym___cmd_list_sem                    0x0800523c   Data           8  cmd.o(FSymTab)
    __fsym_list_timer                        0x08005244   Data           8  cmd.o(FSymTab)
    __fsym___cmd_list_timer                  0x0800524c   Data           8  cmd.o(FSymTab)
    __fsym_list_device                       0x08005254   Data           8  cmd.o(FSymTab)
    __fsym___cmd_list_device                 0x0800525c   Data           8  cmd.o(FSymTab)
    __fsym_list                              0x08005264   Data           8  cmd.o(FSymTab)
    __fsym___cmd_help                        0x0800526c   Data           8  msh.o(FSymTab)
    __fsym___cmd_ps                          0x08005274   Data           8  msh_cmd.o(FSymTab)
    __fsym___cmd_time                        0x0800527c   Data           8  msh_cmd.o(FSymTab)
    __fsym___cmd_free                        0x08005284   Data           8  msh_cmd.o(FSymTab)
    __fsym_list_mem                          0x0800528c   Data           8  mem.o(FSymTab)
    FSymTab$$Limit                           0x08005294   Number         0  mem.o(FSymTab)
    Region$$Table$$Base                      0x08005294   Number         0  anon$$obj.o(Region$$Table)
    Region$$Table$$Limit                     0x080052b4   Number         0  anon$$obj.o(Region$$Table)
    uwTickFreq                               0x20000018   Data           1  stm32f1xx_hal.o(.data)
    uwTickPrio                               0x2000001c   Data           4  stm32f1xx_hal.o(.data)
    uwTick                                   0x20000020   Data           4  stm32f1xx_hal.o(.data)
    SystemCoreClock                          0x20000024   Data           4  system_stm32f1xx.o(.data)
    shell                                    0x2000002c   Data           4  shell.o(.data)
    _syscall_table_begin                     0x20000030   Data           4  symbol.o(.data)
    _syscall_table_end                       0x20000034   Data           4  symbol.o(.data)
    rt_interrupt_nest                        0x2000003c   Data           1  irq.o(.data)
    rt_current_priority                      0x200000a0   Data           1  scheduler.o(.data)
    rt_current_thread                        0x200000a4   Data           4  scheduler.o(.data)
    rt_thread_ready_priority_group           0x200000a8   Data           4  scheduler.o(.data)
    rt_thread_defunct                        0x200000ac   Data           8  scheduler.o(.data)
    rt_interrupt_from_thread                 0x200000c4   Data           4  cpuport.o(.data)
    rt_interrupt_to_thread                   0x200000c8   Data           4  cpuport.o(.data)
    rt_thread_switch_interrupt_flag          0x200000cc   Data           4  cpuport.o(.data)
    __stdout                                 0x200000d0   Data           4  stdout.o(.data)
    hadc1                                    0x200000d4   Data          48  adc.o(.bss)
    huart1                                   0x2000011c   Data          64  usart.o(.bss)
    rt_thread_priority_table                 0x20001cf4   Data         256  scheduler.o(.bss)
    __initial_sp                             0x200021f8   Data           0  startup_stm32f103xb.o(STACK)



==============================================================================

Memory Map of the image

  Image Entry point : 0x080000ed

  Load Region LR_IROM1 (Base: 0x08000000, Size: 0x00005388, Max: 0x00010000, ABSOLUTE)

    Execution Region ER_IROM1 (Exec base: 0x08000000, Load base: 0x08000000, Size: 0x000052b4, Max: 0x00010000, ABSOLUTE)

    Exec Addr    Load Addr    Size         Type   Attr      Idx    E Section Name        Object

    0x08000000   0x08000000   0x000000ec   Data   RO            3    RESET               startup_stm32f103xb.o
    0x080000ec   0x080000ec   0x00000000   Code   RO         3699  * .ARM.Collect$$$$00000000  mc_w.l(entry.o)
    0x080000ec   0x080000ec   0x00000004   Code   RO         3991    .ARM.Collect$$$$00000001  mc_w.l(entry2.o)
    0x080000f0   0x080000f0   0x00000004   Code   RO         3994    .ARM.Collect$$$$00000004  mc_w.l(entry5.o)
    0x080000f4   0x080000f4   0x00000000   Code   RO         3996    .ARM.Collect$$$$00000008  mc_w.l(entry7b.o)
    0x080000f4   0x080000f4   0x00000000   Code   RO         3998    .ARM.Collect$$$$0000000A  mc_w.l(entry8b.o)
    0x080000f4   0x080000f4   0x00000008   Code   RO         3999    .ARM.Collect$$$$0000000B  mc_w.l(entry9a.o)
    0x080000fc   0x080000fc   0x00000000   Code   RO         4001    .ARM.Collect$$$$0000000D  mc_w.l(entry10a.o)
    0x080000fc   0x080000fc   0x00000000   Code   RO         4003    .ARM.Collect$$$$0000000F  mc_w.l(entry11a.o)
    0x080000fc   0x080000fc   0x00000004   Code   RO         3992    .ARM.Collect$$$$00002712  mc_w.l(entry2.o)
    0x08000100   0x08000100   0x00000024   Code   RO            4    .text               startup_stm32f103xb.o
    0x08000124   0x08000124   0x000000f4   Code   RO         2679    .text               context_rvds.o
    0x08000218   0x08000218   0x00000020   Code   RO         3702    .text               mc_w.l(llushr.o)
    0x08000238   0x08000238   0x00000024   Code   RO         3704    .text               mc_w.l(memcpya.o)
    0x0800025c   0x0800025c   0x00000024   Code   RO         3706    .text               mc_w.l(memseta.o)
    0x08000280   0x08000280   0x00000018   Code   RO         3708    .text               mc_w.l(strcat.o)
    0x08000298   0x08000298   0x00000018   Code   RO         3710    .text               mc_w.l(strncpy.o)
    0x080002b0   0x080002b0   0x0000000e   Code   RO         3712    .text               mc_w.l(strlen.o)
    0x080002be   0x080002be   0x00000012   Code   RO         3714    .text               mc_w.l(strcpy.o)
    0x080002d0   0x080002d0   0x0000001e   Code   RO         3716    .text               mc_w.l(strncmp.o)
    0x080002ee   0x080002ee   0x0000014e   Code   RO         3981    .text               mf_w.l(dadd.o)
    0x0800043c   0x0800043c   0x000000e4   Code   RO         3983    .text               mf_w.l(dmul.o)
    0x08000520   0x08000520   0x0000002e   Code   RO         3985    .text               mf_w.l(dscalb.o)
    0x0800054e   0x0800054e   0x00000022   Code   RO         3987    .text               mf_w.l(dflti.o)
    0x08000570   0x08000570   0x00000038   Code   RO         3989    .text               mf_w.l(d2f.o)
    0x080005a8   0x080005a8   0x0000002c   Code   RO         4006    .text               mc_w.l(uidiv.o)
    0x080005d4   0x080005d4   0x0000001e   Code   RO         4010    .text               mc_w.l(llshl.o)
    0x080005f2   0x080005f2   0x00000024   Code   RO         4012    .text               mc_w.l(llsshr.o)
    0x08000616   0x08000616   0x00000000   Code   RO         4014    .text               mc_w.l(iusefp.o)
    0x08000616   0x08000616   0x0000006e   Code   RO         4015    .text               mf_w.l(fepilogue.o)
    0x08000684   0x08000684   0x000000ba   Code   RO         4017    .text               mf_w.l(depilogue.o)
    0x0800073e   0x0800073e   0x00000002   PAD
    0x08000740   0x08000740   0x00000024   Code   RO         4025    .text               mc_w.l(init.o)
    0x08000764   0x08000764   0x0000000e   Code   RO         2754    i.$Sub$$main        components.o
    0x08000772   0x08000772   0x00000002   PAD
    0x08000774   0x08000774   0x0000004c   Code   RO          722    i.ADC_ConversionStop_Disable  stm32f1xx_hal_adc.o
    0x080007c0   0x080007c0   0x00000070   Code   RO          726    i.ADC_Enable        stm32f1xx_hal_adc.o
    0x08000830   0x08000830   0x00000072   Code   RO          556    i.ANO_report        ano.o
    0x080008a2   0x080008a2   0x0000005c   Code   RO          557    i.ANO_send          ano.o
    0x080008fe   0x080008fe   0x00000002   PAD
    0x08000900   0x08000900   0x000000d8   Code   RO          650    i.Adc_Init          adc2.o
    0x080009d8   0x080009d8   0x00000002   Code   RO          392    i.BusFault_Handler  stm32f1xx_it.o
    0x080009da   0x080009da   0x00000002   Code   RO          393    i.DebugMon_Handler  stm32f1xx_it.o
    0x080009dc   0x080009dc   0x00000002   Code   RO           13    i.Error_Handler     main.o
    0x080009de   0x080009de   0x00000002   PAD
    0x080009e0   0x080009e0   0x00000034   Code   RO          651    i.Get_Adc           adc2.o
    0x08000a14   0x08000a14   0x00000024   Code   RO          652    i.Get_Adc_Average   adc2.o
    0x08000a38   0x08000a38   0x00000006   Code   RO          735    i.HAL_ADC_GetValue  stm32f1xx_hal_adc.o
    0x08000a3e   0x08000a3e   0x00000002   PAD
    0x08000a40   0x08000a40   0x00000130   Code   RO          741    i.HAL_ADC_PollForConversion  stm32f1xx_hal_adc.o
    0x08000b70   0x08000b70   0x000000c0   Code   RO          743    i.HAL_ADC_Start     stm32f1xx_hal_adc.o
    0x08000c30   0x08000c30   0x00000034   Code   RO          746    i.HAL_ADC_Stop      stm32f1xx_hal_adc.o
    0x08000c64   0x08000c64   0x000001bc   Code   RO         1663    i.HAL_GPIO_Init     stm32f1xx_hal_gpio.o
    0x08000e20   0x08000e20   0x0000000c   Code   RO         1371    i.HAL_GetTick       stm32f1xx_hal.o
    0x08000e2c   0x08000e2c   0x00000024   Code   RO         1376    i.HAL_Init          stm32f1xx_hal.o
    0x08000e50   0x08000e50   0x00000040   Code   RO         1377    i.HAL_InitTick      stm32f1xx_hal.o
    0x08000e90   0x08000e90   0x0000003c   Code   RO          450    i.HAL_MspInit       stm32f1xx_hal_msp.o
    0x08000ecc   0x08000ecc   0x00000016   Code   RO         1823    i.HAL_NVIC_EnableIRQ  stm32f1xx_hal_cortex.o
    0x08000ee2   0x08000ee2   0x00000002   PAD
    0x08000ee4   0x08000ee4   0x00000040   Code   RO         1829    i.HAL_NVIC_SetPriority  stm32f1xx_hal_cortex.o
    0x08000f24   0x08000f24   0x00000024   Code   RO         1830    i.HAL_NVIC_SetPriorityGrouping  stm32f1xx_hal_cortex.o
    0x08000f48   0x08000f48   0x000000c8   Code   RO         1625    i.HAL_RCCEx_GetPeriphCLKFreq  stm32f1xx_hal_rcc_ex.o
    0x08001010   0x08001010   0x000000ec   Code   RO         1626    i.HAL_RCCEx_PeriphCLKConfig  stm32f1xx_hal_rcc_ex.o
    0x080010fc   0x080010fc   0x0000016c   Code   RO         1523    i.HAL_RCC_ClockConfig  stm32f1xx_hal_rcc.o
    0x08001268   0x08001268   0x00000020   Code   RO         1530    i.HAL_RCC_GetPCLK1Freq  stm32f1xx_hal_rcc.o
    0x08001288   0x08001288   0x00000020   Code   RO         1531    i.HAL_RCC_GetPCLK2Freq  stm32f1xx_hal_rcc.o
    0x080012a8   0x080012a8   0x0000006c   Code   RO         1532    i.HAL_RCC_GetSysClockFreq  stm32f1xx_hal_rcc.o
    0x08001314   0x08001314   0x00000304   Code   RO         1535    i.HAL_RCC_OscConfig  stm32f1xx_hal_rcc.o
    0x08001618   0x08001618   0x00000028   Code   RO         1834    i.HAL_SYSTICK_Config  stm32f1xx_hal_cortex.o
    0x08001640   0x08001640   0x00000062   Code   RO         1059    i.HAL_UART_Init     stm32f1xx_hal_uart.o
    0x080016a2   0x080016a2   0x00000002   PAD
    0x080016a4   0x080016a4   0x00000080   Code   RO          345    i.HAL_UART_MspInit  usart.o
    0x08001724   0x08001724   0x000000ba   Code   RO         1067    i.HAL_UART_Transmit  stm32f1xx_hal_uart.o
    0x080017de   0x080017de   0x00000002   PAD
    0x080017e0   0x080017e0   0x0000003c   Code   RO          210    i.MX_GPIO_Init      gpio.o
    0x0800181c   0x0800181c   0x00000002   Code   RO          280    i.MX_RT_Thread_Init  app_rtthread.o
    0x0800181e   0x0800181e   0x00000002   PAD
    0x08001820   0x08001820   0x000000f8   Code   RO          281    i.MX_RT_Thread_Process  app_rtthread.o
    0x08001918   0x08001918   0x00000038   Code   RO          346    i.MX_USART1_UART_Init  usart.o
    0x08001950   0x08001950   0x00000002   Code   RO          394    i.MemManage_Handler  stm32f1xx_it.o
    0x08001952   0x08001952   0x00000002   Code   RO          395    i.NMI_Handler       stm32f1xx_it.o
    0x08001954   0x08001954   0x00000020   Code   RO         1836    i.NVIC_SetPriority  stm32f1xx_hal_cortex.o
    0x08001974   0x08001974   0x00000018   Code   RO          558    i.PcTx_Byte         ano.o
    0x0800198c   0x0800198c   0x00000002   Code   RO          396    i.SVC_Handler       stm32f1xx_it.o
    0x0800198e   0x0800198e   0x00000012   Code   RO         2683    i.SysTick_Handler   board.o
    0x080019a0   0x080019a0   0x00000060   Code   RO           14    i.SystemClock_Config  main.o
    0x08001a00   0x08001a00   0x00000068   Code   RO         2251    i.SystemCoreClockUpdate  system_stm32f1xx.o
    0x08001a68   0x08001a68   0x00000048   Code   RO         2252    i.SystemInit        system_stm32f1xx.o
    0x08001ab0   0x08001ab0   0x00000170   Code   RO         1085    i.UART_SetConfig    stm32f1xx_hal_uart.o
    0x08001c20   0x08001c20   0x00000064   Code   RO         1087    i.UART_WaitOnFlagUntilTimeout  stm32f1xx_hal_uart.o
    0x08001c84   0x08001c84   0x00000018   Code   RO          474    i.USART1_IRQHandler  drv_usart.o
    0x08001c9c   0x08001c9c   0x00000002   Code   RO          397    i.UsageFault_Handler  stm32f1xx_it.o
    0x08001c9e   0x08001c9e   0x00000002   PAD
    0x08001ca0   0x08001ca0   0x00000020   Code   RO         3809    i.__0printf$3       mc_w.l(printf3.o)
    0x08001cc0   0x08001cc0   0x00000028   Code   RO         3811    i.__0sprintf$3      mc_w.l(printf3.o)
    0x08001ce8   0x08001ce8   0x00000044   Code   RO         3042    i.__rt_ffs          kservice.o
    0x08001d2c   0x08001d2c   0x0000000e   Code   RO         4029    i.__scatterload_copy  mc_w.l(handlers.o)
    0x08001d3a   0x08001d3a   0x00000002   Code   RO         4030    i.__scatterload_null  mc_w.l(handlers.o)
    0x08001d3c   0x08001d3c   0x0000000e   Code   RO         4031    i.__scatterload_zeroinit  mc_w.l(handlers.o)
    0x08001d4a   0x08001d4a   0x00000002   PAD
    0x08001d4c   0x08001d4c   0x00000014   Code   RO         2911    i._has_defunct_thread  idle.o
    0x08001d60   0x08001d60   0x000000d4   Code   RO         2411    i._list_device      cmd.o
    0x08001e34   0x08001e34   0x0000010c   Code   RO         2412    i._list_sem         cmd.o
    0x08001f40   0x08001f40   0x00000158   Code   RO         2413    i._list_thread      cmd.o
    0x08002098   0x08002098   0x00000110   Code   RO         2414    i._list_timer       cmd.o
    0x080021a8   0x080021a8   0x0000009c   Code   RO         2514    i._msh_exec_cmd     msh.o
    0x08002244   0x08002244   0x000001b8   Code   RO         3816    i._printf_core      mc_w.l(printf3.o)
    0x080023fc   0x080023fc   0x00000080   Code   RO         3425    i._rt_thread_init   thread.o
    0x0800247c   0x0800247c   0x0000001e   Code   RO         3545    i._rt_timer_init    timer.o
    0x0800249a   0x0800249a   0x00000012   Code   RO         3546    i._rt_timer_remove  timer.o
    0x080024ac   0x080024ac   0x0000000a   Code   RO         3818    i._sputc            mc_w.l(printf3.o)
    0x080024b6   0x080024b6   0x00000002   PAD
    0x080024b8   0x080024b8   0x0000006c   Code   RO          282    i.adc_m             app_rtthread.o
    0x08002524   0x08002524   0x000000e8   Code   RO         3637    i.bus_fault_track   cpuport.o
    0x0800260c   0x0800260c   0x0000000a   Code   RO         2565    i.cmd_free          msh_cmd.o
    0x08002616   0x08002616   0x0000000a   Code   RO         2566    i.cmd_ps            msh_cmd.o
    0x08002620   0x08002620   0x00000004   Code   RO         2567    i.cmd_time          msh_cmd.o
    0x08002624   0x08002624   0x00000060   Code   RO         2288    i.finsh_get_prompt  shell.o
    0x08002684   0x08002684   0x00000014   Code   RO         2290    i.finsh_rx_ind      shell.o
    0x08002698   0x08002698   0x00000098   Code   RO         2291    i.finsh_set_device  shell.o
    0x08002730   0x08002730   0x00000014   Code   RO         2294    i.finsh_set_prompt_mode  shell.o
    0x08002744   0x08002744   0x00000014   Code   RO         2295    i.finsh_system_function_init  shell.o
    0x08002758   0x08002758   0x00000094   Code   RO         2296    i.finsh_system_init  shell.o
    0x080027ec   0x080027ec   0x000002c4   Code   RO         2298    i.finsh_thread_entry  shell.o
    0x08002ab0   0x08002ab0   0x00000018   Code   RO          347    i.fputc             usart.o
    0x08002ac8   0x08002ac8   0x00000078   Code   RO         3638    i.hard_fault_track  cpuport.o
    0x08002b40   0x08002b40   0x00000020   Code   RO         2415    i.hello             cmd.o
    0x08002b60   0x08002b60   0x00000054   Code   RO         2416    i.list              cmd.o
    0x08002bb4   0x08002bb4   0x00000012   Code   RO         2417    i.list_device       cmd.o
    0x08002bc6   0x08002bc6   0x00000002   PAD
    0x08002bc8   0x08002bc8   0x0000006c   Code   RO         3229    i.list_mem          mem.o
    0x08002c34   0x08002c34   0x00000012   Code   RO         2418    i.list_sem          cmd.o
    0x08002c46   0x08002c46   0x00000012   Code   RO         2419    i.list_thread       cmd.o
    0x08002c58   0x08002c58   0x00000012   Code   RO         2420    i.list_timer        cmd.o
    0x08002c6a   0x08002c6a   0x00000022   Code   RO           15    i.main              main.o
    0x08002c8c   0x08002c8c   0x0000000e   Code   RO         2755    i.main_thread_entry  components.o
    0x08002c9a   0x08002c9a   0x00000002   PAD
    0x08002c9c   0x08002c9c   0x000000d8   Code   RO         3639    i.mem_manage_fault_track  cpuport.o
    0x08002d74   0x08002d74   0x000000ac   Code   RO         2515    i.msh_auto_complete  msh.o
    0x08002e20   0x08002e20   0x00000064   Code   RO         2516    i.msh_exec          msh.o
    0x08002e84   0x08002e84   0x0000006c   Code   RO         2517    i.msh_help          msh.o
    0x08002ef0   0x08002ef0   0x00000004   Code   RO         2518    i.msh_is_used       msh.o
    0x08002ef4   0x08002ef4   0x000000d0   Code   RO         2519    i.msh_split         msh.o
    0x08002fc4   0x08002fc4   0x00000038   Code   RO         2421    i.object_name_maxlen  cmd.o
    0x08002ffc   0x08002ffc   0x00000018   Code   RO         2422    i.object_split      cmd.o
    0x08003014   0x08003014   0x00000054   Code   RO         3230    i.plug_holes        mem.o
    0x08003068   0x08003068   0x00000130   Code   RO         3044    i.print_number      kservice.o
    0x08003198   0x08003198   0x0000002c   Code   RO         2756    i.rt_application_init  components.o
    0x080031c4   0x080031c4   0x0000001a   Code   RO         3231    i.rt_calloc         mem.o
    0x080031de   0x080031de   0x0000003a   Code   RO         2652    i.rt_completion_done  completion.o
    0x08003218   0x08003218   0x00000018   Code   RO         2653    i.rt_completion_init  completion.o
    0x08003230   0x08003230   0x0000001c   Code   RO         2757    i.rt_components_board_init  components.o
    0x0800324c   0x0800324c   0x0000001c   Code   RO         2758    i.rt_components_init  components.o
    0x08003268   0x08003268   0x0000000c   Code   RO         3045    i.rt_console_get_device  kservice.o
    0x08003274   0x08003274   0x00000028   Code   RO         3046    i.rt_console_set_device  kservice.o
    0x0800329c   0x0800329c   0x00000034   Code   RO         2821    i.rt_device_close   device.o
    0x080032d0   0x080032d0   0x00000054   Code   RO         2825    i.rt_device_find    device.o
    0x08003324   0x08003324   0x000000b0   Code   RO         2828    i.rt_device_open    device.o
    0x080033d4   0x080033d4   0x00000026   Code   RO         2829    i.rt_device_read    device.o
    0x080033fa   0x080033fa   0x00000034   Code   RO         2830    i.rt_device_register  device.o
    0x0800342e   0x0800342e   0x00000006   Code   RO         2831    i.rt_device_set_rx_indicate  device.o
    0x08003434   0x08003434   0x00000026   Code   RO         2834    i.rt_device_write   device.o
    0x0800345a   0x0800345a   0x00000002   PAD
    0x0800345c   0x0800345c   0x0000001c   Code   RO         3364    i.rt_enter_critical  scheduler.o
    0x08003478   0x08003478   0x00000030   Code   RO         3365    i.rt_exit_critical  scheduler.o
    0x080034a8   0x080034a8   0x000000c4   Code   RO         3232    i.rt_free           mem.o
    0x0800356c   0x0800356c   0x00000008   Code   RO         2684    i.rt_heap_begin_get  board.o
    0x08003574   0x08003574   0x00000008   Code   RO         2685    i.rt_heap_end_get   board.o
    0x0800357c   0x0800357c   0x00000060   Code   RO         2686    i.rt_hw_board_init  board.o
    0x080035dc   0x080035dc   0x00000002   Code   RO         3049    i.rt_hw_console_output  kservice.o
    0x080035de   0x080035de   0x00000002   PAD
    0x080035e0   0x080035e0   0x000001fc   Code   RO         3643    i.rt_hw_hard_fault_exception  cpuport.o
    0x080037dc   0x080037dc   0x000000ae   Code   RO         2601    i.rt_hw_serial_isr  serial.o
    0x0800388a   0x0800388a   0x00000002   PAD
    0x0800388c   0x0800388c   0x00000048   Code   RO         2602    i.rt_hw_serial_register  serial.o
    0x080038d4   0x080038d4   0x00000038   Code   RO         3644    i.rt_hw_stack_init  cpuport.o
    0x0800390c   0x0800390c   0x0000005c   Code   RO          475    i.rt_hw_usart_init  drv_usart.o
    0x08003968   0x08003968   0x0000001c   Code   RO         3015    i.rt_interrupt_enter  irq.o
    0x08003984   0x08003984   0x0000000c   Code   RO         3016    i.rt_interrupt_get_nest  irq.o
    0x08003990   0x08003990   0x0000001c   Code   RO         3017    i.rt_interrupt_leave  irq.o
    0x080039ac   0x080039ac   0x00000048   Code   RO         3050    i.rt_kprintf        kservice.o
    0x080039f4   0x080039f4   0x0000000e   Code   RO         3288    i.rt_list_insert_after  object.o
    0x08003a02   0x08003a02   0x0000000e   Code   RO         3426    i.rt_list_insert_after  thread.o
    0x08003a10   0x08003a10   0x0000000e   Code   RO         3547    i.rt_list_insert_after  timer.o
    0x08003a1e   0x08003a1e   0x0000000e   Code   RO         2952    i.rt_list_insert_before  ipc.o
    0x08003a2c   0x08003a2c   0x00000012   Code   RO         2423    i.rt_list_len       cmd.o
    0x08003a3e   0x08003a3e   0x00000012   Code   RO         3289    i.rt_list_remove    object.o
    0x08003a50   0x08003a50   0x00000012   Code   RO         3427    i.rt_list_remove    thread.o
    0x08003a62   0x08003a62   0x00000002   PAD
    0x08003a64   0x08003a64   0x000000f0   Code   RO         3233    i.rt_malloc         mem.o
    0x08003b54   0x08003b54   0x00000032   Code   RO         3055    i.rt_memmove        kservice.o
    0x08003b86   0x08003b86   0x00000002   PAD
    0x08003b88   0x08003b88   0x00000046   Code   RO         3056    i.rt_memset         kservice.o
    0x08003bce   0x08003bce   0x00000054   Code   RO         3290    i.rt_object_allocate  object.o
    0x08003c22   0x08003c22   0x00000028   Code   RO         3291    i.rt_object_delete  object.o
    0x08003c4a   0x08003c4a   0x00000022   Code   RO         3292    i.rt_object_detach  object.o
    0x08003c6c   0x08003c6c   0x00000024   Code   RO         3294    i.rt_object_get_information  object.o
    0x08003c90   0x08003c90   0x0000003e   Code   RO         3296    i.rt_object_init    object.o
    0x08003cce   0x08003cce   0x00000010   Code   RO         3297    i.rt_object_is_systemobject  object.o
    0x08003cde   0x08003cde   0x00000002   PAD
    0x08003ce0   0x08003ce0   0x00000058   Code   RO         3366    i.rt_schedule       scheduler.o
    0x08003d38   0x08003d38   0x00000050   Code   RO         3367    i.rt_schedule_insert_thread  scheduler.o
    0x08003d88   0x08003d88   0x00000048   Code   RO         3368    i.rt_schedule_remove_thread  scheduler.o
    0x08003dd0   0x08003dd0   0x00000026   Code   RO         2957    i.rt_sem_init       ipc.o
    0x08003df6   0x08003df6   0x00000036   Code   RO         2958    i.rt_sem_release    ipc.o
    0x08003e2c   0x08003e2c   0x000000b2   Code   RO         2959    i.rt_sem_take       ipc.o
    0x08003ede   0x08003ede   0x0000005c   Code   RO         2603    i.rt_serial_close   serial.o
    0x08003f3a   0x08003f3a   0x00000064   Code   RO         2604    i.rt_serial_control  serial.o
    0x08003f9e   0x08003f9e   0x0000001a   Code   RO         2605    i.rt_serial_init    serial.o
    0x08003fb8   0x08003fb8   0x000000d6   Code   RO         2606    i.rt_serial_open    serial.o
    0x0800408e   0x0800408e   0x00000002   PAD
    0x08004090   0x08004090   0x00000072   Code   RO         2607    i.rt_serial_read    serial.o
    0x08004102   0x08004102   0x00000044   Code   RO         2608    i.rt_serial_write   serial.o
    0x08004146   0x08004146   0x00000002   PAD
    0x08004148   0x08004148   0x00000020   Code   RO         3057    i.rt_set_errno      kservice.o
    0x08004168   0x08004168   0x000000b0   Code   RO         3058    i.rt_show_version   kservice.o
    0x08004218   0x08004218   0x00000010   Code   RO         3064    i.rt_strlen         kservice.o
    0x08004228   0x08004228   0x00000020   Code   RO         3065    i.rt_strncmp        kservice.o
    0x08004248   0x08004248   0x00000026   Code   RO         3066    i.rt_strncpy        kservice.o
    0x0800426e   0x0800426e   0x00000002   PAD
    0x08004270   0x08004270   0x000000ac   Code   RO         3236    i.rt_system_heap_init  mem.o
    0x0800431c   0x0800431c   0x00000034   Code   RO         3369    i.rt_system_scheduler_init  scheduler.o
    0x08004350   0x08004350   0x00000028   Code   RO         3370    i.rt_system_scheduler_start  scheduler.o
    0x08004378   0x08004378   0x0000000c   Code   RO         3548    i.rt_system_timer_init  timer.o
    0x08004384   0x08004384   0x00000002   Code   RO         3549    i.rt_system_timer_thread_init  timer.o
    0x08004386   0x08004386   0x00000048   Code   RO         3429    i.rt_thread_create  thread.o
    0x080043ce   0x080043ce   0x00000004   Code   RO         3430    i.rt_thread_delay   thread.o
    0x080043d2   0x080043d2   0x00000002   PAD
    0x080043d4   0x080043d4   0x00000058   Code   RO         3433    i.rt_thread_exit    thread.o
    0x0800442c   0x0800442c   0x00000006   Code   RO         2912    i.rt_thread_idle_entry  idle.o
    0x08004432   0x08004432   0x00000002   PAD
    0x08004434   0x08004434   0x00000074   Code   RO         2913    i.rt_thread_idle_excute  idle.o
    0x080044a8   0x080044a8   0x00000038   Code   RO         2915    i.rt_thread_idle_init  idle.o
    0x080044e0   0x080044e0   0x00000030   Code   RO         3435    i.rt_thread_init    thread.o
    0x08004510   0x08004510   0x0000003c   Code   RO         3437    i.rt_thread_resume  thread.o
    0x0800454c   0x0800454c   0x0000000c   Code   RO         3438    i.rt_thread_self    thread.o
    0x08004558   0x08004558   0x00000040   Code   RO         3439    i.rt_thread_sleep   thread.o
    0x08004598   0x08004598   0x0000002c   Code   RO         3440    i.rt_thread_startup  thread.o
    0x080045c4   0x080045c4   0x00000042   Code   RO         3441    i.rt_thread_suspend  thread.o
    0x08004606   0x08004606   0x00000020   Code   RO         3442    i.rt_thread_timeout  thread.o
    0x08004626   0x08004626   0x00000002   PAD
    0x08004628   0x08004628   0x00000060   Code   RO         3443    i.rt_thread_yield   thread.o
    0x08004688   0x08004688   0x0000000c   Code   RO         2718    i.rt_tick_get       clock.o
    0x08004694   0x08004694   0x0000002c   Code   RO         2719    i.rt_tick_increase  clock.o
    0x080046c0   0x080046c0   0x0000006c   Code   RO         3550    i.rt_timer_check    timer.o
    0x0800472c   0x0800472c   0x00000034   Code   RO         3551    i.rt_timer_control  timer.o
    0x08004760   0x08004760   0x00000020   Code   RO         3554    i.rt_timer_detach   timer.o
    0x08004780   0x08004780   0x00000028   Code   RO         3555    i.rt_timer_init     timer.o
    0x080047a8   0x080047a8   0x00000094   Code   RO         3557    i.rt_timer_start    timer.o
    0x0800483c   0x0800483c   0x00000032   Code   RO         3558    i.rt_timer_stop     timer.o
    0x0800486e   0x0800486e   0x00000002   PAD
    0x08004870   0x08004870   0x00000274   Code   RO         3069    i.rt_vsnprintf      kservice.o
    0x08004ae4   0x08004ae4   0x00000004   Code   RO         2759    i.rti_board_end     components.o
    0x08004ae8   0x08004ae8   0x00000004   Code   RO         2760    i.rti_board_start   components.o
    0x08004aec   0x08004aec   0x00000004   Code   RO         2761    i.rti_end           components.o
    0x08004af0   0x08004af0   0x00000004   Code   RO         2762    i.rti_start         components.o
    0x08004af4   0x08004af4   0x0000002a   Code   RO         2763    i.rtthread_startup  components.o
    0x08004b1e   0x08004b1e   0x00000022   Code   RO          283    i.send              app_rtthread.o
    0x08004b40   0x08004b40   0x00000028   Code   RO         3071    i.skip_atoi         kservice.o
    0x08004b68   0x08004b68   0x00000074   Code   RO          476    i.stm32_configure   drv_usart.o
    0x08004bdc   0x08004bdc   0x00000054   Code   RO          477    i.stm32_control     drv_usart.o
    0x08004c30   0x08004c30   0x00000016   Code   RO          478    i.stm32_getc        drv_usart.o
    0x08004c46   0x08004c46   0x0000001c   Code   RO          479    i.stm32_putc        drv_usart.o
    0x08004c62   0x08004c62   0x000000a6   Code   RO          480    i.uart_isr          drv_usart.o
    0x08004d08   0x08004d08   0x000000d0   Code   RO         3645    i.usage_fault_track  cpuport.o
    0x08004dd8   0x08004dd8   0x0000000a   Code   RO         2424    i.version           cmd.o
    0x08004de2   0x08004de2   0x00000006   Data   RO          285    .constdata          app_rtthread.o
    0x08004de8   0x08004de8   0x0000000c   Data   RO          286    .constdata          app_rtthread.o
    0x08004df4   0x08004df4   0x00000005   Data   RO          287    .constdata          app_rtthread.o
    0x08004df9   0x08004df9   0x0000000b   Data   RO          288    .constdata          app_rtthread.o
    0x08004e04   0x08004e04   0x00000018   Data   RO          482    .constdata          drv_usart.o
    0x08004e1c   0x08004e1c   0x00000010   Data   RO         2253    .constdata          system_stm32f1xx.o
    0x08004e2c   0x08004e2c   0x00000008   Data   RO         2254    .constdata          system_stm32f1xx.o
    0x08004e34   0x08004e34   0x00000006   Data   RO         2425    .constdata          cmd.o
    0x08004e3a   0x08004e3a   0x00000008   Data   RO         2426    .constdata          cmd.o
    0x08004e42   0x08004e42   0x0000000e   Data   RO         2427    .constdata          cmd.o
    0x08004e50   0x08004e50   0x0000000c   Data   RO         2428    .constdata          cmd.o
    0x08004e5c   0x08004e5c   0x00000012   Data   RO         2429    .constdata          cmd.o
    0x08004e6e   0x08004e6e   0x00000009   Data   RO         2430    .constdata          cmd.o
    0x08004e77   0x08004e77   0x0000000f   Data   RO         2431    .constdata          cmd.o
    0x08004e86   0x08004e86   0x0000000b   Data   RO         2432    .constdata          cmd.o
    0x08004e91   0x08004e91   0x00000011   Data   RO         2433    .constdata          cmd.o
    0x08004ea2   0x08004ea2   0x0000000c   Data   RO         2434    .constdata          cmd.o
    0x08004eae   0x08004eae   0x00000012   Data   RO         2435    .constdata          cmd.o
    0x08004ec0   0x08004ec0   0x00000005   Data   RO         2436    .constdata          cmd.o
    0x08004ec5   0x08004ec5   0x00000003   PAD
    0x08004ec8   0x08004ec8   0x00000050   Data   RO         2437    .constdata          cmd.o
    0x08004f18   0x08004f18   0x0000000b   Data   RO         2520    .constdata          msh.o
    0x08004f23   0x08004f23   0x00000009   Data   RO         2568    .constdata          msh_cmd.o
    0x08004f2c   0x08004f2c   0x0000000b   Data   RO         2569    .constdata          msh_cmd.o
    0x08004f37   0x08004f37   0x0000000b   Data   RO         2570    .constdata          msh_cmd.o
    0x08004f42   0x08004f42   0x00000122   Data   RO         3073    .constdata          kservice.o
    0x08005064   0x08005064   0x00000009   Data   RO         3238    .constdata          mem.o
    0x0800506d   0x0800506d   0x00000003   PAD
    0x08005070   0x08005070   0x00000006   Data   RO          483    .conststring        drv_usart.o
    0x08005076   0x08005076   0x00000002   PAD
    0x08005078   0x08005078   0x0000015d   Data   RO         2438    .conststring        cmd.o
    0x080051d5   0x080051d5   0x00000003   PAD
    0x080051d8   0x080051d8   0x00000004   Data   RO         2764    .rti_fn.0           components.o
    0x080051dc   0x080051dc   0x00000004   Data   RO         2765    .rti_fn.0.end       components.o
    0x080051e0   0x080051e0   0x00000004   Data   RO         2766    .rti_fn.1.end       components.o
    0x080051e4   0x080051e4   0x00000004   Data   RO         2301    .rti_fn.6           shell.o
    0x080051e8   0x080051e8   0x00000004   Data   RO         2767    .rti_fn.6.end       components.o
    0x080051ec   0x080051ec   0x00000020   Data   RO          290    FSymTab             app_rtthread.o
    0x0800520c   0x0800520c   0x00000060   Data   RO         2439    FSymTab             cmd.o
    0x0800526c   0x0800526c   0x00000008   Data   RO         2521    FSymTab             msh.o
    0x08005274   0x08005274   0x00000018   Data   RO         2571    FSymTab             msh_cmd.o
    0x0800528c   0x0800528c   0x00000008   Data   RO         3240    FSymTab             mem.o
    0x08005294   0x08005294   0x00000020   Data   RO         4027    Region$$Table       anon$$obj.o


    Execution Region RW_IRAM1 (Exec base: 0x20000000, Load base: 0x080052b4, Size: 0x000021f8, Max: 0x00005000, ABSOLUTE)

    Exec Addr    Load Addr    Size         Type   Attr      Idx    E Section Name        Object

    0x20000000   0x080052b4   0x00000008   Data   RW          289    .data               app_rtthread.o
    0x20000008   0x080052bc   0x00000010   Data   RW          484    .data               drv_usart.o
    0x20000018   0x080052cc   0x0000000c   Data   RW         1383    .data               stm32f1xx_hal.o
    0x20000024   0x080052d8   0x00000004   Data   RW         2255    .data               system_stm32f1xx.o
    0x20000028   0x080052dc   0x00000008   Data   RW         2300    .data               shell.o
    0x20000030   0x080052e4   0x00000004   Data   RW         2392    .data               symbol.o
    0x20000034   0x080052e8   0x00000004   Data   RW         2393    .data               symbol.o
    0x20000038   0x080052ec   0x00000004   Data   RW         2721    .data               clock.o
    0x2000003c   0x080052f0   0x00000001   Data   RW         3018    .data               irq.o
    0x2000003d   0x080052f1   0x00000003   PAD
    0x20000040   0x080052f4   0x00000008   Data   RW         3074    .data               kservice.o
    0x20000048   0x080052fc   0x00000018   Data   RW         3239    .data               mem.o
    0x20000060   0x08005314   0x00000040   Data   RW         3299    .data               object.o
    0x200000a0   0x08005354   0x00000014   Data   RW         3372    .data               scheduler.o
    0x200000b4   0x08005368   0x0000000c   Data   RW         3559    .data               timer.o
    0x200000c0   0x08005374   0x00000004   Data   RW         3646    .data               cpuport.o
    0x200000c4   0x08005378   0x00000004   Data   RW         3647    .data               cpuport.o
    0x200000c8   0x0800537c   0x00000004   Data   RW         3648    .data               cpuport.o
    0x200000cc   0x08005380   0x00000004   Data   RW         3649    .data               cpuport.o
    0x200000d0   0x08005384   0x00000004   Data   RW         4005    .data               mc_w.l(stdout.o)
    0x200000d4        -       0x00000030   Zero   RW          241    .bss                adc.o
    0x20000104        -       0x00000018   Zero   RW          284    .bss                app_rtthread.o
    0x2000011c        -       0x00000040   Zero   RW          348    .bss                usart.o
    0x2000015c        -       0x000000b4   Zero   RW          481    .bss                drv_usart.o
    0x20000210        -       0x00000081   Zero   RW         2299    .bss                shell.o
    0x20000291   0x08005388   0x00000003   PAD
    0x20000294        -       0x00001800   Zero   RW         2687    .bss                board.o
    0x20001a94        -       0x000001a8   Zero   RW         2916    .bss                idle.o
    0x20001c3c        -       0x00000080   Zero   RW         3072    .bss                kservice.o
    0x20001cbc        -       0x00000038   Zero   RW         3237    .bss                mem.o
    0x20001cf4        -       0x00000100   Zero   RW         3371    .bss                scheduler.o
    0x20001df4   0x08005388   0x00000004   PAD
    0x20001df8        -       0x00000400   Zero   RW            1    STACK               startup_stm32f103xb.o


==============================================================================

Image component sizes


      Code (inc. data)   RO Data    RW Data    ZI Data      Debug   Object Name

         0          0          0          0         48        168   adc.o
       304         22          0          0          0       1479   adc2.o
       230          6          0          0          0       2520   ano.o
       392         50         66          8         24       2940   app_rtthread.o
       130         24          0          0       6144       2937   board.o
        56         12          0          4          0       1181   clock.o
      1392        616        670          0          0      13729   cmd.o
        82          0          0          0          0       4514   completion.o
       186         28         16          0          0       5710   components.o
       244         26          0          0          0        788   context_rvds.o
      1340        718          0         16          0       5550   cpuport.o
       446         58          0          0          0       5544   device.o
       532         16         30         16        180      29858   drv_usart.o
        60          6          0          0          0       1939   gpio.o
       198         26          0          0        424       5510   idle.o
       284          0          0          0          0       3701   ipc.o
        68         18          0          1          0       2050   irq.o
      1580        180        290          8        128      13738   kservice.o
       132          0          0          0          0     429994   main.o
       826        248         17         24         56       5142   mem.o
       748        152         19          0          0       6167   msh.o
        24          0         55          0          0       2688   msh_cmd.o
       304          6          0         64          0       8184   object.o
       408         56          0         20        256       8030   scheduler.o
       860         26          0          0          0       7887   serial.o
      1164        190          4          8        129       6872   shell.o
        36          8        236          0       1024        764   startup_stm32f103xb.o
       112         20          0         12          0       4579   stm32f1xx_hal.o
       742         30          0          0          0       4892   stm32f1xx_hal_adc.o
       194         14          0          0          0      25523   stm32f1xx_hal_cortex.o
       444         36          0          0          0       2176   stm32f1xx_hal_gpio.o
        60          8          0          0          0        766   stm32f1xx_hal_msp.o
      1308         98          0          0          0       4988   stm32f1xx_hal_rcc.o
       436         46          0          0          0       2421   stm32f1xx_hal_rcc_ex.o
       752          4          0          0          0       3724   stm32f1xx_hal_uart.o
        12          0          0          0          0       2287   stm32f1xx_it.o
         0          0          0          8          0       4997   symbol.o
       176         38         24          4          0       1627   system_stm32f1xx.o
       746         42          0          0          0      11716   thread.o
       506         14          0         12          0      10120   timer.o
       208         24          0          0         64       1962   usart.o

    ----------------------------------------------------------------------
     17770       2866       1470        208       8484     661362   Object Totals
         0          0         32          0          0          0   (incl. Generated)
        48          0         11          3          7          0   (incl. Padding)

    ----------------------------------------------------------------------

      Code (inc. data)   RO Data    RW Data    ZI Data      Debug   Library Member Name

         0          0          0          0          0          0   entry.o
         0          0          0          0          0          0   entry10a.o
         0          0          0          0          0          0   entry11a.o
         8          4          0          0          0          0   entry2.o
         4          0          0          0          0          0   entry5.o
         0          0          0          0          0          0   entry7b.o
         0          0          0          0          0          0   entry8b.o
         8          4          0          0          0          0   entry9a.o
        30          0          0          0          0          0   handlers.o
        36          8          0          0          0         68   init.o
         0          0          0          0          0          0   iusefp.o
        30          0          0          0          0         68   llshl.o
        36          0          0          0          0         68   llsshr.o
        32          0          0          0          0         68   llushr.o
        36          0          0          0          0         68   memcpya.o
        36          0          0          0          0        108   memseta.o
       522         20          0          0          0        336   printf3.o
         0          0          0          4          0          0   stdout.o
        24          0          0          0          0         68   strcat.o
        18          0          0          0          0         68   strcpy.o
        14          0          0          0          0         68   strlen.o
        30          0          0          0          0         80   strncmp.o
        24          0          0          0          0         76   strncpy.o
        44          0          0          0          0         80   uidiv.o
        56          0          0          0          0         88   d2f.o
       334          0          0          0          0        148   dadd.o
       186          0          0          0          0        176   depilogue.o
        34          0          0          0          0         76   dflti.o
       228          0          0          0          0         96   dmul.o
        46          0          0          0          0         80   dscalb.o
       110          0          0          0          0        168   fepilogue.o

    ----------------------------------------------------------------------
      1932         36          0          4          0       2056   Library Totals
         6          0          0          0          0          0   (incl. Padding)

    ----------------------------------------------------------------------

      Code (inc. data)   RO Data    RW Data    ZI Data      Debug   Library Name

       932         36          0          4          0       1224   mc_w.l
       994          0          0          0          0        832   mf_w.l

    ----------------------------------------------------------------------
      1932         36          0          4          0       2056   Library Totals

    ----------------------------------------------------------------------

==============================================================================


      Code (inc. data)   RO Data    RW Data    ZI Data      Debug   

     19702       2902       1470        212       8484     652234   Grand Totals
     19702       2902       1470        212       8484     652234   ELF Image Totals
     19702       2902       1470        212          0          0   ROM Totals

==============================================================================

    Total RO  Size (Code + RO Data)                21172 (  20.68kB)
    Total RW  Size (RW Data + ZI Data)              8696 (   8.49kB)
    Total ROM Size (Code + RO Data + RW Data)      21384 (  20.88kB)

==============================================================================

